<?xml version="1.0" encoding="utf-8"?>
<TestRun id="f1079d99-34cc-45b4-b36e-461a6e4f8118" name="Micha@MICH_S_YOGA 2026-08-13 06:20:28" runUser="MICH_S_YOGA\Micha" xmlns="http://microsoft.com/schemas/VisualStudio/TeamTest/2010">
  <Times creation="2026-08-13T06:20:28.4719605+09:00" queuing="2026-08-13T06:20:28.4719613+09:00" start="2026-08-13T06:20:26.2408877+09:00" finish="2026-08-13T06:20:44.4532265+09:00" />
  <TestSettings name="default" id="b7882605-9571-48c9-b51b-29eb466264ca">
    <Deployment runDeploymentRoot="Micha_MICH_S_YOGA_2026-08-13_06_20_28" />
  </TestSettings>
  <Results>
    <UnitTestResult executionId="1124bd1b-a356-42d8-9724-a41f6e832525" testId="cd9fe552-49ba-1d17-ec86-6f7b8c828d72" testName="CcpClient.HeadlessTests.FeaturePopupHeadlessTests.NestedList_ScrollsItself_ThenChainsToPopup" computerName="MICH_S_YOGA" duration="00:00:00.3233179" startTime="2026-08-13T06:20:37.4941672+09:00" endTime="2026-08-13T06:20:37.8176342+09:00" testType="13cdc9d9-ddb5-4fa4-a97d-d965ccfc6d4b" outcome="Passed" testListId="8c84fa94-04c1-424b-9868-57a2d4851a1d" relativeResultsDirectory="1124bd1b-a356-42d8-9724-a41f6e832525" />
    <UnitTestResult executionId="84b6e67f-aeb9-47f5-bcb1-66855956033c" testId="035e6bde-e96c-f9bc-c00a-a00fbbef97ad" testName="CcpClient.HeadlessTests.FeaturePopupHeadlessTests.Escape_And_CloseButton_BothClose_ThroughTheOnePath" computerName="MICH_S_YOGA" duration="00:00:00.3006632" startTime="2026-08-13T06:20:37.0383822+09:00" endTime="2026-08-13T06:20:37.3391592+09:00" testType="13cdc9d9-ddb5-4fa4-a97d-d965ccfc6d4b" outcome="Passed" testListId="8c84fa94-04c1-424b-9868-57a2d4851a1d" relativeResultsDirectory="84b6e67f-aeb9-47f5-bcb1-66855956033c" />
    <UnitTestResult executionId="e7bacbc8-bca2-49bb-9a38-c341d1b42123" testId="1214411f-fe42-50b5-c40b-103b87443a40" testName="CcpClient.HeadlessTests.DtrhSlotPickerHeadlessTests.RankName_MatchesWpfThresholds" computerName="MICH_S_YOGA" duration="00:00:00.0274116" startTime="2026-08-13T06:20:28.1387293+09:00" endTime="2026-08-13T06:20:28.1834937+09:00" testType="13cdc9d9-ddb5-4fa4-a97d-d965ccfc6d4b" outcome="Passed" testListId="8c84fa94-04c1-424b-9868-57a2d4851a1d" relativeResultsDirectory="e7bacbc8-bca2-49bb-9a38-c341d1b42123" />
    <UnitTestResult executionId="2daf0f33-0d52-4450-8dec-b4675ad7bbbd" testId="2e779db8-3cdb-b849-bd10-e9de5ea76575" testName="CcpClient.HeadlessTests.DtrhSlotPickerHeadlessTests.PopulatedSlot_ShowsRankStatsLastPlayed_AndDeleteFlow" computerName="MICH_S_YOGA" duration="00:00:00.0755627" startTime="2026-08-13T06:20:36.4777302+09:00" endTime="2026-08-13T06:20:36.5533996+09:00" testType="13cdc9d9-ddb5-4fa4-a97d-d965ccfc6d4b" outcome="Passed" testListId="8c84fa94-04c1-424b-9868-57a2d4851a1d" relativeResultsDirectory="2daf0f33-0d52-4450-8dec-b4675ad7bbbd" />
    <UnitTestResult executionId="ee56abdc-6822-4149-b0e3-895d4ee82961" testId="d1a7cf47-c060-67b2-0520-7751e2e67f2c" testName="CcpClient.HeadlessTests.QuickToggleDispatchHeadlessTests.EnterKey_WhenFocused_TogglesSameOperation_AsRightClick" computerName="MICH_S_YOGA" duration="00:00:00.1264542" startTime="2026-08-13T06:20:33.2118580+09:00" endTime="2026-08-13T06:20:33.3384471+09:00" testType="13cdc9d9-ddb5-4fa4-a97d-d965ccfc6d4b" outcome="Passed" testListId="8c84fa94-04c1-424b-9868-57a2d4851a1d" relativeResultsDirectory="ee56abdc-6822-4149-b0e3-895d4ee82961" />
    <UnitTestResult executionId="71421f95-8836-40b6-b33c-3572ded837bc" testId="c32dd0ae-490e-4c67-10b0-2c768c8c0d88" testName="CcpClient.HeadlessTests.CompanionWindowHeadlessTests.OpenFromDashboard_OwnedModeless_DashboardStays" computerName="MICH_S_YOGA" duration="00:00:00.1803802" startTime="2026-08-13T06:20:36.6474302+09:00" endTime="2026-08-13T06:20:36.8279148+09:00" testType="13cdc9d9-ddb5-4fa4-a97d-d965ccfc6d4b" outcome="Passed" testListId="8c84fa94-04c1-424b-9868-57a2d4851a1d" relativeResultsDirectory="71421f95-8836-40b6-b33c-3572ded837bc" />
    <UnitTestResult executionId="6d73f128-00a1-41d9-8661-7556f4de2096" testId="f38f9e94-deb8-2bb6-3a21-8df4bca0693c" testName="CcpClient.HeadlessTests.ChaosTunnelWindowHeadlessTests.ShowAndSink_AreSafeWithoutAnAttachedSurface" computerName="MICH_S_YOGA" duration="00:00:00.0053514" startTime="2026-08-13T06:20:33.6318854+09:00" endTime="2026-08-13T06:20:33.6373616+09:00" testType="13cdc9d9-ddb5-4fa4-a97d-d965ccfc6d4b" outcome="Passed" testListId="8c84fa94-04c1-424b-9868-57a2d4851a1d" relativeResultsDirectory="6d73f128-00a1-41d9-8661-7556f4de2096" />
    <UnitTestResult executionId="7118ee0d-17ad-4c58-b403-7b17cb9cfd9e" testId="16be08e5-790a-3391-5c3c-4666308eca90" testName="CcpClient.HeadlessTests.FeaturePopupHeadlessTests.ShortContent_Compact_NoScrollbarMetrics" computerName="MICH_S_YOGA" duration="00:00:00.1335917" startTime="2026-08-13T06:20:39.4299362+09:00" endTime="2026-08-13T06:20:39.5636607+09:00" testType="13cdc9d9-ddb5-4fa4-a97d-d965ccfc6d4b" outcome="Passed" testListId="8c84fa94-04c1-424b-9868-57a2d4851a1d" relativeResultsDirectory="7118ee0d-17ad-4c58-b403-7b17cb9cfd9e" />
    <UnitTestResult executionId="17e9dd83-1cc4-46e4-8c7f-51068bdf1265" testId="98e2b4ff-7470-80d5-0843-f0427ba25a33" testName="CcpClient.HeadlessTests.AvatarTubeHeadlessTests.AttachDetach_ViewOnlySwitch_PreservesPipeline" computerName="MICH_S_YOGA" duration="00:00:01.6055175" startTime="2026-08-13T06:20:37.8224696+09:00" endTime="2026-08-13T06:20:39.4281240+09:00" testType="13cdc9d9-ddb5-4fa4-a97d-d965ccfc6d4b" outcome="Passed" testListId="8c84fa94-04c1-424b-9868-57a2d4851a1d" relativeResultsDirectory="17e9dd83-1cc4-46e4-8c7f-51068bdf1265" />
    <UnitTestResult executionId="dad5fe45-7073-4f24-86d0-c18df498280a" testId="51b6198f-e3f0-881f-7d60-dfc8d0f6724c" testName="CcpClient.HeadlessTests.AvatarTubeHeadlessTests.Close_DisposesEngineAndSubscriptions" computerName="MICH_S_YOGA" duration="00:00:00.2002018" startTime="2026-08-13T06:20:36.8328438+09:00" endTime="2026-08-13T06:20:37.0331439+09:00" testType="13cdc9d9-ddb5-4fa4-a97d-d965ccfc6d4b" outcome="Passed" testListId="8c84fa94-04c1-424b-9868-57a2d4851a1d" relativeResultsDirectory="dad5fe45-7073-4f24-86d0-c18df498280a" />
    <UnitTestResult executionId="128cdf65-c62d-44fb-a1c6-acb5537a033f" testId="ae0a6971-742a-f04f-82b4-17c46b8c2c64" testName="CcpClient.HeadlessTests.DtrhSlotPickerHeadlessTests.CardClick_ChangesSelection" computerName="MICH_S_YOGA" duration="00:00:00.0984436" startTime="2026-08-13T06:20:35.5588819+09:00" endTime="2026-08-13T06:20:35.6574424+09:00" testType="13cdc9d9-ddb5-4fa4-a97d-d965ccfc6d4b" outcome="Passed" testListId="8c84fa94-04c1-424b-9868-57a2d4851a1d" relativeResultsDirectory="128cdf65-c62d-44fb-a1c6-acb5537a033f" />
    <UnitTestResult executionId="22f8fb2a-2061-421b-b5a9-ffa812cbda43" testId="b5385d02-785b-1c22-efc3-1489d2386240" testName="CcpClient.HeadlessTests.AvatarTubeHeadlessTests.FrameAdvance_UpdatesLayerSource_FloatTransform_AndProbe" computerName="MICH_S_YOGA" duration="00:00:01.7295621" startTime="2026-08-13T06:20:31.1290850+09:00" endTime="2026-08-13T06:20:32.8587973+09:00" testType="13cdc9d9-ddb5-4fa4-a97d-d965ccfc6d4b" outcome="Passed" testListId="8c84fa94-04c1-424b-9868-57a2d4851a1d" relativeResultsDirectory="22f8fb2a-2061-421b-b5a9-ffa812cbda43" />
    <UnitTestResult executionId="67caa67b-2f4e-4438-952f-75e4f162ee26" testId="2d6e7587-f44a-049d-d426-d41d493f6200" testName="CcpClient.HeadlessTests.FeaturePopupHeadlessTests.OneAtATime_CloseExistingBeforeNew" computerName="MICH_S_YOGA" duration="00:00:00.1143566" startTime="2026-08-13T06:20:44.1570915+09:00" endTime="2026-08-13T06:20:44.2715700+09:00" testType="13cdc9d9-ddb5-4fa4-a97d-d965ccfc6d4b" outcome="Passed" testListId="8c84fa94-04c1-424b-9868-57a2d4851a1d" relativeResultsDirectory="67caa67b-2f4e-4438-952f-75e4f162ee26" />
    <UnitTestResult executionId="e28bd1e3-c7f3-4e81-b2cb-30a4396c8a78" testId="b8bbae0c-1de7-87d7-a66d-9e0028ccdd4b" testName="CcpClient.HeadlessTests.CompanionWindowHeadlessTests.UnavailableReply_RendersSubduedBubble_WithoutBadge" computerName="MICH_S_YOGA" duration="00:00:00.7983667" startTime="2026-08-13T06:20:30.2559185+09:00" endTime="2026-08-13T06:20:31.0544461+09:00" testType="13cdc9d9-ddb5-4fa4-a97d-d965ccfc6d4b" outcome="Passed" testListId="8c84fa94-04c1-424b-9868-57a2d4851a1d" relativeResultsDirectory="e28bd1e3-c7f3-4e81-b2cb-30a4396c8a78" />
    <UnitTestResult executionId="a0c91d86-5ff1-4d2c-b1df-21847a2277da" testId="3a8fe4cb-6b90-ad18-7e14-0c51c9462a40" testName="CcpClient.HeadlessTests.AvatarTubeHeadlessTests.CorruptPackSwitch_TypedDegraded_AndStaticFallbackVisible" computerName="MICH_S_YOGA" duration="00:00:00.1768446" startTime="2026-08-13T06:20:36.1086023+09:00" endTime="2026-08-13T06:20:36.2855667+09:00" testType="13cdc9d9-ddb5-4fa4-a97d-d965ccfc6d4b" outcome="Passed" testListId="8c84fa94-04c1-424b-9868-57a2d4851a1d" relativeResultsDirectory="a0c91d86-5ff1-4d2c-b1df-21847a2277da" />
    <UnitTestResult executionId="151929df-c5f8-4598-9983-5c2384342310" testId="56cb8fcc-3e7f-7ac2-f0d3-71fa73d020e0" testName="CcpClient.HeadlessTests.AvatarTubeHeadlessTests.AvatarClick_RoutesToClickEmote_DistinctFromSpeech" computerName="MICH_S_YOGA" duration="00:00:04.4646241" startTime="2026-08-13T06:20:39.5710405+09:00" endTime="2026-08-13T06:20:44.0357821+09:00" testType="13cdc9d9-ddb5-4fa4-a97d-d965ccfc6d4b" outcome="Passed" testListId="8c84fa94-04c1-424b-9868-57a2d4851a1d" relativeResultsDirectory="151929df-c5f8-4598-9983-5c2384342310" />
    <UnitTestResult executionId="a6e7d1b1-b1f8-463e-951a-ef5e86158f61" testId="99e9d677-0d86-4b85-468c-c4b80d0a53c8" testName="CcpClient.HeadlessTests.DtrhVideoWindowHeadlessTests.PresentedFrame_LandsOnTheImage" computerName="MICH_S_YOGA" duration="00:00:00.0120521" startTime="2026-08-13T06:20:33.1138595+09:00" endTime="2026-08-13T06:20:33.1260459+09:00" testType="13cdc9d9-ddb5-4fa4-a97d-d965ccfc6d4b" outcome="Passed" testListId="8c84fa94-04c1-424b-9868-57a2d4851a1d" relativeResultsDirectory="a6e7d1b1-b1f8-463e-951a-ef5e86158f61" />
    <UnitTestResult executionId="df069ef2-6f02-43e3-91e4-004fa45c4f1d" testId="5483dd7b-37f9-8bc7-6b4b-fbb130ff23a1" testName="CcpClient.HeadlessTests.AvatarTubeHeadlessTests.Tube_Opens_LayersPresent_FirstFrameAndCapabilityRendered" computerName="MICH_S_YOGA" duration="00:00:00.1132056" startTime="2026-08-13T06:20:37.3759763+09:00" endTime="2026-08-13T06:20:37.4892945+09:00" testType="13cdc9d9-ddb5-4fa4-a97d-d965ccfc6d4b" outcome="Passed" testListId="8c84fa94-04c1-424b-9868-57a2d4851a1d" relativeResultsDirectory="df069ef2-6f02-43e3-91e4-004fa45c4f1d" />
    <UnitTestResult executionId="5388bb00-5e9a-4957-b6cf-e62fb07d686e" testId="308a579d-9375-db6f-1404-67c3a1968e33" testName="CcpClient.HeadlessTests.ChaosTunnelWindowHeadlessTests.DeclaredPolicy_MatchesTheLayeringContract" computerName="MICH_S_YOGA" duration="00:00:00.0400267" startTime="2026-08-13T06:20:31.0836795+09:00" endTime="2026-08-13T06:20:31.1238747+09:00" testType="13cdc9d9-ddb5-4fa4-a97d-d965ccfc6d4b" outcome="Passed" testListId="8c84fa94-04c1-424b-9868-57a2d4851a1d" relativeResultsDirectory="5388bb00-5e9a-4957-b6cf-e62fb07d686e" />
    <UnitTestResult executionId="fe82ae40-0126-487a-bf93-541c92d90586" testId="ceecf6fd-1fad-a1f2-d6ac-ca285f642eb1" testName="CcpClient.HeadlessTests.QuickToggleDispatchHeadlessTests.PlainRightClick_NoContextMenu_ExistsOrOpens" computerName="MICH_S_YOGA" duration="00:00:01.3073909" startTime="2026-08-13T06:20:28.2990517+09:00" endTime="2026-08-13T06:20:29.6093802+09:00" testType="13cdc9d9-ddb5-4fa4-a97d-d965ccfc6d4b" outcome="Passed" testListId="8c84fa94-04c1-424b-9868-57a2d4851a1d" relativeResultsDirectory="fe82ae40-0126-487a-bf93-541c92d90586" />
    <UnitTestResult executionId="4a64e107-64c4-49d7-b1a2-41caa67326e3" testId="63c945a9-570d-23f3-3c83-12996fb1184b" testName="CcpClient.HeadlessTests.AvatarTubeHeadlessTests.PauseButton_FreezesPipeline_ResumeContinuesSuccessor" computerName="MICH_S_YOGA" duration="00:00:01.6242014" startTime="2026-08-13T06:20:33.6432947+09:00" endTime="2026-08-13T06:20:35.2676412+09:00" testType="13cdc9d9-ddb5-4fa4-a97d-d965ccfc6d4b" outcome="Passed" testListId="8c84fa94-04c1-424b-9868-57a2d4851a1d" relativeResultsDirectory="4a64e107-64c4-49d7-b1a2-41caa67326e3" />
    <UnitTestResult executionId="d75fbf5d-bcb2-4c5b-b9f9-85638eb4e12a" testId="0683e385-8b9a-00bb-7bf8-8427ab596272" testName="CcpClient.HeadlessTests.FeaturePopupHeadlessTests.Popup_StaysInsideOwnerWorkingArea" computerName="MICH_S_YOGA" duration="00:00:00.2401541" startTime="2026-08-13T06:20:32.8657263+09:00" endTime="2026-08-13T06:20:33.1060200+09:00" testType="13cdc9d9-ddb5-4fa4-a97d-d965ccfc6d4b" outcome="Passed" testListId="8c84fa94-04c1-424b-9868-57a2d4851a1d" relativeResultsDirectory="d75fbf5d-bcb2-4c5b-b9f9-85638eb4e12a" />
    <UnitTestResult executionId="4b864d31-92c5-4a8f-9acb-e1bc4a807800" testId="6b096e8d-2d36-390c-763d-38ca75777864" testName="CcpClient.HeadlessTests.CompanionWindowHeadlessTests.ClearConfirm_ShowsOverlay_EscapeCancels_YesNeverDefaultPosition" computerName="MICH_S_YOGA" duration="00:00:00.2121859" startTime="2026-08-13T06:20:35.8843742+09:00" endTime="2026-08-13T06:20:36.0966964+09:00" testType="13cdc9d9-ddb5-4fa4-a97d-d965ccfc6d4b" outcome="Passed" testListId="8c84fa94-04c1-424b-9868-57a2d4851a1d" relativeResultsDirectory="4b864d31-92c5-4a8f-9acb-e1bc4a807800" />
    <UnitTestResult executionId="ba7c7815-d2b7-4747-9850-2de1acd47906" testId="29da4c67-619d-a475-9dbf-b69128795166" testName="CcpClient.HeadlessTests.DtrhSlotPickerHeadlessTests.FreshProfile_ThreeCards_Slots23Locked_NewJourney" computerName="MICH_S_YOGA" duration="00:00:00.0265486" startTime="2026-08-13T06:20:37.3437267+09:00" endTime="2026-08-13T06:20:37.3703956+09:00" testType="13cdc9d9-ddb5-4fa4-a97d-d965ccfc6d4b" outcome="Passed" testListId="8c84fa94-04c1-424b-9868-57a2d4851a1d" relativeResultsDirectory="ba7c7815-d2b7-4747-9850-2de1acd47906" />
    <UnitTestResult executionId="2836e8a7-2d71-4989-ac01-ef94c45d9618" testId="299a18b5-088d-7378-2b22-4153595ae375" testName="CcpClient.HeadlessTests.DashboardCardHeadlessTests.Card_ArrangedBounds_GrowWithLoadBearingIsVisible" computerName="MICH_S_YOGA" duration="00:00:00.0902894" startTime="2026-08-13T06:20:33.3445633+09:00" endTime="2026-08-13T06:20:33.4349873+09:00" testType="13cdc9d9-ddb5-4fa4-a97d-d965ccfc6d4b" outcome="Passed" testListId="8c84fa94-04c1-424b-9868-57a2d4851a1d" relativeResultsDirectory="2836e8a7-2d71-4989-ac01-ef94c45d9618" />
    <UnitTestResult executionId="bec9798b-442f-49d8-ade7-f1ba111b1105" testId="dc79649f-64d6-0e09-3e17-509466a42e10" testName="CcpClient.HeadlessTests.FeaturePopupHeadlessTests.LeftClick_OpensOwnedModelessPopup_WithContractChrome" computerName="MICH_S_YOGA" duration="00:00:00.0944268" startTime="2026-08-13T06:20:44.0377058+09:00" endTime="2026-08-13T06:20:44.1322657+09:00" testType="13cdc9d9-ddb5-4fa4-a97d-d965ccfc6d4b" outcome="Passed" testListId="8c84fa94-04c1-424b-9868-57a2d4851a1d" relativeResultsDirectory="bec9798b-442f-49d8-ade7-f1ba111b1105" />
    <UnitTestResult executionId="a36870f8-4575-43c7-99c8-3ae13709cd51" testId="7136725b-d091-3452-d5bd-a5944e366e31" testName="CcpClient.HeadlessTests.FeaturePopupHeadlessTests.TallContent_CapsHeight_AndFinalControlStartsBelowFold" computerName="MICH_S_YOGA" duration="00:00:00.1789489" startTime="2026-08-13T06:20:36.2910382+09:00" endTime="2026-08-13T06:20:36.4701064+09:00" testType="13cdc9d9-ddb5-4fa4-a97d-d965ccfc6d4b" outcome="Passed" testListId="8c84fa94-04c1-424b-9868-57a2d4851a1d" relativeResultsDirectory="a36870f8-4575-43c7-99c8-3ae13709cd51" />
    <UnitTestResult executionId="95de737c-0297-4b01-ba7d-7e13d262c32b" testId="c761175a-69e3-2b53-e8e1-38363a5d7eb7" testName="CcpClient.HeadlessTests.DashboardCardHeadlessTests.Card_Toggle_AppliesLitClass_AndStyleResolvesBorderBrush" computerName="MICH_S_YOGA" duration="00:00:00.1084553" startTime="2026-08-13T06:20:35.7696418+09:00" endTime="2026-08-13T06:20:35.8782088+09:00" testType="13cdc9d9-ddb5-4fa4-a97d-d965ccfc6d4b" outcome="Passed" testListId="8c84fa94-04c1-424b-9868-57a2d4851a1d" relativeResultsDirectory="95de737c-0297-4b01-ba7d-7e13d262c32b" />
    <UnitTestResult executionId="07d922a8-b7bb-468e-b384-98a5adbedb43" testId="2c3eb85d-eda8-2be3-955e-839773a60b44" testName="CcpClient.HeadlessTests.QuickToggleDispatchHeadlessTests.RightClickPress_OnCardBody_TogglesThroughStableIdPath" computerName="MICH_S_YOGA" duration="00:00:00.0831332" startTime="2026-08-13T06:20:36.5594929+09:00" endTime="2026-08-13T06:20:36.6427487+09:00" testType="13cdc9d9-ddb5-4fa4-a97d-d965ccfc6d4b" outcome="Passed" testListId="8c84fa94-04c1-424b-9868-57a2d4851a1d" relativeResultsDirectory="07d922a8-b7bb-468e-b384-98a5adbedb43" />
    <UnitTestResult executionId="d5796588-a45d-45ea-8559-a4efc6bb1794" testId="b550f0f2-0986-f423-452b-f8ce0668ea97" testName="CcpClient.HeadlessTests.QuickToggleDispatchHeadlessTests.TitleMutation_RendersMutatedTitle_AndRightClickStillToggles" computerName="MICH_S_YOGA" duration="00:00:00.1000188" startTime="2026-08-13T06:20:35.6631808+09:00" endTime="2026-08-13T06:20:35.7633433+09:00" testType="13cdc9d9-ddb5-4fa4-a97d-d965ccfc6d4b" outcome="Passed" testListId="8c84fa94-04c1-424b-9868-57a2d4851a1d" relativeResultsDirectory="d5796588-a45d-45ea-8559-a4efc6bb1794" />
    <UnitTestResult executionId="bb8e391e-75ef-44cd-84a3-104ead6d538b" testId="77e1ec1a-66e2-9903-c1d2-98aaa8401696" testName="CcpClient.HeadlessTests.CompanionWindowHeadlessTests.Surface_Renders_ChatInput_Settings_ConfirmHidden_StatusHonest" computerName="MICH_S_YOGA" duration="00:00:00.1790543" startTime="2026-08-13T06:20:33.4426178+09:00" endTime="2026-08-13T06:20:33.6217973+09:00" testType="13cdc9d9-ddb5-4fa4-a97d-d965ccfc6d4b" outcome="Passed" testListId="8c84fa94-04c1-424b-9868-57a2d4851a1d" relativeResultsDirectory="bb8e391e-75ef-44cd-84a3-104ead6d538b" />
    <UnitTestResult executionId="8c7dd6a3-d369-4681-9b05-ab3036850719" testId="a69b8935-a743-56ab-4621-cccd60a203e7" testName="CcpClient.HeadlessTests.DashboardCardHeadlessTests.ElementNameMirror_FollowsLiveTickText" computerName="MICH_S_YOGA" duration="00:00:00.6253517" startTime="2026-08-13T06:20:29.6255961+09:00" endTime="2026-08-13T06:20:30.2511055+09:00" testType="13cdc9d9-ddb5-4fa4-a97d-d965ccfc6d4b" outcome="Passed" testListId="8c84fa94-04c1-424b-9868-57a2d4851a1d" relativeResultsDirectory="8c7dd6a3-d369-4681-9b05-ab3036850719" />
    <UnitTestResult executionId="6c0488c3-748b-4f41-a090-4f9e32c22ed3" testId="9bf72dd2-8b33-d859-97f9-1c908a0f599f" testName="CcpClient.HeadlessTests.DtrhVideoWindowHeadlessTests.Close_Unsubscribes_NoThrowOnLateFrame" computerName="MICH_S_YOGA" duration="00:00:00.0023083" startTime="2026-08-13T06:20:35.5499929+09:00" endTime="2026-08-13T06:20:35.5524316+09:00" testType="13cdc9d9-ddb5-4fa4-a97d-d965ccfc6d4b" outcome="Passed" testListId="8c84fa94-04c1-424b-9868-57a2d4851a1d" relativeResultsDirectory="6c0488c3-748b-4f41-a090-4f9e32c22ed3" />
    <UnitTestResult executionId="143bdcea-e1e1-48fe-bbf7-57172153760a" testId="7cc2bb4f-36fa-6a6f-7e5f-39784f19e5eb" testName="CcpClient.HeadlessTests.DtrhSlotPickerHeadlessTests.Commit_AndCancel_Outcomes" computerName="MICH_S_YOGA" duration="00:00:00.0741210" startTime="2026-08-13T06:20:33.1312187+09:00" endTime="2026-08-13T06:20:33.2054754+09:00" testType="13cdc9d9-ddb5-4fa4-a97d-d965ccfc6d4b" outcome="Passed" testListId="8c84fa94-04c1-424b-9868-57a2d4851a1d" relativeResultsDirectory="143bdcea-e1e1-48fe-bbf7-57172153760a" />
    <UnitTestResult executionId="06cf7b54-b6ed-4ec9-968f-baa984cd3640" testId="b209f7cb-4560-11fa-64a1-95cb0cee5de3" testName="CcpClient.HeadlessTests.FeaturePopupHeadlessTests.Wheel_ReachesFinalControl_OffsetChangesMonotonically" computerName="MICH_S_YOGA" duration="00:00:00.2687510" startTime="2026-08-13T06:20:35.2749150+09:00" endTime="2026-08-13T06:20:35.5437994+09:00" testType="13cdc9d9-ddb5-4fa4-a97d-d965ccfc6d4b" outcome="Passed" testListId="8c84fa94-04c1-424b-9868-57a2d4851a1d" relativeResultsDirectory="06cf7b54-b6ed-4ec9-968f-baa984cd3640" />
  </Results>
  <TestDefinitions>
    <UnitTest name="CcpClient.HeadlessTests.DtrhSlotPickerHeadlessTests.PopulatedSlot_ShowsRankStatsLastPlayed_AndDeleteFlow" storage="c:\code\conditioning-control-panel---csharp-wpf\.worktrees\spine-20260812t203752\lane-1\client\tests\ccpclient.headlesstests\bin\debug\net10.0\ccpclient.headlesstests.dll" id="2e779db8-3cdb-b849-bd10-e9de5ea76575">
      <Execution id="2daf0f33-0d52-4450-8dec-b4675ad7bbbd" />
      <TestMethod codeBase="C:\Code\Conditioning-Control-Panel---CSharp-WPF\.worktrees\spine-20260812T203752\lane-1\client\tests\CcpClient.HeadlessTests\bin\Debug\net10.0\CcpClient.HeadlessTests.dll" adapterTypeName="executor://xunit/VsTestRunner3/netcore/" className="CcpClient.HeadlessTests.DtrhSlotPickerHeadlessTests" name="PopulatedSlot_ShowsRankStatsLastPlayed_AndDeleteFlow" />
    </UnitTest>
    <UnitTest name="CcpClient.HeadlessTests.DtrhSlotPickerHeadlessTests.FreshProfile_ThreeCards_Slots23Locked_NewJourney" storage="c:\code\conditioning-control-panel---csharp-wpf\.worktrees\spine-20260812t203752\lane-1\client\tests\ccpclient.headlesstests\bin\debug\net10.0\ccpclient.headlesstests.dll" id="29da4c67-619d-a475-9dbf-b69128795166">
      <Execution id="ba7c7815-d2b7-4747-9850-2de1acd47906" />
      <TestMethod codeBase="C:\Code\Conditioning-Control-Panel---CSharp-WPF\.worktrees\spine-20260812T203752\lane-1\client\tests\CcpClient.HeadlessTests\bin\Debug\net10.0\CcpClient.HeadlessTests.dll" adapterTypeName="executor://xunit/VsTestRunner3/netcore/" className="CcpClient.HeadlessTests.DtrhSlotPickerHeadlessTests" name="FreshProfile_ThreeCards_Slots23Locked_NewJourney" />
    </UnitTest>
    <UnitTest name="CcpClient.HeadlessTests.DtrhSlotPickerHeadlessTests.Commit_AndCancel_Outcomes" storage="c:\code\conditioning-control-panel---csharp-wpf\.worktrees\spine-20260812t203752\lane-1\client\tests\ccpclient.headlesstests\bin\debug\net10.0\ccpclient.headlesstests.dll" id="7cc2bb4f-36fa-6a6f-7e5f-39784f19e5eb">
      <Execution id="143bdcea-e1e1-48fe-bbf7-57172153760a" />
      <TestMethod codeBase="C:\Code\Conditioning-Control-Panel---CSharp-WPF\.worktrees\spine-20260812T203752\lane-1\client\tests\CcpClient.HeadlessTests\bin\Debug\net10.0\CcpClient.HeadlessTests.dll" adapterTypeName="executor://xunit/VsTestRunner3/netcore/" className="CcpClient.HeadlessTests.DtrhSlotPickerHeadlessTests" name="Commit_AndCancel_Outcomes" />
    </UnitTest>
    <UnitTest name="CcpClient.HeadlessTests.AvatarTubeHeadlessTests.Tube_Opens_LayersPresent_FirstFrameAndCapabilityRendered" storage="c:\code\conditioning-control-panel---csharp-wpf\.worktrees\spine-20260812t203752\lane-1\client\tests\ccpclient.headlesstests\bin\debug\net10.0\ccpclient.headlesstests.dll" id="5483dd7b-37f9-8bc7-6b4b-fbb130ff23a1">
      <Execution id="df069ef2-6f02-43e3-91e4-004fa45c4f1d" />
      <TestMethod codeBase="C:\Code\Conditioning-Control-Panel---CSharp-WPF\.worktrees\spine-20260812T203752\lane-1\client\tests\CcpClient.HeadlessTests\bin\Debug\net10.0\CcpClient.HeadlessTests.dll" adapterTypeName="executor://xunit/VsTestRunner3/netcore/" className="CcpClient.HeadlessTests.AvatarTubeHeadlessTests" name="Tube_Opens_LayersPresent_FirstFrameAndCapabilityRendered" />
    </UnitTest>
    <UnitTest name="CcpClient.HeadlessTests.CompanionWindowHeadlessTests.ClearConfirm_ShowsOverlay_EscapeCancels_YesNeverDefaultPosition" storage="c:\code\conditioning-control-panel---csharp-wpf\.worktrees\spine-20260812t203752\lane-1\client\tests\ccpclient.headlesstests\bin\debug\net10.0\ccpclient.headlesstests.dll" id="6b096e8d-2d36-390c-763d-38ca75777864">
      <Execution id="4b864d31-92c5-4a8f-9acb-e1bc4a807800" />
      <TestMethod codeBase="C:\Code\Conditioning-Control-Panel---CSharp-WPF\.worktrees\spine-20260812T203752\lane-1\client\tests\CcpClient.HeadlessTests\bin\Debug\net10.0\CcpClient.HeadlessTests.dll" adapterTypeName="executor://xunit/VsTestRunner3/netcore/" className="CcpClient.HeadlessTests.CompanionWindowHeadlessTests" name="ClearConfirm_ShowsOverlay_EscapeCancels_YesNeverDefaultPosition" />
    </UnitTest>
    <UnitTest name="CcpClient.HeadlessTests.DtrhVideoWindowHeadlessTests.Close_Unsubscribes_NoThrowOnLateFrame" storage="c:\code\conditioning-control-panel---csharp-wpf\.worktrees\spine-20260812t203752\lane-1\client\tests\ccpclient.headlesstests\bin\debug\net10.0\ccpclient.headlesstests.dll" id="9bf72dd2-8b33-d859-97f9-1c908a0f599f">
      <Execution id="6c0488c3-748b-4f41-a090-4f9e32c22ed3" />
      <TestMethod codeBase="C:\Code\Conditioning-Control-Panel---CSharp-WPF\.worktrees\spine-20260812T203752\lane-1\client\tests\CcpClient.HeadlessTests\bin\Debug\net10.0\CcpClient.HeadlessTests.dll" adapterTypeName="executor://xunit/VsTestRunner3/netcore/" className="CcpClient.HeadlessTests.DtrhVideoWindowHeadlessTests" name="Close_Unsubscribes_NoThrowOnLateFrame" />
    </UnitTest>
    <UnitTest name="CcpClient.HeadlessTests.CompanionWindowHeadlessTests.Surface_Renders_ChatInput_Settings_ConfirmHidden_StatusHonest" storage="c:\code\conditioning-control-panel---csharp-wpf\.worktrees\spine-20260812t203752\lane-1\client\tests\ccpclient.headlesstests\bin\debug\net10.0\ccpclient.headlesstests.dll" id="77e1ec1a-66e2-9903-c1d2-98aaa8401696">
      <Execution id="bb8e391e-75ef-44cd-84a3-104ead6d538b" />
      <TestMethod codeBase="C:\Code\Conditioning-Control-Panel---CSharp-WPF\.worktrees\spine-20260812T203752\lane-1\client\tests\CcpClient.HeadlessTests\bin\Debug\net10.0\CcpClient.HeadlessTests.dll" adapterTypeName="executor://xunit/VsTestRunner3/netcore/" className="CcpClient.HeadlessTests.CompanionWindowHeadlessTests" name="Surface_Renders_ChatInput_Settings_ConfirmHidden_StatusHonest" />
    </UnitTest>
    <UnitTest name="CcpClient.HeadlessTests.CompanionWindowHeadlessTests.UnavailableReply_RendersSubduedBubble_WithoutBadge" storage="c:\code\conditioning-control-panel---csharp-wpf\.worktrees\spine-20260812t203752\lane-1\client\tests\ccpclient.headlesstests\bin\debug\net10.0\ccpclient.headlesstests.dll" id="b8bbae0c-1de7-87d7-a66d-9e0028ccdd4b">
      <Execution id="e28bd1e3-c7f3-4e81-b2cb-30a4396c8a78" />
      <TestMethod codeBase="C:\Code\Conditioning-Control-Panel---CSharp-WPF\.worktrees\spine-20260812T203752\lane-1\client\tests\CcpClient.HeadlessTests\bin\Debug\net10.0\CcpClient.HeadlessTests.dll" adapterTypeName="executor://xunit/VsTestRunner3/netcore/" className="CcpClient.HeadlessTests.CompanionWindowHeadlessTests" name="UnavailableReply_RendersSubduedBubble_WithoutBadge" />
    </UnitTest>
    <UnitTest name="CcpClient.HeadlessTests.FeaturePopupHeadlessTests.Popup_StaysInsideOwnerWorkingArea" storage="c:\code\conditioning-control-panel---csharp-wpf\.worktrees\spine-20260812t203752\lane-1\client\tests\ccpclient.headlesstests\bin\debug\net10.0\ccpclient.headlesstests.dll" id="0683e385-8b9a-00bb-7bf8-8427ab596272">
      <Execution id="d75fbf5d-bcb2-4c5b-b9f9-85638eb4e12a" />
      <TestMethod codeBase="C:\Code\Conditioning-Control-Panel---CSharp-WPF\.worktrees\spine-20260812T203752\lane-1\client\tests\CcpClient.HeadlessTests\bin\Debug\net10.0\CcpClient.HeadlessTests.dll" adapterTypeName="executor://xunit/VsTestRunner3/netcore/" className="CcpClient.HeadlessTests.FeaturePopupHeadlessTests" name="Popup_StaysInsideOwnerWorkingArea" />
    </UnitTest>
    <UnitTest name="CcpClient.HeadlessTests.ChaosTunnelWindowHeadlessTests.ShowAndSink_AreSafeWithoutAnAttachedSurface" storage="c:\code\conditioning-control-panel---csharp-wpf\.worktrees\spine-20260812t203752\lane-1\client\tests\ccpclient.headlesstests\bin\debug\net10.0\ccpclient.headlesstests.dll" id="f38f9e94-deb8-2bb6-3a21-8df4bca0693c">
      <Execution id="6d73f128-00a1-41d9-8661-7556f4de2096" />
      <TestMethod codeBase="C:\Code\Conditioning-Control-Panel---CSharp-WPF\.worktrees\spine-20260812T203752\lane-1\client\tests\CcpClient.HeadlessTests\bin\Debug\net10.0\CcpClient.HeadlessTests.dll" adapterTypeName="executor://xunit/VsTestRunner3/netcore/" className="CcpClient.HeadlessTests.ChaosTunnelWindowHeadlessTests" name="ShowAndSink_AreSafeWithoutAnAttachedSurface" />
    </UnitTest>
    <UnitTest name="CcpClient.HeadlessTests.DashboardCardHeadlessTests.ElementNameMirror_FollowsLiveTickText" storage="c:\code\conditioning-control-panel---csharp-wpf\.worktrees\spine-20260812t203752\lane-1\client\tests\ccpclient.headlesstests\bin\debug\net10.0\ccpclient.headlesstests.dll" id="a69b8935-a743-56ab-4621-cccd60a203e7">
      <Execution id="8c7dd6a3-d369-4681-9b05-ab3036850719" />
      <TestMethod codeBase="C:\Code\Conditioning-Control-Panel---CSharp-WPF\.worktrees\spine-20260812T203752\lane-1\client\tests\CcpClient.HeadlessTests\bin\Debug\net10.0\CcpClient.HeadlessTests.dll" adapterTypeName="executor://xunit/VsTestRunner3/netcore/" className="CcpClient.HeadlessTests.DashboardCardHeadlessTests" name="ElementNameMirror_FollowsLiveTickText" />
    </UnitTest>
    <UnitTest name="CcpClient.HeadlessTests.AvatarTubeHeadlessTests.AvatarClick_RoutesToClickEmote_DistinctFromSpeech" storage="c:\code\conditioning-control-panel---csharp-wpf\.worktrees\spine-20260812t203752\lane-1\client\tests\ccpclient.headlesstests\bin\debug\net10.0\ccpclient.headlesstests.dll" id="56cb8fcc-3e7f-7ac2-f0d3-71fa73d020e0">
      <Execution id="151929df-c5f8-4598-9983-5c2384342310" />
      <TestMethod codeBase="C:\Code\Conditioning-Control-Panel---CSharp-WPF\.worktrees\spine-20260812T203752\lane-1\client\tests\CcpClient.HeadlessTests\bin\Debug\net10.0\CcpClient.HeadlessTests.dll" adapterTypeName="executor://xunit/VsTestRunner3/netcore/" className="CcpClient.HeadlessTests.AvatarTubeHeadlessTests" name="AvatarClick_RoutesToClickEmote_DistinctFromSpeech" />
    </UnitTest>
    <UnitTest name="CcpClient.HeadlessTests.AvatarTubeHeadlessTests.AttachDetach_ViewOnlySwitch_PreservesPipeline" storage="c:\code\conditioning-control-panel---csharp-wpf\.worktrees\spine-20260812t203752\lane-1\client\tests\ccpclient.headlesstests\bin\debug\net10.0\ccpclient.headlesstests.dll" id="98e2b4ff-7470-80d5-0843-f0427ba25a33">
      <Execution id="17e9dd83-1cc4-46e4-8c7f-51068bdf1265" />
      <TestMethod codeBase="C:\Code\Conditioning-Control-Panel---CSharp-WPF\.worktrees\spine-20260812T203752\lane-1\client\tests\CcpClient.HeadlessTests\bin\Debug\net10.0\CcpClient.HeadlessTests.dll" adapterTypeName="executor://xunit/VsTestRunner3/netcore/" className="CcpClient.HeadlessTests.AvatarTubeHeadlessTests" name="AttachDetach_ViewOnlySwitch_PreservesPipeline" />
    </UnitTest>
    <UnitTest name="CcpClient.HeadlessTests.DtrhVideoWindowHeadlessTests.PresentedFrame_LandsOnTheImage" storage="c:\code\conditioning-control-panel---csharp-wpf\.worktrees\spine-20260812t203752\lane-1\client\tests\ccpclient.headlesstests\bin\debug\net10.0\ccpclient.headlesstests.dll" id="99e9d677-0d86-4b85-468c-c4b80d0a53c8">
      <Execution id="a6e7d1b1-b1f8-463e-951a-ef5e86158f61" />
      <TestMethod codeBase="C:\Code\Conditioning-Control-Panel---CSharp-WPF\.worktrees\spine-20260812T203752\lane-1\client\tests\CcpClient.HeadlessTests\bin\Debug\net10.0\CcpClient.HeadlessTests.dll" adapterTypeName="executor://xunit/VsTestRunner3/netcore/" className="CcpClient.HeadlessTests.DtrhVideoWindowHeadlessTests" name="PresentedFrame_LandsOnTheImage" />
    </UnitTest>
    <UnitTest name="CcpClient.HeadlessTests.FeaturePopupHeadlessTests.TallContent_CapsHeight_AndFinalControlStartsBelowFold" storage="c:\code\conditioning-control-panel---csharp-wpf\.worktrees\spine-20260812t203752\lane-1\client\tests\ccpclient.headlesstests\bin\debug\net10.0\ccpclient.headlesstests.dll" id="7136725b-d091-3452-d5bd-a5944e366e31">
      <Execution id="a36870f8-4575-43c7-99c8-3ae13709cd51" />
      <TestMethod codeBase="C:\Code\Conditioning-Control-Panel---CSharp-WPF\.worktrees\spine-20260812T203752\lane-1\client\tests\CcpClient.HeadlessTests\bin\Debug\net10.0\CcpClient.HeadlessTests.dll" adapterTypeName="executor://xunit/VsTestRunner3/netcore/" className="CcpClient.HeadlessTests.FeaturePopupHeadlessTests" name="TallContent_CapsHeight_AndFinalControlStartsBelowFold" />
    </UnitTest>
    <UnitTest name="CcpClient.HeadlessTests.FeaturePopupHeadlessTests.Wheel_ReachesFinalControl_OffsetChangesMonotonically" storage="c:\code\conditioning-control-panel---csharp-wpf\.worktrees\spine-20260812t203752\lane-1\client\tests\ccpclient.headlesstests\bin\debug\net10.0\ccpclient.headlesstests.dll" id="b209f7cb-4560-11fa-64a1-95cb0cee5de3">
      <Execution id="06cf7b54-b6ed-4ec9-968f-baa984cd3640" />
      <TestMethod codeBase="C:\Code\Conditioning-Control-Panel---CSharp-WPF\.worktrees\spine-20260812T203752\lane-1\client\tests\CcpClient.HeadlessTests\bin\Debug\net10.0\CcpClient.HeadlessTests.dll" adapterTypeName="executor://xunit/VsTestRunner3/netcore/" className="CcpClient.HeadlessTests.FeaturePopupHeadlessTests" name="Wheel_ReachesFinalControl_OffsetChangesMonotonically" />
    </UnitTest>
    <UnitTest name="CcpClient.HeadlessTests.AvatarTubeHeadlessTests.CorruptPackSwitch_TypedDegraded_AndStaticFallbackVisible" storage="c:\code\conditioning-control-panel---csharp-wpf\.worktrees\spine-20260812t203752\lane-1\client\tests\ccpclient.headlesstests\bin\debug\net10.0\ccpclient.headlesstests.dll" id="3a8fe4cb-6b90-ad18-7e14-0c51c9462a40">
      <Execution id="a0c91d86-5ff1-4d2c-b1df-21847a2277da" />
      <TestMethod codeBase="C:\Code\Conditioning-Control-Panel---CSharp-WPF\.worktrees\spine-20260812T203752\lane-1\client\tests\CcpClient.HeadlessTests\bin\Debug\net10.0\CcpClient.HeadlessTests.dll" adapterTypeName="executor://xunit/VsTestRunner3/netcore/" className="CcpClient.HeadlessTests.AvatarTubeHeadlessTests" name="CorruptPackSwitch_TypedDegraded_AndStaticFallbackVisible" />
    </UnitTest>
    <UnitTest name="CcpClient.HeadlessTests.DashboardCardHeadlessTests.Card_Toggle_AppliesLitClass_AndStyleResolvesBorderBrush" storage="c:\code\conditioning-control-panel---csharp-wpf\.worktrees\spine-20260812t203752\lane-1\client\tests\ccpclient.headlesstests\bin\debug\net10.0\ccpclient.headlesstests.dll" id="c761175a-69e3-2b53-e8e1-38363a5d7eb7">
      <Execution id="95de737c-0297-4b01-ba7d-7e13d262c32b" />
      <TestMethod codeBase="C:\Code\Conditioning-Control-Panel---CSharp-WPF\.worktrees\spine-20260812T203752\lane-1\client\tests\CcpClient.HeadlessTests\bin\Debug\net10.0\CcpClient.HeadlessTests.dll" adapterTypeName="executor://xunit/VsTestRunner3/netcore/" className="CcpClient.HeadlessTests.DashboardCardHeadlessTests" name="Card_Toggle_AppliesLitClass_AndStyleResolvesBorderBrush" />
    </UnitTest>
    <UnitTest name="CcpClient.HeadlessTests.FeaturePopupHeadlessTests.Escape_And_CloseButton_BothClose_ThroughTheOnePath" storage="c:\code\conditioning-control-panel---csharp-wpf\.worktrees\spine-20260812t203752\lane-1\client\tests\ccpclient.headlesstests\bin\debug\net10.0\ccpclient.headlesstests.dll" id="035e6bde-e96c-f9bc-c00a-a00fbbef97ad">
      <Execution id="84b6e67f-aeb9-47f5-bcb1-66855956033c" />
      <TestMethod codeBase="C:\Code\Conditioning-Control-Panel---CSharp-WPF\.worktrees\spine-20260812T203752\lane-1\client\tests\CcpClient.HeadlessTests\bin\Debug\net10.0\CcpClient.HeadlessTests.dll" adapterTypeName="executor://xunit/VsTestRunner3/netcore/" className="CcpClient.HeadlessTests.FeaturePopupHeadlessTests" name="Escape_And_CloseButton_BothClose_ThroughTheOnePath" />
    </UnitTest>
    <UnitTest name="CcpClient.HeadlessTests.DashboardCardHeadlessTests.Card_ArrangedBounds_GrowWithLoadBearingIsVisible" storage="c:\code\conditioning-control-panel---csharp-wpf\.worktrees\spine-20260812t203752\lane-1\client\tests\ccpclient.headlesstests\bin\debug\net10.0\ccpclient.headlesstests.dll" id="299a18b5-088d-7378-2b22-4153595ae375">
      <Execution id="2836e8a7-2d71-4989-ac01-ef94c45d9618" />
      <TestMethod codeBase="C:\Code\Conditioning-Control-Panel---CSharp-WPF\.worktrees\spine-20260812T203752\lane-1\client\tests\CcpClient.HeadlessTests\bin\Debug\net10.0\CcpClient.HeadlessTests.dll" adapterTypeName="executor://xunit/VsTestRunner3/netcore/" className="CcpClient.HeadlessTests.DashboardCardHeadlessTests" name="Card_ArrangedBounds_GrowWithLoadBearingIsVisible" />
    </UnitTest>
    <UnitTest name="CcpClient.HeadlessTests.AvatarTubeHeadlessTests.FrameAdvance_UpdatesLayerSource_FloatTransform_AndProbe" storage="c:\code\conditioning-control-panel---csharp-wpf\.worktrees\spine-20260812t203752\lane-1\client\tests\ccpclient.headlesstests\bin\debug\net10.0\ccpclient.headlesstests.dll" id="b5385d02-785b-1c22-efc3-1489d2386240">
      <Execution id="22f8fb2a-2061-421b-b5a9-ffa812cbda43" />
      <TestMethod codeBase="C:\Code\Conditioning-Control-Panel---CSharp-WPF\.worktrees\spine-20260812T203752\lane-1\client\tests\CcpClient.HeadlessTests\bin\Debug\net10.0\CcpClient.HeadlessTests.dll" adapterTypeName="executor://xunit/VsTestRunner3/netcore/" className="CcpClient.HeadlessTests.AvatarTubeHeadlessTests" name="FrameAdvance_UpdatesLayerSource_FloatTransform_AndProbe" />
    </UnitTest>
    <UnitTest name="CcpClient.HeadlessTests.DtrhSlotPickerHeadlessTests.RankName_MatchesWpfThresholds" storage="c:\code\conditioning-control-panel---csharp-wpf\.worktrees\spine-20260812t203752\lane-1\client\tests\ccpclient.headlesstests\bin\debug\net10.0\ccpclient.headlesstests.dll" id="1214411f-fe42-50b5-c40b-103b87443a40">
      <Execution id="e7bacbc8-bca2-49bb-9a38-c341d1b42123" />
      <TestMethod codeBase="C:\Code\Conditioning-Control-Panel---CSharp-WPF\.worktrees\spine-20260812T203752\lane-1\client\tests\CcpClient.HeadlessTests\bin\Debug\net10.0\CcpClient.HeadlessTests.dll" adapterTypeName="executor://xunit/VsTestRunner3/netcore/" className="CcpClient.HeadlessTests.DtrhSlotPickerHeadlessTests" name="RankName_MatchesWpfThresholds" />
    </UnitTest>
    <UnitTest name="CcpClient.HeadlessTests.QuickToggleDispatchHeadlessTests.PlainRightClick_NoContextMenu_ExistsOrOpens" storage="c:\code\conditioning-control-panel---csharp-wpf\.worktrees\spine-20260812t203752\lane-1\client\tests\ccpclient.headlesstests\bin\debug\net10.0\ccpclient.headlesstests.dll" id="ceecf6fd-1fad-a1f2-d6ac-ca285f642eb1">
      <Execution id="fe82ae40-0126-487a-bf93-541c92d90586" />
      <TestMethod codeBase="C:\Code\Conditioning-Control-Panel---CSharp-WPF\.worktrees\spine-20260812T203752\lane-1\client\tests\CcpClient.HeadlessTests\bin\Debug\net10.0\CcpClient.HeadlessTests.dll" adapterTypeName="executor://xunit/VsTestRunner3/netcore/" className="CcpClient.HeadlessTests.QuickToggleDispatchHeadlessTests" name="PlainRightClick_NoContextMenu_ExistsOrOpens" />
    </UnitTest>
    <UnitTest name="CcpClient.HeadlessTests.CompanionWindowHeadlessTests.OpenFromDashboard_OwnedModeless_DashboardStays" storage="c:\code\conditioning-control-panel---csharp-wpf\.worktrees\spine-20260812t203752\lane-1\client\tests\ccpclient.headlesstests\bin\debug\net10.0\ccpclient.headlesstests.dll" id="c32dd0ae-490e-4c67-10b0-2c768c8c0d88">
      <Execution id="71421f95-8836-40b6-b33c-3572ded837bc" />
      <TestMethod codeBase="C:\Code\Conditioning-Control-Panel---CSharp-WPF\.worktrees\spine-20260812T203752\lane-1\client\tests\CcpClient.HeadlessTests\bin\Debug\net10.0\CcpClient.HeadlessTests.dll" adapterTypeName="executor://xunit/VsTestRunner3/netcore/" className="CcpClient.HeadlessTests.CompanionWindowHeadlessTests" name="OpenFromDashboard_OwnedModeless_DashboardStays" />
    </UnitTest>
    <UnitTest name="CcpClient.HeadlessTests.ChaosTunnelWindowHeadlessTests.DeclaredPolicy_MatchesTheLayeringContract" storage="c:\code\conditioning-control-panel---csharp-wpf\.worktrees\spine-20260812t203752\lane-1\client\tests\ccpclient.headlesstests\bin\debug\net10.0\ccpclient.headlesstests.dll" id="308a579d-9375-db6f-1404-67c3a1968e33">
      <Execution id="5388bb00-5e9a-4957-b6cf-e62fb07d686e" />
      <TestMethod codeBase="C:\Code\Conditioning-Control-Panel---CSharp-WPF\.worktrees\spine-20260812T203752\lane-1\client\tests\CcpClient.HeadlessTests\bin\Debug\net10.0\CcpClient.HeadlessTests.dll" adapterTypeName="executor://xunit/VsTestRunner3/netcore/" className="CcpClient.HeadlessTests.ChaosTunnelWindowHeadlessTests" name="DeclaredPolicy_MatchesTheLayeringContract" />
    </UnitTest>
    <UnitTest name="CcpClient.HeadlessTests.AvatarTubeHeadlessTests.Close_DisposesEngineAndSubscriptions" storage="c:\code\conditioning-control-panel---csharp-wpf\.worktrees\spine-20260812t203752\lane-1\client\tests\ccpclient.headlesstests\bin\debug\net10.0\ccpclient.headlesstests.dll" id="51b6198f-e3f0-881f-7d60-dfc8d0f6724c">
      <Execution id="dad5fe45-7073-4f24-86d0-c18df498280a" />
      <TestMethod codeBase="C:\Code\Conditioning-Control-Panel---CSharp-WPF\.worktrees\spine-20260812T203752\lane-1\client\tests\CcpClient.HeadlessTests\bin\Debug\net10.0\CcpClient.HeadlessTests.dll" adapterTypeName="executor://xunit/VsTestRunner3/netcore/" className="CcpClient.HeadlessTests.AvatarTubeHeadlessTests" name="Close_DisposesEngineAndSubscriptions" />
    </UnitTest>
    <UnitTest name="CcpClient.HeadlessTests.FeaturePopupHeadlessTests.NestedList_ScrollsItself_ThenChainsToPopup" storage="c:\code\conditioning-control-panel---csharp-wpf\.worktrees\spine-20260812t203752\lane-1\client\tests\ccpclient.headlesstests\bin\debug\net10.0\ccpclient.headlesstests.dll" id="cd9fe552-49ba-1d17-ec86-6f7b8c828d72">
      <Execution id="1124bd1b-a356-42d8-9724-a41f6e832525" />
      <TestMethod codeBase="C:\Code\Conditioning-Control-Panel---CSharp-WPF\.worktrees\spine-20260812T203752\lane-1\client\tests\CcpClient.HeadlessTests\bin\Debug\net10.0\CcpClient.HeadlessTests.dll" adapterTypeName="executor://xunit/VsTestRunner3/netcore/" className="CcpClient.HeadlessTests.FeaturePopupHeadlessTests" name="NestedList_ScrollsItself_ThenChainsToPopup" />
    </UnitTest>
    <UnitTest name="CcpClient.HeadlessTests.FeaturePopupHeadlessTests.ShortContent_Compact_NoScrollbarMetrics" storage="c:\code\conditioning-control-panel---csharp-wpf\.worktrees\spine-20260812t203752\lane-1\client\tests\ccpclient.headlesstests\bin\debug\net10.0\ccpclient.headlesstests.dll" id="16be08e5-790a-3391-5c3c-4666308eca90">
      <Execution id="7118ee0d-17ad-4c58-b403-7b17cb9cfd9e" />
      <TestMethod codeBase="C:\Code\Conditioning-Control-Panel---CSharp-WPF\.worktrees\spine-20260812T203752\lane-1\client\tests\CcpClient.HeadlessTests\bin\Debug\net10.0\CcpClient.HeadlessTests.dll" adapterTypeName="executor://xunit/VsTestRunner3/netcore/" className="CcpClient.HeadlessTests.FeaturePopupHeadlessTests" name="ShortContent_Compact_NoScrollbarMetrics" />
    </UnitTest>
    <UnitTest name="CcpClient.HeadlessTests.QuickToggleDispatchHeadlessTests.TitleMutation_RendersMutatedTitle_AndRightClickStillToggles" storage="c:\code\conditioning-control-panel---csharp-wpf\.worktrees\spine-20260812t203752\lane-1\client\tests\ccpclient.headlesstests\bin\debug\net10.0\ccpclient.headlesstests.dll" id="b550f0f2-0986-f423-452b-f8ce0668ea97">
      <Execution id="d5796588-a45d-45ea-8559-a4efc6bb1794" />
      <TestMethod codeBase="C:\Code\Conditioning-Control-Panel---CSharp-WPF\.worktrees\spine-20260812T203752\lane-1\client\tests\CcpClient.HeadlessTests\bin\Debug\net10.0\CcpClient.HeadlessTests.dll" adapterTypeName="executor://xunit/VsTestRunner3/netcore/" className="CcpClient.HeadlessTests.QuickToggleDispatchHeadlessTests" name="TitleMutation_RendersMutatedTitle_AndRightClickStillToggles" />
    </UnitTest>
    <UnitTest name="CcpClient.HeadlessTests.DtrhSlotPickerHeadlessTests.CardClick_ChangesSelection" storage="c:\code\conditioning-control-panel---csharp-wpf\.worktrees\spine-20260812t203752\lane-1\client\tests\ccpclient.headlesstests\bin\debug\net10.0\ccpclient.headlesstests.dll" id="ae0a6971-742a-f04f-82b4-17c46b8c2c64">
      <Execution id="128cdf65-c62d-44fb-a1c6-acb5537a033f" />
      <TestMethod codeBase="C:\Code\Conditioning-Control-Panel---CSharp-WPF\.worktrees\spine-20260812T203752\lane-1\client\tests\CcpClient.HeadlessTests\bin\Debug\net10.0\CcpClient.HeadlessTests.dll" adapterTypeName="executor://xunit/VsTestRunner3/netcore/" className="CcpClient.HeadlessTests.DtrhSlotPickerHeadlessTests" name="CardClick_ChangesSelection" />
    </UnitTest>
    <UnitTest name="CcpClient.HeadlessTests.QuickToggleDispatchHeadlessTests.EnterKey_WhenFocused_TogglesSameOperation_AsRightClick" storage="c:\code\conditioning-control-panel---csharp-wpf\.worktrees\spine-20260812t203752\lane-1\client\tests\ccpclient.headlesstests\bin\debug\net10.0\ccpclient.headlesstests.dll" id="d1a7cf47-c060-67b2-0520-7751e2e67f2c">
      <Execution id="ee56abdc-6822-4149-b0e3-895d4ee82961" />
      <TestMethod codeBase="C:\Code\Conditioning-Control-Panel---CSharp-WPF\.worktrees\spine-20260812T203752\lane-1\client\tests\CcpClient.HeadlessTests\bin\Debug\net10.0\CcpClient.HeadlessTests.dll" adapterTypeName="executor://xunit/VsTestRunner3/netcore/" className="CcpClient.HeadlessTests.QuickToggleDispatchHeadlessTests" name="EnterKey_WhenFocused_TogglesSameOperation_AsRightClick" />
    </UnitTest>
    <UnitTest name="CcpClient.HeadlessTests.AvatarTubeHeadlessTests.PauseButton_FreezesPipeline_ResumeContinuesSuccessor" storage="c:\code\conditioning-control-panel---csharp-wpf\.worktrees\spine-20260812t203752\lane-1\client\tests\ccpclient.headlesstests\bin\debug\net10.0\ccpclient.headlesstests.dll" id="63c945a9-570d-23f3-3c83-12996fb1184b">
      <Execution id="4a64e107-64c4-49d7-b1a2-41caa67326e3" />
      <TestMethod codeBase="C:\Code\Conditioning-Control-Panel---CSharp-WPF\.worktrees\spine-20260812T203752\lane-1\client\tests\CcpClient.HeadlessTests\bin\Debug\net10.0\CcpClient.HeadlessTests.dll" adapterTypeName="executor://xunit/VsTestRunner3/netcore/" className="CcpClient.HeadlessTests.AvatarTubeHeadlessTests" name="PauseButton_FreezesPipeline_ResumeContinuesSuccessor" />
    </UnitTest>
    <UnitTest name="CcpClient.HeadlessTests.QuickToggleDispatchHeadlessTests.RightClickPress_OnCardBody_TogglesThroughStableIdPath" storage="c:\code\conditioning-control-panel---csharp-wpf\.worktrees\spine-20260812t203752\lane-1\client\tests\ccpclient.headlesstests\bin\debug\net10.0\ccpclient.headlesstests.dll" id="2c3eb85d-eda8-2be3-955e-839773a60b44">
      <Execution id="07d922a8-b7bb-468e-b384-98a5adbedb43" />
      <TestMethod codeBase="C:\Code\Conditioning-Control-Panel---CSharp-WPF\.worktrees\spine-20260812T203752\lane-1\client\tests\CcpClient.HeadlessTests\bin\Debug\net10.0\CcpClient.HeadlessTests.dll" adapterTypeName="executor://xunit/VsTestRunner3/netcore/" className="CcpClient.HeadlessTests.QuickToggleDispatchHeadlessTests" name="RightClickPress_OnCardBody_TogglesThroughStableIdPath" />
    </UnitTest>
    <UnitTest name="CcpClient.HeadlessTests.FeaturePopupHeadlessTests.OneAtATime_CloseExistingBeforeNew" storage="c:\code\conditioning-control-panel---csharp-wpf\.worktrees\spine-20260812t203752\lane-1\client\tests\ccpclient.headlesstests\bin\debug\net10.0\ccpclient.headlesstests.dll" id="2d6e7587-f44a-049d-d426-d41d493f6200">
      <Execution id="67caa67b-2f4e-4438-952f-75e4f162ee26" />
      <TestMethod codeBase="C:\Code\Conditioning-Control-Panel---CSharp-WPF\.worktrees\spine-20260812T203752\lane-1\client\tests\CcpClient.HeadlessTests\bin\Debug\net10.0\CcpClient.HeadlessTests.dll" adapterTypeName="executor://xunit/VsTestRunner3/netcore/" className="CcpClient.HeadlessTests.FeaturePopupHeadlessTests" name="OneAtATime_CloseExistingBeforeNew" />
    </UnitTest>
    <UnitTest name="CcpClient.HeadlessTests.FeaturePopupHeadlessTests.LeftClick_OpensOwnedModelessPopup_WithContractChrome" storage="c:\code\conditioning-control-panel---csharp-wpf\.worktrees\spine-20260812t203752\lane-1\client\tests\ccpclient.headlesstests\bin\debug\net10.0\ccpclient.headlesstests.dll" id="dc79649f-64d6-0e09-3e17-509466a42e10">
      <Execution id="bec9798b-442f-49d8-ade7-f1ba111b1105" />
      <TestMethod codeBase="C:\Code\Conditioning-Control-Panel---CSharp-WPF\.worktrees\spine-20260812T203752\lane-1\client\tests\CcpClient.HeadlessTests\bin\Debug\net10.0\CcpClient.HeadlessTests.dll" adapterTypeName="executor://xunit/VsTestRunner3/netcore/" className="CcpClient.HeadlessTests.FeaturePopupHeadlessTests" name="LeftClick_OpensOwnedModelessPopup_WithContractChrome" />
    </UnitTest>
  </TestDefinitions>
  <TestEntries>
    <TestEntry testId="cd9fe552-49ba-1d17-ec86-6f7b8c828d72" executionId="1124bd1b-a356-42d8-9724-a41f6e832525" testListId="8c84fa94-04c1-424b-9868-57a2d4851a1d" />
    <TestEntry testId="035e6bde-e96c-f9bc-c00a-a00fbbef97ad" executionId="84b6e67f-aeb9-47f5-bcb1-66855956033c" testListId="8c84fa94-04c1-424b-9868-57a2d4851a1d" />
    <TestEntry testId="1214411f-fe42-50b5-c40b-103b87443a40" executionId="e7bacbc8-bca2-49bb-9a38-c341d1b42123" testListId="8c84fa94-04c1-424b-9868-57a2d4851a1d" />
    <TestEntry testId="2e779db8-3cdb-b849-bd10-e9de5ea76575" executionId="2daf0f33-0d52-4450-8dec-b4675ad7bbbd" testListId="8c84fa94-04c1-424b-9868-57a2d4851a1d" />
    <TestEntry testId="d1a7cf47-c060-67b2-0520-7751e2e67f2c" executionId="ee56abdc-6822-4149-b0e3-895d4ee82961" testListId="8c84fa94-04c1-424b-9868-57a2d4851a1d" />
    <TestEntry testId="c32dd0ae-490e-4c67-10b0-2c768c8c0d88" executionId="71421f95-8836-40b6-b33c-3572ded837bc" testListId="8c84fa94-04c1-424b-9868-57a2d4851a1d" />
    <TestEntry testId="f38f9e94-deb8-2bb6-3a21-8df4bca0693c" executionId="6d73f128-00a1-41d9-8661-7556f4de2096" testListId="8c84fa94-04c1-424b-9868-57a2d4851a1d" />
    <TestEntry testId="16be08e5-790a-3391-5c3c-4666308eca90" executionId="7118ee0d-17ad-4c58-b403-7b17cb9cfd9e" testListId="8c84fa94-04c1-424b-9868-57a2d4851a1d" />
    <TestEntry testId="98e2b4ff-7470-80d5-0843-f0427ba25a33" executionId="17e9dd83-1cc4-46e4-8c7f-51068bdf1265" testListId="8c84fa94-04c1-424b-9868-57a2d4851a1d" />
    <TestEntry testId="51b6198f-e3f0-881f-7d60-dfc8d0f6724c" executionId="dad5fe45-7073-4f24-86d0-c18df498280a" testListId="8c84fa94-04c1-424b-9868-57a2d4851a1d" />
    <TestEntry testId="ae0a6971-742a-f04f-82b4-17c46b8c2c64" executionId="128cdf65-c62d-44fb-a1c6-acb5537a033f" testListId="8c84fa94-04c1-424b-9868-57a2d4851a1d" />
    <TestEntry testId="b5385d02-785b-1c22-efc3-1489d2386240" executionId="22f8fb2a-2061-421b-b5a9-ffa812cbda43" testListId="8c84fa94-04c1-424b-9868-57a2d4851a1d" />
    <TestEntry testId="2d6e7587-f44a-049d-d426-d41d493f6200" executionId="67caa67b-2f4e-4438-952f-75e4f162ee26" testListId="8c84fa94-04c1-424b-9868-57a2d4851a1d" />
    <TestEntry testId="b8bbae0c-1de7-87d7-a66d-9e0028ccdd4b" executionId="e28bd1e3-c7f3-4e81-b2cb-30a4396c8a78" testListId="8c84fa94-04c1-424b-9868-57a2d4851a1d" />
    <TestEntry testId="3a8fe4cb-6b90-ad18-7e14-0c51c9462a40" executionId="a0c91d86-5ff1-4d2c-b1df-21847a2277da" testListId="8c84fa94-04c1-424b-9868-57a2d4851a1d" />
    <TestEntry testId="56cb8fcc-3e7f-7ac2-f0d3-71fa73d020e0" executionId="151929df-c5f8-4598-9983-5c2384342310" testListId="8c84fa94-04c1-424b-9868-57a2d4851a1d" />
    <TestEntry testId="99e9d677-0d86-4b85-468c-c4b80d0a53c8" executionId="a6e7d1b1-b1f8-463e-951a-ef5e86158f61" testListId="8c84fa94-04c1-424b-9868-57a2d4851a1d" />
    <TestEntry testId="5483dd7b-37f9-8bc7-6b4b-fbb130ff23a1" executionId="df069ef2-6f02-43e3-91e4-004fa45c4f1d" testListId="8c84fa94-04c1-424b-9868-57a2d4851a1d" />
    <TestEntry testId="308a579d-9375-db6f-1404-67c3a1968e33" executionId="5388bb00-5e9a-4957-b6cf-e62fb07d686e" testListId="8c84fa94-04c1-424b-9868-57a2d4851a1d" />
    <TestEntry testId="ceecf6fd-1fad-a1f2-d6ac-ca285f642eb1" executionId="fe82ae40-0126-487a-bf93-541c92d90586" testListId="8c84fa94-04c1-424b-9868-57a2d4851a1d" />
    <TestEntry testId="63c945a9-570d-23f3-3c83-12996fb1184b" executionId="4a64e107-64c4-49d7-b1a2-41caa67326e3" testListId="8c84fa94-04c1-424b-9868-57a2d4851a1d" />
    <TestEntry testId="0683e385-8b9a-00bb-7bf8-8427ab596272" executionId="d75fbf5d-bcb2-4c5b-b9f9-85638eb4e12a" testListId="8c84fa94-04c1-424b-9868-57a2d4851a1d" />
    <TestEntry testId="6b096e8d-2d36-390c-763d-38ca75777864" executionId="4b864d31-92c5-4a8f-9acb-e1bc4a807800" testListId="8c84fa94-04c1-424b-9868-57a2d4851a1d" />
    <TestEntry testId="29da4c67-619d-a475-9dbf-b69128795166" executionId="ba7c7815-d2b7-4747-9850-2de1acd47906" testListId="8c84fa94-04c1-424b-9868-57a2d4851a1d" />
    <TestEntry testId="299a18b5-088d-7378-2b22-4153595ae375" executionId="2836e8a7-2d71-4989-ac01-ef94c45d9618" testListId="8c84fa94-04c1-424b-9868-57a2d4851a1d" />
    <TestEntry testId="dc79649f-64d6-0e09-3e17-509466a42e10" executionId="bec9798b-442f-49d8-ade7-f1ba111b1105" testListId="8c84fa94-04c1-424b-9868-57a2d4851a1d" />
    <TestEntry testId="7136725b-d091-3452-d5bd-a5944e366e31" executionId="a36870f8-4575-43c7-99c8-3ae13709cd51" testListId="8c84fa94-04c1-424b-9868-57a2d4851a1d" />
    <TestEntry testId="c761175a-69e3-2b53-e8e1-38363a5d7eb7" executionId="95de737c-0297-4b01-ba7d-7e13d262c32b" testListId="8c84fa94-04c1-424b-9868-57a2d4851a1d" />
    <TestEntry testId="2c3eb85d-eda8-2be3-955e-839773a60b44" executionId="07d922a8-b7bb-468e-b384-98a5adbedb43" testListId="8c84fa94-04c1-424b-9868-57a2d4851a1d" />
    <TestEntry testId="b550f0f2-0986-f423-452b-f8ce0668ea97" executionId="d5796588-a45d-45ea-8559-a4efc6bb1794" testListId="8c84fa94-04c1-424b-9868-57a2d4851a1d" />
    <TestEntry testId="77e1ec1a-66e2-9903-c1d2-98aaa8401696" executionId="bb8e391e-75ef-44cd-84a3-104ead6d538b" testListId="8c84fa94-04c1-424b-9868-57a2d4851a1d" />
    <TestEntry testId="a69b8935-a743-56ab-4621-cccd60a203e7" executionId="8c7dd6a3-d369-4681-9b05-ab3036850719" testListId="8c84fa94-04c1-424b-9868-57a2d4851a1d" />
    <TestEntry testId="9bf72dd2-8b33-d859-97f9-1c908a0f599f" executionId="6c0488c3-748b-4f41-a090-4f9e32c22ed3" testListId="8c84fa94-04c1-424b-9868-57a2d4851a1d" />
    <TestEntry testId="7cc2bb4f-36fa-6a6f-7e5f-39784f19e5eb" executionId="143bdcea-e1e1-48fe-bbf7-57172153760a" testListId="8c84fa94-04c1-424b-9868-57a2d4851a1d" />
    <TestEntry testId="b209f7cb-4560-11fa-64a1-95cb0cee5de3" executionId="06cf7b54-b6ed-4ec9-968f-baa984cd3640" testListId="8c84fa94-04c1-424b-9868-57a2d4851a1d" />
  </TestEntries>
  <TestLists>
    <TestList name="Results Not in a List" id="8c84fa94-04c1-424b-9868-57a2d4851a1d" />
    <TestList name="All Loaded Results" id="19431567-8539-422a-85d7-44ee4e166bda" />
  </TestLists>
  <ResultSummary outcome="Completed">
    <Counters total="35" executed="35" passed="35" failed="0" error="0" timeout="0" aborted="0" inconclusive="0" passedButRunAborted="0" notRunnable="0" notExecuted="0" disconnected="0" warning="0" completed="0" inProgress="0" pending="0" />
    <Output>
      <StdOut>[xUnit.net 00:00:00.00] xUnit.net VSTest Adapter v3.1.5+1b188a7b0a (64-bit .NET 10.0.11)&#xD;
[xUnit.net 00:00:00.33]   Discovering: CcpClient.HeadlessTests&#xD;
[xUnit.net 00:00:00.72]   Discovered:  CcpClient.HeadlessTests&#xD;
[xUnit.net 00:00:01.08]   Starting:    CcpClient.HeadlessTests&#xD;
dtrh: payload root 'C:\Code\Conditioning-Control-Panel---CSharp-WPF\.worktrees\spine-20260812T203752\lane-1\client\tests\CcpClient.HeadlessTests\bin\Debug\net10.0\payload\dtrh' -&gt; Present (1542 files)&#xD;
dtrh-loopback: page+media origins bound on 127.0.0.1 (ephemeral)&#xD;
layout-probe: card 488.0x92.0 DIP @ scale 1 @ screen 16,44&#xD;
dtrh: participant stop begin&#xD;
dtrh: participant stop end&#xD;
dtrh: payload root 'C:\Code\Conditioning-Control-Panel---CSharp-WPF\.worktrees\spine-20260812T203752\lane-1\client\tests\CcpClient.HeadlessTests\bin\Debug\net10.0\payload\dtrh' -&gt; Present (1542 files)&#xD;
dtrh-loopback: page+media origins bound on 127.0.0.1 (ephemeral)&#xD;
layout-probe: card 488.0x92.0 DIP @ scale 1 @ screen 16,44&#xD;
dtrh: participant stop begin&#xD;
dtrh: participant stop end&#xD;
dtrh: payload root 'C:\Code\Conditioning-Control-Panel---CSharp-WPF\.worktrees\spine-20260812T203752\lane-1\client\tests\CcpClient.HeadlessTests\bin\Debug\net10.0\payload\dtrh' -&gt; Present (1542 files)&#xD;
dtrh-loopback: page+media origins bound on 127.0.0.1 (ephemeral)&#xD;
layout-probe: card 488.0x92.0 DIP @ scale 1 @ screen 16,44&#xD;
dtrh: participant stop begin&#xD;
dtrh: participant stop end&#xD;
dtrh: payload root 'C:\Code\Conditioning-Control-Panel---CSharp-WPF\.worktrees\spine-20260812T203752\lane-1\client\tests\CcpClient.HeadlessTests\bin\Debug\net10.0\payload\dtrh' -&gt; Present (1542 files)&#xD;
dtrh-loopback: page+media origins bound on 127.0.0.1 (ephemeral)&#xD;
layout-probe: card 488.0x92.0 DIP @ scale 1 @ screen 16,44&#xD;
avatar-capability: Available — pack 'circuit' decoded&#xD;
dtrh: participant stop begin&#xD;
dtrh: participant stop end&#xD;
dtrh: payload root 'C:\Code\Conditioning-Control-Panel---CSharp-WPF\.worktrees\spine-20260812T203752\lane-1\client\tests\CcpClient.HeadlessTests\bin\Debug\net10.0\payload\dtrh' -&gt; Present (1542 files)&#xD;
dtrh-loopback: page+media origins bound on 127.0.0.1 (ephemeral)&#xD;
layout-probe: card 488.0x92.0 DIP @ scale 1 @ screen 16,44&#xD;
dtrh: participant stop begin&#xD;
dtrh: participant stop end&#xD;
dtrh: payload root 'C:\Code\Conditioning-Control-Panel---CSharp-WPF\.worktrees\spine-20260812T203752\lane-1\client\tests\CcpClient.HeadlessTests\bin\Debug\net10.0\payload\dtrh' -&gt; Present (1542 files)&#xD;
dtrh-loopback: page+media origins bound on 127.0.0.1 (ephemeral)&#xD;
layout-probe: card 488.0x92.0 DIP @ scale 1 @ screen 16,44&#xD;
dtrh: participant stop begin&#xD;
dtrh: participant stop end&#xD;
dtrh: payload root 'C:\Code\Conditioning-Control-Panel---CSharp-WPF\.worktrees\spine-20260812T203752\lane-1\client\tests\CcpClient.HeadlessTests\bin\Debug\net10.0\payload\dtrh' -&gt; Present (1542 files)&#xD;
dtrh-loopback: page+media origins bound on 127.0.0.1 (ephemeral)&#xD;
layout-probe: card 488.0x92.0 DIP @ scale 1 @ screen 16,44&#xD;
dtrh: participant stop begin&#xD;
dtrh: participant stop end&#xD;
dtrh: payload root 'C:\Code\Conditioning-Control-Panel---CSharp-WPF\.worktrees\spine-20260812T203752\lane-1\client\tests\CcpClient.HeadlessTests\bin\Debug\net10.0\payload\dtrh' -&gt; Present (1542 files)&#xD;
dtrh-loopback: page+media origins bound on 127.0.0.1 (ephemeral)&#xD;
layout-probe: card 488.0x92.0 DIP @ scale 1 @ screen 16,44&#xD;
dtrh: participant stop begin&#xD;
dtrh: participant stop end&#xD;
dtrh: payload root 'C:\Code\Conditioning-Control-Panel---CSharp-WPF\.worktrees\spine-20260812T203752\lane-1\client\tests\CcpClient.HeadlessTests\bin\Debug\net10.0\payload\dtrh' -&gt; Present (1542 files)&#xD;
dtrh-loopback: page+media origins bound on 127.0.0.1 (ephemeral)&#xD;
layout-probe: card 488.0x92.0 DIP @ scale 1 @ screen 16,44&#xD;
avatar-capability: Available — pack 'circuit' decoded&#xD;
dtrh: participant stop begin&#xD;
dtrh: participant stop end&#xD;
dtrh: payload root 'C:\Code\Conditioning-Control-Panel---CSharp-WPF\.worktrees\spine-20260812T203752\lane-1\client\tests\CcpClient.HeadlessTests\bin\Debug\net10.0\payload\dtrh' -&gt; Present (1542 files)&#xD;
dtrh-loopback: page+media origins bound on 127.0.0.1 (ephemeral)&#xD;
layout-probe: card 488.0x92.0 DIP @ scale 1 @ screen 16,44&#xD;
dtrh: participant stop begin&#xD;
dtrh: participant stop end&#xD;
dtrh: payload root 'C:\Code\Conditioning-Control-Panel---CSharp-WPF\.worktrees\spine-20260812T203752\lane-1\client\tests\CcpClient.HeadlessTests\bin\Debug\net10.0\payload\dtrh' -&gt; Present (1542 files)&#xD;
dtrh-loopback: page+media origins bound on 127.0.0.1 (ephemeral)&#xD;
layout-probe: card 488.0x92.0 DIP @ scale 1 @ screen 16,44&#xD;
dtrh: participant stop begin&#xD;
dtrh: participant stop end&#xD;
dtrh: payload root 'C:\Code\Conditioning-Control-Panel---CSharp-WPF\.worktrees\spine-20260812T203752\lane-1\client\tests\CcpClient.HeadlessTests\bin\Debug\net10.0\payload\dtrh' -&gt; Present (1542 files)&#xD;
dtrh-loopback: page+media origins bound on 127.0.0.1 (ephemeral)&#xD;
layout-probe: card 488.0x92.0 DIP @ scale 1 @ screen 16,44&#xD;
dtrh: participant stop begin&#xD;
dtrh: participant stop end&#xD;
dtrh: payload root 'C:\Code\Conditioning-Control-Panel---CSharp-WPF\.worktrees\spine-20260812T203752\lane-1\client\tests\CcpClient.HeadlessTests\bin\Debug\net10.0\payload\dtrh' -&gt; Present (1542 files)&#xD;
dtrh-loopback: page+media origins bound on 127.0.0.1 (ephemeral)&#xD;
layout-probe: card 488.0x92.0 DIP @ scale 1 @ screen 16,44&#xD;
dtrh: participant stop begin&#xD;
dtrh: participant stop end&#xD;
dtrh: payload root 'C:\Code\Conditioning-Control-Panel---CSharp-WPF\.worktrees\spine-20260812T203752\lane-1\client\tests\CcpClient.HeadlessTests\bin\Debug\net10.0\payload\dtrh' -&gt; Present (1542 files)&#xD;
dtrh-loopback: page+media origins bound on 127.0.0.1 (ephemeral)&#xD;
layout-probe: card 488.0x92.0 DIP @ scale 1 @ screen 16,44&#xD;
avatar-capability: Available — pack 'circuit' decoded&#xD;
avatar-capability: Degraded (asset-undecodable) — pack 'pulse' sheet 'Assets/avatar/pack-pulse.bmp' is undecodable: bmp: missing BM signature&#xD;
dtrh: participant stop begin&#xD;
dtrh: participant stop end&#xD;
dtrh: payload root 'C:\Code\Conditioning-Control-Panel---CSharp-WPF\.worktrees\spine-20260812T203752\lane-1\client\tests\CcpClient.HeadlessTests\bin\Debug\net10.0\payload\dtrh' -&gt; Present (1542 files)&#xD;
dtrh-loopback: page+media origins bound on 127.0.0.1 (ephemeral)&#xD;
layout-probe: card 488.0x92.0 DIP @ scale 1 @ screen 16,44&#xD;
dtrh: participant stop begin&#xD;
dtrh: participant stop end&#xD;
dtrh: payload root 'C:\Code\Conditioning-Control-Panel---CSharp-WPF\.worktrees\spine-20260812T203752\lane-1\client\tests\CcpClient.HeadlessTests\bin\Debug\net10.0\payload\dtrh' -&gt; Present (1542 files)&#xD;
dtrh-loopback: page+media origins bound on 127.0.0.1 (ephemeral)&#xD;
layout-probe: card 488.0x92.0 DIP @ scale 1 @ screen 16,44&#xD;
dtrh: participant stop begin&#xD;
dtrh: participant stop end&#xD;
dtrh: payload root 'C:\Code\Conditioning-Control-Panel---CSharp-WPF\.worktrees\spine-20260812T203752\lane-1\client\tests\CcpClient.HeadlessTests\bin\Debug\net10.0\payload\dtrh' -&gt; Present (1542 files)&#xD;
dtrh-loopback: page+media origins bound on 127.0.0.1 (ephemeral)&#xD;
layout-probe: card 488.0x92.0 DIP @ scale 1 @ screen 16,44&#xD;
dtrh: participant stop begin&#xD;
dtrh: participant stop end&#xD;
dtrh: payload root 'C:\Code\Conditioning-Control-Panel---CSharp-WPF\.worktrees\spine-20260812T203752\lane-1\client\tests\CcpClient.HeadlessTests\bin\Debug\net10.0\payload\dtrh' -&gt; Present (1542 files)&#xD;
dtrh-loopback: page+media origins bound on 127.0.0.1 (ephemeral)&#xD;
layout-probe: card 488.0x92.0 DIP @ scale 1 @ screen 16,44&#xD;
avatar-capability: Available — pack 'circuit' decoded&#xD;
dtrh: participant stop begin&#xD;
dtrh: participant stop end&#xD;
dtrh: payload root 'C:\Code\Conditioning-Control-Panel---CSharp-WPF\.worktrees\spine-20260812T203752\lane-1\client\tests\CcpClient.HeadlessTests\bin\Debug\net10.0\payload\dtrh' -&gt; Present (1542 files)&#xD;
dtrh-loopback: page+media origins bound on 127.0.0.1 (ephemeral)&#xD;
layout-probe: card 488.0x92.0 DIP @ scale 1 @ screen 16,44&#xD;
dtrh: participant stop begin&#xD;
dtrh: participant stop end&#xD;
dtrh: payload root 'C:\Code\Conditioning-Control-Panel---CSharp-WPF\.worktrees\spine-20260812T203752\lane-1\client\tests\CcpClient.HeadlessTests\bin\Debug\net10.0\payload\dtrh' -&gt; Present (1542 files)&#xD;
dtrh-loopback: page+media origins bound on 127.0.0.1 (ephemeral)&#xD;
layout-probe: card 488.0x92.0 DIP @ scale 1 @ screen 16,44&#xD;
avatar-capability: Available — pack 'circuit' decoded&#xD;
dtrh: participant stop begin&#xD;
dtrh: participant stop end&#xD;
dtrh: payload root 'C:\Code\Conditioning-Control-Panel---CSharp-WPF\.worktrees\spine-20260812T203752\lane-1\client\tests\CcpClient.HeadlessTests\bin\Debug\net10.0\payload\dtrh' -&gt; Present (1542 files)&#xD;
dtrh-loopback: page+media origins bound on 127.0.0.1 (ephemeral)&#xD;
layout-probe: card 488.0x92.0 DIP @ scale 1 @ screen 16,44&#xD;
dtrh: participant stop begin&#xD;
dtrh: participant stop end&#xD;
dtrh: payload root 'C:\Code\Conditioning-Control-Panel---CSharp-WPF\.worktrees\spine-20260812T203752\lane-1\client\tests\CcpClient.HeadlessTests\bin\Debug\net10.0\payload\dtrh' -&gt; Present (1542 files)&#xD;
dtrh-loopback: page+media origins bound on 127.0.0.1 (ephemeral)&#xD;
layout-probe: card 488.0x92.0 DIP @ scale 1 @ screen 16,44&#xD;
avatar-capability: Available — pack 'circuit' decoded&#xD;
dtrh: participant stop begin&#xD;
dtrh: participant stop end&#xD;
dtrh: payload root 'C:\Code\Conditioning-Control-Panel---CSharp-WPF\.worktrees\spine-20260812T203752\lane-1\client\tests\CcpClient.HeadlessTests\bin\Debug\net10.0\payload\dtrh' -&gt; Present (1542 files)&#xD;
dtrh-loopback: page+media origins bound on 127.0.0.1 (ephemeral)&#xD;
layout-probe: card 488.0x92.0 DIP @ scale 1 @ screen 16,44&#xD;
dtrh: participant stop begin&#xD;
dtrh: participant stop end&#xD;
dtrh: payload root 'C:\Code\Conditioning-Control-Panel---CSharp-WPF\.worktrees\spine-20260812T203752\lane-1\client\tests\CcpClient.HeadlessTests\bin\Debug\net10.0\payload\dtrh' -&gt; Present (1542 files)&#xD;
dtrh-loopback: page+media origins bound on 127.0.0.1 (ephemeral)&#xD;
layout-probe: card 488.0x92.0 DIP @ scale 1 @ screen 16,44&#xD;
avatar-capability: Available — pack 'circuit' decoded&#xD;
dtrh: participant stop begin&#xD;
dtrh: participant stop end&#xD;
dtrh: payload root 'C:\Code\Conditioning-Control-Panel---CSharp-WPF\.worktrees\spine-20260812T203752\lane-1\client\tests\CcpClient.HeadlessTests\bin\Debug\net10.0\payload\dtrh' -&gt; Present (1542 files)&#xD;
dtrh-loopback: page+media origins bound on 127.0.0.1 (ephemeral)&#xD;
layout-probe: card 488.0x92.0 DIP @ scale 1 @ screen 16,44&#xD;
dtrh: participant stop begin&#xD;
dtrh: participant stop end&#xD;
dtrh: payload root 'C:\Code\Conditioning-Control-Panel---CSharp-WPF\.worktrees\spine-20260812T203752\lane-1\client\tests\CcpClient.HeadlessTests\bin\Debug\net10.0\payload\dtrh' -&gt; Present (1542 files)&#xD;
dtrh-loopback: page+media origins bound on 127.0.0.1 (ephemeral)&#xD;
layout-probe: card 488.0x92.0 DIP @ scale 1 @ screen 16,44&#xD;
dtrh: participant stop begin&#xD;
dtrh: participant stop end&#xD;
[xUnit.net 00:00:17.36]   Finished:    CcpClient.HeadlessTests (ID = 'ebf54b590c778d235d99f9e7ac1925e34ebd3d59aedb0bf7b720c3a8c5ce48d1')&#xD;
</StdOut>
    </Output>
  </ResultSummary>
</TestRun>