dtrh-loopback: page+media origins bound on 127.0.0.1 (ephemeral)
layout-probe: card 488.0x77.0 DIP @ scale 1 @ screen 154,208
dtrh: quick start — reusing slot 1 (picker skipped by design)
dtrh-slots: live save is now slot 1
dtrh: descending into slot 1
dtrh: host window opening on slot 1
dtrh-meta: asset-stats name comparer normalized (case-insensitive, WPF load parity)
dtrh: meta engine bound to slot 1
dtrh-audio: 13 render endpoint(s): Browser (BEACN Studio) | Aux 2 / Hardware (BEACN Studio) | System (BEACN Studio) (default) | Link 4 Out (BEACN Studio) | Link 3 Out (BEACN Studio) | Chat (BEACN Studio) | Aux 1 / Hardware (BEACN Studio) | Mic Relay (Do Not Use) (BEACN Studio) | Game (BEACN Studio) | Link Out (BEACN Studio) | Headphones (BEACN Studio) | Link 2 Out (BEACN Studio) | Music (BEACN Studio)
dtrh-audio: playback device up (requested default)
dtrh: native effects up (SFX pool 8/drop, voice, vmem video, freeze)
dtrh: WebView2 UserDataFolder set; autoplay-policy=no-user-gesture-required
dtrh: navigating embedded surface (page index.html)
dtrh: fx-drive armed (HARNESS-ONLY): request-run@8
dtrh: auto-close armed at 195s
dtrh: AdapterCreated info='DetailedWebViewAdapterInfo { Type = WebView2, Engine = Blink, Version = 150.0.4078.83, IsSupported = True, IsInstalled = True, UnavailableReason = , SupportedScenarios = NativeControlHost }'
dtrh-loopback: GET /dtrh/index.html/… -> 200 (page:payload)
dtrh-loopback: GET /dtrh/boot.js/… -> 200 (page:payload)
dtrh-loopback: GET /dtrh/styles.css/… -> 200 (page:payload)
dtrh-loopback: GET /dtrh/bridge.js/… -> 200 (page:overlay)
dtrh-loopback: GET /dtrh/modContent.js/… -> 200 (page:payload)
dtrh-loopback: GET /dtrh/hostMedia.js/… -> 200 (page:payload)
dtrh-loopback: GET /dtrh/engine/… -> 200 (page:payload)
dtrh-loopback: GET /dtrh/shared/… -> 200 (page:payload)
dtrh-loopback: GET /dtrh/game/… -> 200 (page:payload)
dtrh-loopback: GET /dtrh/game/… -> 200 (page:payload)
dtrh-loopback: GET /dtrh/game/… -> 200 (page:payload)
dtrh-loopback: GET /dtrh/game/… -> 200 (page:payload)
dtrh-loopback: GET /dtrh/game/… -> 200 (page:payload)
dtrh-loopback: GET /dtrh/game/… -> 200 (page:payload)
dtrh-loopback: GET /dtrh/game/… -> 200 (page:payload)
dtrh-loopback: GET /dtrh/game/… -> 200 (page:payload)
dtrh-loopback: GET /dtrh/game/… -> 200 (page:payload)
dtrh-loopback: GET /dtrh/game/… -> 200 (page:payload)
dtrh-loopback: GET /dtrh/engine/… -> 200 (page:payload)
dtrh-loopback: GET /dtrh/engine/… -> 200 (page:payload)
dtrh-loopback: GET /dtrh/game/… -> 200 (page:payload)
dtrh-loopback: GET /dtrh/game/… -> 200 (page:payload)
dtrh-loopback: GET /dtrh/game/… -> 200 (page:payload)
dtrh-loopback: GET /dtrh/game/… -> 200 (page:payload)
dtrh-loopback: GET /dtrh/game/… -> 200 (page:payload)
dtrh-loopback: GET /dtrh/game/… -> 200 (page:payload)
dtrh-loopback: GET /dtrh/game/… -> 200 (page:payload)
dtrh-loopback: GET /dtrh/engine/… -> 200 (page:payload)
dtrh-loopback: GET /dtrh/game/… -> 200 (page:payload)
dtrh-loopback: GET /dtrh/game/… -> 200 (page:payload)
dtrh-loopback: GET /dtrh/game/… -> 200 (page:payload)
dtrh-loopback: GET /dtrh/game/… -> 200 (page:payload)
dtrh-loopback: GET /dtrh/game/… -> 200 (page:payload)
dtrh-loopback: GET /dtrh/game/… -> 200 (page:payload)
dtrh-loopback: GET /dtrh/assets/… -> 200 (page:payload)
dtrh-loopback: GET /dtrh/game/… -> 200 (page:payload)
dtrh-loopback: GET /dtrh/shared/… -> 200 (page:payload)
dtrh-loopback: GET /dtrh/engine/… -> 200 (page:payload)
dtrh-loopback: GET /dtrh/game/… -> 200 (page:payload)
dtrh-loopback: GET /dtrh/game/… -> 200 (page:payload)
dtrh-loopback: GET /dtrh/game/… -> 200 (page:payload)
dtrh-loopback: GET /dtrh/assets/… -> 200 (page:payload)
dtrh-loopback: GET /dtrh/shared/… -> 200 (page:payload)
dtrh-loopback: GET /dtrh/engine/… -> 200 (page:payload)
dtrh: ready received — flushing init+manifest
dtrh-loopback: GET /dtrh/shared/… -> 200 (page:payload)
dtrh-loopback: GET /dtrh/shared/… -> 200 (page:payload)
dtrh-loopback: GET /dtrh/shared/… -> 200 (page:payload)
dtrh-loopback: GET /dtrh/engine/… -> 200 (page:payload)
dtrh-loopback: GET /dtrh/engine/… -> 200 (page:payload)
dtrh-loopback: GET /dtrh/engine/… -> 200 (page:payload)
dtrh-loopback: GET /dtrh/engine/… -> 200 (page:payload)
dtrh-loopback: GET /dtrh/vendor/… -> 200 (page:payload)
dtrh-loopback: GET /dtrh/engine/… -> 200 (page:payload)
dtrh-loopback: GET /dtrh/engine/… -> 200 (page:payload)
dtrh-loopback: GET /dtrh/engine/… -> 200 (page:payload)
dtrh-loopback: GET /dtrh/engine/… -> 200 (page:payload)
dtrh-loopback: GET /dtrh/engine/… -> 200 (page:payload)
dtrh-loopback: GET /dtrh/engine/… -> 200 (page:payload)
dtrh-loopback: GET /dtrh/engine/… -> 200 (page:payload)
dtrh-loopback: GET /dtrh/engine/… -> 200 (page:payload)
dtrh-loopback: GET /dtrh/engine/… -> 200 (page:payload)
dtrh-loopback: GET /dtrh/engine/… -> 200 (page:payload)
dtrh-loopback: GET /favicon.ico/ -> 404
dtrh-loopback: GET /dtrh/assets/… -> 200 (page:payload)
dtrh-media: manifest — 2 image(s), 1 video(s), 0 skipped
dtrh: loom-list posted (1 spiral(s))
dtrh page log: boot: ready posted, waiting for init + manifest
dtrh: NavigationCompleted success=True (surface embedded)
dtrh: focus claimed at ready; document.hasFocus()=true
dtrh-loopback: GET /dtrh/assets/… -> 200 (page:payload)
dtrh-loopback: GET /dtrh/assets/… -> 200 (page:payload)
dtrh-loopback: GET /dtrh/assets/… -> 200 (page:payload)
dtrh-loopback: GET /dtrh/assets/… -> 200 (page:payload)
dtrh-loopback: GET /dtrh/assets/… -> 200 (page:payload)
dtrh-loopback: GET /dtrh/assets/… -> 200 (page:payload)
dtrh-loopback: GET /dtrh/assets/… -> 200 (page:payload)
dtrh-loopback: GET /dtrh/assets/… -> 200 (page:payload)
dtrh-loopback: GET /dtrh/assets/… -> 200 (page:payload)
dtrh-loopback: GET /dtrh/assets/… -> 200 (page:payload)
dtrh-loopback: GET /dtrh/assets/… -> 200 (page:payload)
dtrh-loopback: GET /dtrh/assets/… -> 200 (page:payload)
dtrh-loopback: GET /dtrh/assets/… -> 200 (page:payload)
dtrh-loopback: GET /dtrh/assets/… -> 200 (page:payload)
dtrh-loopback: GET /dtrh/vendor/… -> 200 (page:payload)
dtrh-loopback: GET /dtrh/vendor/… -> 200 (page:payload)
dtrh-loopback: GET /dtrh/vendor/… -> 200 (page:payload)
dtrh-loopback: GET /dtrh/vendor/… -> 200 (page:payload)
dtrh-loopback: GET /dtrh/vendor/… -> 200 (page:payload)
dtrh-loopback: GET /dtrh/vendor/… -> 200 (page:payload)
dtrh-loopback: GET /dtrh/vendor/… -> 200 (page:payload)
dtrh-loopback: GET /dtrh/vendor/… -> 200 (page:payload)
dtrh-loopback: GET /dtrh/assets/… -> 206 (page:payload)
dtrh-loopback: GET /umedia/images/… -> 200 (umedia)
dtrh-loopback: GET /umedia/images/… -> 200 (umedia)
dtrh-loopback: GET /umedia/videos/… -> 206 (umedia)
dtrh-loopback: GET /umedia/images/… -> 200 (umedia)
dtrh-loopback: GET /umedia/images/… -> 200 (umedia)
dtrh-loopback: GET /umedia/images/… -> 200 (umedia)
dtrh-loopback: GET /umedia/images/… -> 200 (umedia)
dtrh-loopback: GET /dtrh/assets/… -> 200 (page:payload)
dtrh-loopback: GET /dtrh/assets/… -> 200 (page:payload)
dtrh-loopback: GET /dtrh/assets/… -> 200 (page:payload)
dtrh-loopback: GET /dtrh/assets/… -> 200 (page:payload)
dtrh-loopback: GET /dtrh/assets/… -> 200 (page:payload)
dtrh-loopback: GET /dtrh/assets/… -> 200 (page:payload)
dtrh-loopback: GET /dtrh/assets/… -> 200 (page:payload)
dtrh page log: cheshire: hub scene graduation
dtrh-fx: vn-speaking on — SFX stand down
dtrh page log: reveal pending: pill_teasing (hub_open)
dtrh: 'Bark' deferred to slice voice-arbitration (quips row) (typed, not dropped)
dtrh page log: engine live (game mode)
dtrh: ENGINE LIVE
dtrh-loopback: GET /dtrh/assets/… -> 200 (page:payload)
dtrh-loopback: GET /dtrh/assets/… -> 200 (page:payload)
dtrh-loopback: GET /dtrh/assets/… -> 200 (page:payload)
dtrh-loopback: GET /dtrh/assets/… -> 200 (page:payload)
dtrh-loopback: GET /dtrh/assets/… -> 200 (page:payload)
dtrh-loopback: GET /dtrh/assets/… -> 200 (page:payload)
dtrh-loopback: GET /dtrh/assets/… -> 200 (page:payload)
dtrh-loopback: GET /dtrh/assets/… -> 200 (page:payload)
dtrh-loopback: GET /dtrh/assets/… -> 200 (page:payload)
dtrh-loopback: GET /dtrh/assets/… -> 200 (page:payload)
dtrh-fx: sfx 'reveal_chime' skipped — VN owns the mix
dtrh-loopback: GET /dtrh/assets/… -> 206 (page:payload)
dtrh: heartbeat #1
dtrh: fx-drive injecting 'request-run@8' (raw JSON through the real dispatch path)
dtrh-meta: descent setup persisted (index document, app-global)
dtrh-meta: dealt run config (diff=Easy, scripted=False)
dtrh page log: runcfg: diff=Easy scripted=false runs=3 variants=null draft=false sin=0.28125
dtrh-fx: sfx 'fall_in' skipped — VN owns the mix
dtrh-fx: sfx 'countdown_tick' skipped — VN owns the mix
dtrh-fx: vn-speaking off — mix released
dtrh-fx: sfx 'countdown_tick' unresolved — silent no-op (no candidate on disk)
dtrh-fx: sfx 'countdown_tick' unresolved — silent no-op (no candidate on disk)
dtrh-fx: sfx 'sink' unresolved — silent no-op (no candidate on disk)
dtrh-meta: run started (diff=Easy, mode=dtrh-web)
dtrh-fx: sfx 'depth_change' unresolved — silent no-op (no candidate on disk)
dtrh: 'Bark' deferred to slice voice-arbitration (quips row) (typed, not dropped)
dtrh-loopback: GET /dtrh/assets/… -> 200 (page:payload)
dtrh-loopback: GET /dtrh/assets/… -> 200 (page:payload)
dtrh: 'Bark' deferred to slice voice-arbitration (quips row) (typed, not dropped)
dtrh-loopback: GET /dtrh/assets/… -> 206 (page:payload)
dtrh: 'Bark' deferred to slice voice-arbitration (quips row) (typed, not dropped)
dtrh: 'Bark' deferred to slice voice-arbitration (quips row) (typed, not dropped)
dtrh: 'Bark' deferred to slice voice-arbitration (quips row) (typed, not dropped)
dtrh: 'Bark' deferred to slice voice-arbitration (quips row) (typed, not dropped)
dtrh-loopback: GET /dtrh/assets/… -> 200 (page:payload)
dtrh-fx: sfx 'golden_pop' unresolved — silent no-op (no candidate on disk)
dtrh-loopback: GET /umedia/images/… -> 200 (umedia)
dtrh-loopback: GET /umedia/images/… -> 200 (umedia)
dtrh-fx: vn-speaking on — SFX stand down
dtrh-fx: vn-speaking off — mix released
dtrh-meta: asset-stats merged (1 row(s))
dtrh-loopback: GET /dtrh/assets/… -> 200 (page:payload)
dtrh-loopback: GET /umedia/images/… -> 200 (umedia)
dtrh: 'Bark' deferred to slice voice-arbitration (quips row) (typed, not dropped)
dtrh: 'Bark' deferred to slice voice-arbitration (quips row) (typed, not dropped)
dtrh: 'Bark' deferred to slice voice-arbitration (quips row) (typed, not dropped)
dtrh: 'Bark' deferred to slice voice-arbitration (quips row) (typed, not dropped)
dtrh-loopback: GET /dtrh/assets/… -> 200 (page:payload)
dtrh: heartbeat #16
dtrh-loopback: GET /umedia/images/… -> 200 (umedia)
dtrh-fx: sfx 'trigger' unresolved — silent no-op (no candidate on disk)
dtrh: 'Bark' deferred to slice voice-arbitration (quips row) (typed, not dropped)
dtrh-fx: sfx 'golden_pop' unresolved — silent no-op (no candidate on disk)
dtrh-fx: sfx 'boon_pick' unresolved — silent no-op (no candidate on disk)
dtrh: 'Bark' deferred to slice voice-arbitration (quips row) (typed, not dropped)
dtrh-loopback: GET /umedia/images/… -> 200 (umedia)
dtrh-loopback: GET /umedia/videos/… -> 206 (umedia)
dtrh-loopback: GET /umedia/images/… -> 200 (umedia)
dtrh-loopback: GET /umedia/videos/… -> 206 (umedia)
dtrh-loopback: GET /dtrh/assets/… -> 200 (page:payload)
dtrh: 'Bark' deferred to slice voice-arbitration (quips row) (typed, not dropped)
dtrh-loopback: GET /umedia/images/… -> 200 (umedia)
dtrh-loopback: GET /umedia/images/… -> 200 (umedia)
dtrh-loopback: GET /dtrh/assets/… -> 206 (page:payload)
dtrh-meta: asset-stats merged (3 row(s))
dtrh-loopback: GET /dtrh/assets/… -> 200 (page:payload)
dtrh-loopback: GET /umedia/videos/… -> 206 (umedia)
dtrh-fx: sfx 'boon_pick' unresolved — silent no-op (no candidate on disk)
dtrh: 'Bark' deferred to slice voice-arbitration (quips row) (typed, not dropped)
dtrh-fx: sfx 'trigger' unresolved — silent no-op (no candidate on disk)
dtrh: 'Bark' deferred to slice voice-arbitration (quips row) (typed, not dropped)
dtrh-loopback: GET /umedia/images/… -> 200 (umedia)
dtrh-loopback: GET /dtrh/assets/… -> 200 (page:payload)
dtrh-loopback: GET /umedia/images/… -> 200 (umedia)
dtrh: 'Bark' deferred to slice voice-arbitration (quips row) (typed, not dropped)
dtrh-loopback: GET /umedia/images/… -> 200 (umedia)
dtrh-loopback: GET /umedia/images/… -> 200 (umedia)
dtrh: 'Bark' deferred to slice voice-arbitration (quips row) (typed, not dropped)
dtrh-loopback: GET /dtrh/assets/… -> 200 (page:payload)
dtrh: 'Bark' deferred to slice voice-arbitration (quips row) (typed, not dropped)
dtrh-fx: sfx 'depth_change' unresolved — silent no-op (no candidate on disk)
dtrh: 'Bark' deferred to slice voice-arbitration (quips row) (typed, not dropped)
dtrh-loopback: GET /umedia/images/… -> 200 (umedia)
dtrh-loopback: GET /umedia/images/… -> 200 (umedia)
dtrh-loopback: GET /umedia/images/… -> 200 (umedia)
dtrh-loopback: GET /umedia/images/… -> 200 (umedia)
dtrh-loopback: GET /umedia/images/… -> 200 (umedia)
dtrh-loopback: GET /umedia/images/… -> 200 (umedia)
dtrh-loopback: GET /umedia/images/… -> 200 (umedia)
dtrh-loopback: GET /umedia/images/… -> 200 (umedia)
dtrh-loopback: GET /umedia/images/… -> 200 (umedia)
dtrh-loopback: GET /umedia/images/… -> 200 (umedia)
dtrh-loopback: GET /umedia/images/… -> 200 (umedia)
dtrh-loopback: GET /umedia/images/… -> 200 (umedia)
dtrh-loopback: GET /umedia/images/… -> 200 (umedia)
dtrh-loopback: GET /umedia/images/… -> 200 (umedia)
dtrh-loopback: GET /umedia/images/… -> 200 (umedia)
dtrh-loopback: GET /umedia/images/… -> 200 (umedia)
dtrh-loopback: GET /umedia/images/… -> 200 (umedia)
dtrh-loopback: GET /umedia/images/… -> 200 (umedia)
dtrh-loopback: GET /umedia/images/… -> 200 (umedia)
dtrh-loopback: GET /umedia/images/… -> 200 (umedia)
dtrh-loopback: GET /umedia/images/… -> 200 (umedia)
dtrh-loopback: GET /umedia/images/… -> 200 (umedia)
dtrh-loopback: GET /umedia/images/… -> 200 (umedia)
dtrh-loopback: GET /umedia/images/… -> 200 (umedia)
dtrh-fx: sfx 'time_slow_in' unresolved — silent no-op (no candidate on disk)
dtrh-loopback: GET /umedia/images/… -> 200 (umedia)
dtrh: 'Bark' deferred to slice voice-arbitration (quips row) (typed, not dropped)
dtrh-loopback: GET /umedia/images/… -> 200 (umedia)
dtrh: 'Bark' deferred to slice voice-arbitration (quips row) (typed, not dropped)
dtrh-loopback: GET /umedia/images/… -> 200 (umedia)
dtrh: 'Bark' deferred to slice voice-arbitration (quips row) (typed, not dropped)
dtrh: 'Bark' deferred to slice voice-arbitration (quips row) (typed, not dropped)
dtrh: 'Bark' deferred to slice voice-arbitration (quips row) (typed, not dropped)
dtrh-meta: asset-stats merged (3 row(s))
dtrh-fx: sfx 'time_slow_out' unresolved — silent no-op (no candidate on disk)
dtrh: 'Bark' deferred to slice voice-arbitration (quips row) (typed, not dropped)
dtrh-loopback: GET /umedia/images/… -> 200 (umedia)
dtrh-fx: sfx 'golden_pop' unresolved — silent no-op (no candidate on disk)
dtrh: 'Bark' deferred to slice voice-arbitration (quips row) (typed, not dropped)
dtrh-fx: sfx 'estim_zap' unresolved — silent no-op (no candidate on disk)
dtrh: heartbeat #31
dtrh-loopback: GET /dtrh/assets/… -> 200 (page:payload)
dtrh: 'Bark' deferred to slice voice-arbitration (quips row) (typed, not dropped)
dtrh: 'Bark' deferred to slice voice-arbitration (quips row) (typed, not dropped)
dtrh: 'Bark' deferred to slice voice-arbitration (quips row) (typed, not dropped)
dtrh-fx: sfx 'trigger' unresolved — silent no-op (no candidate on disk)
dtrh: 'Bark' deferred to slice voice-arbitration (quips row) (typed, not dropped)
dtrh-loopback: GET /dtrh/assets/… -> 206 (page:payload)
dtrh: 'Bark' deferred to slice voice-arbitration (quips row) (typed, not dropped)
dtrh-fx: sfx 'tunnel_zone' unresolved — silent no-op (no candidate on disk)
dtrh-loopback: GET /umedia/images/… -> 200 (umedia)
dtrh: 'Bark' deferred to slice voice-arbitration (quips row) (typed, not dropped)
dtrh-loopback: GET /umedia/images/… -> 200 (umedia)
dtrh: 'Bark' deferred to slice voice-arbitration (quips row) (typed, not dropped)
dtrh-fx: sfx 'estim_zap' unresolved — silent no-op (no candidate on disk)
dtrh-meta: asset-stats merged (2 row(s))
dtrh-fx: vn-speaking on — SFX stand down
dtrh-loopback: GET /dtrh/assets/… -> 200 (page:payload)
dtrh-loopback: GET /dtrh/assets/… -> 206 (page:payload)
dtrh-fx: vn-speaking off — mix released
dtrh-loopback: GET /umedia/images/… -> 200 (umedia)
dtrh: 'Bark' deferred to slice voice-arbitration (quips row) (typed, not dropped)
dtrh-fx: sfx 'trigger' unresolved — silent no-op (no candidate on disk)
dtrh-loopback: GET /dtrh/assets/… -> 200 (page:payload)
dtrh: 'Bark' deferred to slice voice-arbitration (quips row) (typed, not dropped)
dtrh-fx: sfx 'trigger' unresolved — silent no-op (no candidate on disk)
dtrh: 'Bark' deferred to slice voice-arbitration (quips row) (typed, not dropped)
dtrh-loopback: GET /dtrh/assets/… -> 200 (page:payload)
dtrh: 'Bark' deferred to slice voice-arbitration (quips row) (typed, not dropped)
dtrh-fx: sfx 'boon_pick' unresolved — silent no-op (no candidate on disk)
dtrh: 'Bark' deferred to slice voice-arbitration (quips row) (typed, not dropped)
dtrh-fx: sfx 'dive' unresolved — silent no-op (no candidate on disk)
dtrh-fx: vn-speaking on — SFX stand down
dtrh-fx: vn-speaking off — mix released
dtrh-fx: sfx 'fx_drain' unresolved — silent no-op (no candidate on disk)
dtrh-loopback: GET /umedia/images/… -> 200 (umedia)
dtrh-fx: sfx 'trigger' unresolved — silent no-op (no candidate on disk)
dtrh: 'Bark' deferred to slice voice-arbitration (quips row) (typed, not dropped)
dtrh: 'Bark' deferred to slice voice-arbitration (quips row) (typed, not dropped)
dtrh-fx: sfx 'estim_zap' unresolved — silent no-op (no candidate on disk)
dtrh-loopback: GET /dtrh/assets/… -> 206 (page:payload)
dtrh-fx: sfx 'trigger' unresolved — silent no-op (no candidate on disk)
dtrh: 'Bark' deferred to slice voice-arbitration (quips row) (typed, not dropped)
dtrh-fx: sfx 'trigger' unresolved — silent no-op (no candidate on disk)
dtrh: 'Bark' deferred to slice voice-arbitration (quips row) (typed, not dropped)
dtrh-loopback: GET /dtrh/assets/… -> 200 (page:payload)
dtrh: 'Bark' deferred to slice voice-arbitration (quips row) (typed, not dropped)
dtrh-fx: sfx 'fx_drain' unresolved — silent no-op (no candidate on disk)
dtrh-loopback: GET /umedia/images/… -> 200 (umedia)
dtrh-fx: sfx 'trigger' unresolved — silent no-op (no candidate on disk)
dtrh: 'Bark' deferred to slice voice-arbitration (quips row) (typed, not dropped)
dtrh: 'Bark' deferred to slice voice-arbitration (quips row) (typed, not dropped)
dtrh-fx: sfx 'estim_zap' unresolved — silent no-op (no candidate on disk)
dtrh: 'Bark' deferred to slice voice-arbitration (quips row) (typed, not dropped)
dtrh-meta: asset-stats merged (2 row(s))
dtrh-fx: sfx 'trigger' unresolved — silent no-op (no candidate on disk)
dtrh: 'Bark' deferred to slice voice-arbitration (quips row) (typed, not dropped)
dtrh-loopback: GET /dtrh/assets/… -> 200 (page:payload)
dtrh-loopback: GET /umedia/images/… -> 200 (umedia)
dtrh-loopback: GET /umedia/images/… -> 200 (umedia)
dtrh-loopback: GET /umedia/videos/… -> 206 (umedia)
dtrh-loopback: GET /umedia/images/… -> 200 (umedia)
dtrh: 'Bark' deferred to slice voice-arbitration (quips row) (typed, not dropped)
dtrh-fx: sfx 'depth_change' unresolved — silent no-op (no candidate on disk)
dtrh: 'Bark' deferred to slice voice-arbitration (quips row) (typed, not dropped)
dtrh-fx: sfx 'freeze_catch' unresolved — silent no-op (no candidate on disk)
dtrh-fx: world freeze ON — native video + voice paused (video pos 0,0s, voice pos -1,0s, frames 0)
dtrh: 'Bark' deferred to slice voice-arbitration (quips row) (typed, not dropped)
dtrh-fx: sfx 'focus_empty' unresolved — silent no-op (no candidate on disk)
dtrh: heartbeat #46
dtrh-fx: sfx 'focus_empty' unresolved — silent no-op (no candidate on disk)
dtrh-fx: sfx 'focus_empty' unresolved — silent no-op (no candidate on disk)
dtrh-fx: sfx 'freeze_shatter' unresolved — silent no-op (no candidate on disk)
dtrh-fx: world freeze OFF — resumed (video pos 0,0s, voice pos -1,0s, frames 0)
dtrh: 'Bark' deferred to slice voice-arbitration (quips row) (typed, not dropped)
dtrh-fx: sfx 'focus_empty' unresolved — silent no-op (no candidate on disk)
dtrh-loopback: GET /umedia/images/… -> 200 (umedia)
dtrh-fx: sfx 'focus_empty' unresolved — silent no-op (no candidate on disk)
dtrh-fx: sfx 'focus_empty' unresolved — silent no-op (no candidate on disk)
dtrh-fx: sfx 'focus_empty' unresolved — silent no-op (no candidate on disk)
dtrh: 'Bark' deferred to slice voice-arbitration (quips row) (typed, not dropped)
dtrh-fx: sfx 'focus_empty' unresolved — silent no-op (no candidate on disk)
dtrh-loopback: GET /umedia/images/… -> 200 (umedia)
dtrh-loopback: GET /dtrh/assets/… -> 200 (page:payload)
dtrh-fx: sfx 'trigger' unresolved — silent no-op (no candidate on disk)
dtrh: 'Bark' deferred to slice voice-arbitration (quips row) (typed, not dropped)
dtrh-fx: sfx 'focus_empty' unresolved — silent no-op (no candidate on disk)
dtrh-fx: sfx 'focus_empty' unresolved — silent no-op (no candidate on disk)
dtrh-fx: sfx 'focus_empty' unresolved — silent no-op (no candidate on disk)
dtrh: 'Bark' deferred to slice voice-arbitration (quips row) (typed, not dropped)
dtrh-loopback: GET /umedia/images/… -> 200 (umedia)
dtrh-loopback: GET /umedia/images/… -> 200 (umedia)
dtrh-loopback: GET /dtrh/assets/… -> 200 (page:payload)
dtrh-loopback: GET /umedia/images/… -> 200 (umedia)
dtrh-fx: sfx 'trigger' unresolved — silent no-op (no candidate on disk)
dtrh-fx: vn-speaking on — SFX stand down
dtrh-loopback: GET /dtrh/assets/… -> 200 (page:payload)
dtrh-loopback: GET /dtrh/assets/… -> 206 (page:payload)
dtrh-fx: sfx 'focus_empty' skipped — VN owns the mix
dtrh-loopback: GET /dtrh/assets/… -> 206 (page:payload)
dtrh-meta: asset-stats merged (2 row(s))
dtrh-fx: sfx 'focus_empty' skipped — VN owns the mix
dtrh-loopback: GET /umedia/images/… -> 200 (umedia)
dtrh-fx: sfx 'focus_empty' skipped — VN owns the mix
dtrh-fx: sfx 'dive' skipped — VN owns the mix
dtrh-fx: sfx 'focus_empty' skipped — VN owns the mix
dtrh-loopback: GET /umedia/images/… -> 200 (umedia)
dtrh-fx: sfx 'focus_empty' skipped — VN owns the mix
dtrh-fx: sfx 'focus_empty' skipped — VN owns the mix
dtrh-fx: vn-speaking off — mix released
dtrh-fx: sfx 'focus_empty' unresolved — silent no-op (no candidate on disk)
dtrh-fx: sfx 'trigger' unresolved — silent no-op (no candidate on disk)
dtrh: 'Bark' deferred to slice voice-arbitration (quips row) (typed, not dropped)
dtrh-fx: sfx 'trigger' unresolved — silent no-op (no candidate on disk)
dtrh: 'Bark' deferred to slice voice-arbitration (quips row) (typed, not dropped)
dtrh-fx: sfx 'focus_empty' unresolved — silent no-op (no candidate on disk)
dtrh: 'Bark' deferred to slice voice-arbitration (quips row) (typed, not dropped)
dtrh-loopback: GET /dtrh/assets/… -> 200 (page:payload)
dtrh: 'Bark' deferred to slice voice-arbitration (quips row) (typed, not dropped)
dtrh-loopback: GET /umedia/images/… -> 200 (umedia)
dtrh-loopback: GET /umedia/images/… -> 200 (umedia)
dtrh-fx: sfx 'focus_empty' unresolved — silent no-op (no candidate on disk)
dtrh-fx: sfx 'focus_empty' unresolved — silent no-op (no candidate on disk)
dtrh-fx: sfx 'focus_empty' unresolved — silent no-op (no candidate on disk)
dtrh-fx: sfx 'focus_empty' unresolved — silent no-op (no candidate on disk)
dtrh-fx: sfx 'golden_pop' unresolved — silent no-op (no candidate on disk)
dtrh: 'Bark' deferred to slice voice-arbitration (quips row) (typed, not dropped)
dtrh-fx: sfx 'focus_empty' unresolved — silent no-op (no candidate on disk)
dtrh-loopback: GET /umedia/images/… -> 200 (umedia)
dtrh-fx: sfx 'focus_empty' unresolved — silent no-op (no candidate on disk)
dtrh-fx: sfx 'focus_empty' unresolved — silent no-op (no candidate on disk)
dtrh-loopback: GET /umedia/videos/… -> 206 (umedia)
dtrh-fx: sfx 'focus_empty' unresolved — silent no-op (no candidate on disk)
dtrh-loopback: GET /umedia/images/… -> 200 (umedia)
dtrh-loopback: GET /dtrh/assets/… -> 200 (page:payload)
dtrh-fx: sfx 'focus_empty' unresolved — silent no-op (no candidate on disk)
dtrh-loopback: GET /umedia/images/… -> 200 (umedia)
dtrh-loopback: GET /umedia/images/… -> 200 (umedia)
dtrh-fx: sfx 'focus_empty' unresolved — silent no-op (no candidate on disk)
dtrh-loopback: GET /umedia/images/… -> 200 (umedia)
dtrh: 'Bark' deferred to slice voice-arbitration (quips row) (typed, not dropped)
dtrh-loopback: GET /dtrh/assets/… -> 206 (page:payload)
dtrh: 'Bark' deferred to slice voice-arbitration (quips row) (typed, not dropped)
dtrh-loopback: GET /umedia/images/… -> 200 (umedia)
dtrh: 'Bark' deferred to slice voice-arbitration (quips row) (typed, not dropped)
dtrh: 'Bark' deferred to slice voice-arbitration (quips row) (typed, not dropped)
dtrh-loopback: GET /dtrh/assets/… -> 200 (page:payload)
dtrh-fx: sfx 'focus_empty' unresolved — silent no-op (no candidate on disk)
dtrh-fx: sfx 'focus_empty' unresolved — silent no-op (no candidate on disk)
dtrh-fx: sfx 'fx_drain' unresolved — silent no-op (no candidate on disk)
dtrh-fx: sfx 'trigger' unresolved — silent no-op (no candidate on disk)
dtrh: 'Bark' deferred to slice voice-arbitration (quips row) (typed, not dropped)
dtrh: 'Bark' deferred to slice voice-arbitration (quips row) (typed, not dropped)
dtrh-fx: sfx 'golden_pop' unresolved — silent no-op (no candidate on disk)
dtrh: 'Bark' deferred to slice voice-arbitration (quips row) (typed, not dropped)
dtrh-fx: sfx 'focus_empty' unresolved — silent no-op (no candidate on disk)
dtrh: 'Bark' deferred to slice voice-arbitration (quips row) (typed, not dropped)
dtrh-fx: sfx 'trigger' unresolved — silent no-op (no candidate on disk)
dtrh: 'Bark' deferred to slice voice-arbitration (quips row) (typed, not dropped)
dtrh-meta: asset-stats merged (3 row(s))
dtrh-fx: sfx 'trigger' unresolved — silent no-op (no candidate on disk)
dtrh: 'Bark' deferred to slice voice-arbitration (quips row) (typed, not dropped)
dtrh-loopback: GET /dtrh/assets/… -> 200 (page:payload)
dtrh: heartbeat #61
dtrh-fx: sfx 'focus_empty' unresolved — silent no-op (no candidate on disk)
dtrh-loopback: GET /umedia/images/… -> 200 (umedia)
dtrh-loopback: GET /umedia/images/… -> 200 (umedia)
dtrh-loopback: GET /umedia/images/… -> 200 (umedia)
dtrh-loopback: GET /umedia/images/… -> 200 (umedia)
dtrh-loopback: GET /umedia/images/… -> 200 (umedia)
dtrh-loopback: GET /umedia/images/… -> 200 (umedia)
dtrh-fx: sfx 'focus_empty' unresolved — silent no-op (no candidate on disk)
dtrh-loopback: GET /umedia/images/… -> 200 (umedia)
dtrh-loopback: GET /dtrh/assets/… -> 200 (page:payload)
dtrh-fx: sfx 'focus_empty' unresolved — silent no-op (no candidate on disk)
dtrh-fx: sfx 'focus_empty' unresolved — silent no-op (no candidate on disk)
dtrh-loopback: GET /dtrh/assets/… -> 200 (page:payload)
dtrh-fx: sfx 'fx_drain' unresolved — silent no-op (no candidate on disk)
dtrh-fx: sfx 'trigger' unresolved — silent no-op (no candidate on disk)
dtrh: 'Bark' deferred to slice voice-arbitration (quips row) (typed, not dropped)
dtrh-loopback: GET /umedia/images/… -> 200 (umedia)
dtrh-loopback: GET /umedia/images/… -> 200 (umedia)
dtrh-fx: sfx 'focus_empty' unresolved — silent no-op (no candidate on disk)
dtrh-loopback: GET /umedia/images/… -> 200 (umedia)
dtrh-fx: sfx 'focus_empty' unresolved — silent no-op (no candidate on disk)
dtrh: 'Bark' deferred to slice voice-arbitration (quips row) (typed, not dropped)
dtrh-fx: sfx 'time_slow_in' unresolved — silent no-op (no candidate on disk)
dtrh: 'Bark' deferred to slice voice-arbitration (quips row) (typed, not dropped)
dtrh-fx: sfx 'focus_empty' unresolved — silent no-op (no candidate on disk)
dtrh-loopback: GET /umedia/images/… -> 200 (umedia)
dtrh-fx: sfx 'trigger' unresolved — silent no-op (no candidate on disk)
dtrh: 'Bark' deferred to slice voice-arbitration (quips row) (typed, not dropped)
dtrh-fx: sfx 'fx_rain_start' unresolved — silent no-op (no candidate on disk)
dtrh-fx: sfx 'trigger' unresolved — silent no-op (no candidate on disk)
dtrh: 'Bark' deferred to slice voice-arbitration (quips row) (typed, not dropped)
dtrh-fx: sfx 'focus_empty' unresolved — silent no-op (no candidate on disk)
dtrh: 'Bark' deferred to slice voice-arbitration (quips row) (typed, not dropped)
dtrh-fx: vn-speaking on — SFX stand down
dtrh-fx: sfx 'depth_change' skipped — VN owns the mix
dtrh: 'Bark' deferred to slice voice-arbitration (quips row) (typed, not dropped)
dtrh-loopback: GET /dtrh/assets/… -> 200 (page:payload)
dtrh-loopback: GET /dtrh/assets/… -> 206 (page:payload)
dtrh-loopback: GET /umedia/images/… -> 200 (umedia)
dtrh-loopback: GET /dtrh/assets/… -> 206 (page:payload)
dtrh-fx: sfx 'countdown_tick' skipped — VN owns the mix
dtrh-loopback: GET /umedia/images/… -> 200 (umedia)
dtrh: 'Bark' deferred to slice voice-arbitration (quips row) (typed, not dropped)
dtrh-loopback: GET /umedia/images/… -> 200 (umedia)
dtrh-fx: sfx 'countdown_tick' skipped — VN owns the mix
dtrh: 'Bark' deferred to slice voice-arbitration (quips row) (typed, not dropped)
dtrh-fx: sfx 'defuse_hiss' skipped — VN owns the mix
dtrh: 'Bark' deferred to slice voice-arbitration (quips row) (typed, not dropped)
dtrh: 'Bark' deferred to slice voice-arbitration (quips row) (typed, not dropped)
dtrh-fx: sfx 'time_slow_out' skipped — VN owns the mix
dtrh-fx: sfx 'countdown_tick' skipped — VN owns the mix
dtrh-loopback: GET /umedia/images/… -> 200 (umedia)
dtrh-loopback: GET /umedia/images/… -> 200 (umedia)
dtrh-fx: vn-speaking off — mix released
dtrh-fx: sfx 'countdown_tick' unresolved — silent no-op (no candidate on disk)
dtrh-loopback: GET /umedia/images/… -> 200 (umedia)
dtrh-fx: sfx 'defuse_hiss' unresolved — silent no-op (no candidate on disk)
dtrh: 'Bark' deferred to slice voice-arbitration (quips row) (typed, not dropped)
dtrh-loopback: GET /umedia/images/… -> 200 (umedia)
dtrh-meta: asset-stats merged (3 row(s))
dtrh-fx: sfx 'defuse_hiss' unresolved — silent no-op (no candidate on disk)
dtrh: 'Bark' deferred to slice voice-arbitration (quips row) (typed, not dropped)
dtrh-loopback: GET /dtrh/assets/… -> 200 (page:payload)
dtrh-fx: sfx 'countdown_tick' unresolved — silent no-op (no candidate on disk)
dtrh-loopback: GET /dtrh/assets/… -> 200 (page:payload)
dtrh-loopback: GET /umedia/images/… -> 200 (umedia)
dtrh-loopback: GET /umedia/images/… -> 200 (umedia)
dtrh: 'Bark' deferred to slice voice-arbitration (quips row) (typed, not dropped)
dtrh-fx: sfx 'countdown_tick' unresolved — silent no-op (no candidate on disk)
dtrh-loopback: GET /umedia/images/… -> 200 (umedia)
dtrh-loopback: GET /dtrh/assets/… -> 200 (page:payload)
dtrh-loopback: GET /umedia/images/… -> 200 (umedia)
dtrh: 'Bark' deferred to slice voice-arbitration (quips row) (typed, not dropped)
dtrh: 'Bark' deferred to slice voice-arbitration (quips row) (typed, not dropped)
dtrh: 'Bark' deferred to slice voice-arbitration (quips row) (typed, not dropped)
dtrh-fx: sfx 'countdown_tick' unresolved — silent no-op (no candidate on disk)
dtrh: 'Bark' deferred to slice voice-arbitration (quips row) (typed, not dropped)
dtrh-loopback: GET /umedia/images/… -> 200 (umedia)
dtrh-loopback: GET /umedia/images/… -> 200 (umedia)
dtrh-loopback: GET /umedia/images/… -> 200 (umedia)
dtrh-fx: sfx 'countdown_tick' unresolved — silent no-op (no candidate on disk)
dtrh: 'Bark' deferred to slice voice-arbitration (quips row) (typed, not dropped)
dtrh: 'Bark' deferred to slice voice-arbitration (quips row) (typed, not dropped)
dtrh-fx: sfx 'defuse_hiss' unresolved — silent no-op (no candidate on disk)
dtrh: 'Bark' deferred to slice voice-arbitration (quips row) (typed, not dropped)
dtrh-loopback: GET /umedia/images/… -> 200 (umedia)
dtrh-loopback: GET /dtrh/assets/… -> 200 (page:payload)
dtrh-loopback: GET /umedia/images/… -> 200 (umedia)
dtrh-fx: sfx 'countdown_tick' unresolved — silent no-op (no candidate on disk)
dtrh: 'Bark' deferred to slice voice-arbitration (quips row) (typed, not dropped)
dtrh-fx: sfx 'defuse_hiss' unresolved — silent no-op (no candidate on disk)
dtrh: 'Bark' deferred to slice voice-arbitration (quips row) (typed, not dropped)
dtrh-loopback: GET /umedia/images/… -> 200 (umedia)
dtrh-loopback: GET /dtrh/assets/… -> 200 (page:payload)
dtrh-loopback: GET /dtrh/assets/… -> 206 (page:payload)
dtrh-fx: sfx 'countdown_tick' unresolved — silent no-op (no candidate on disk)
dtrh-fx: sfx 'countdown_tick' unresolved — silent no-op (no candidate on disk)
dtrh: 'Bark' deferred to slice voice-arbitration (quips row) (typed, not dropped)
dtrh-fx: sfx 'freeze_catch' unresolved — silent no-op (no candidate on disk)
dtrh-fx: world freeze ON — native video + voice paused (video pos 0,0s, voice pos -1,0s, frames 0)
dtrh: 'Bark' deferred to slice voice-arbitration (quips row) (typed, not dropped)
dtrh-fx: sfx 'trigger' unresolved — silent no-op (no candidate on disk)
dtrh: 'Bark' deferred to slice voice-arbitration (quips row) (typed, not dropped)
dtrh: 'Bark' deferred to slice voice-arbitration (quips row) (typed, not dropped)
dtrh-fx: sfx 'countdown_tick' unresolved — silent no-op (no candidate on disk)
dtrh-fx: sfx 'countdown_tick' unresolved — silent no-op (no candidate on disk)
dtrh-fx: sfx 'countdown_tick' unresolved — silent no-op (no candidate on disk)
dtrh-fx: sfx 'countdown_tick' unresolved — silent no-op (no candidate on disk)
dtrh-fx: sfx 'freeze_shatter' unresolved — silent no-op (no candidate on disk)
dtrh-fx: world freeze OFF — resumed (video pos 0,0s, voice pos -1,0s, frames 0)
dtrh-meta: asset-stats merged (3 row(s))
dtrh-loopback: GET /dtrh/assets/… -> 200 (page:payload)
dtrh-fx: sfx 'countdown_tick' unresolved — silent no-op (no candidate on disk)
dtrh-fx: sfx 'heartbeat' unresolved — silent no-op (no candidate on disk)
dtrh-fx: sfx 'countdown_tick' unresolved — silent no-op (no candidate on disk)
dtrh-fx: sfx 'countdown_tick' unresolved — silent no-op (no candidate on disk)
dtrh-fx: sfx 'heartbeat' unresolved — silent no-op (no candidate on disk)
dtrh: heartbeat #76
dtrh-fx: sfx 'heartbeat' unresolved — silent no-op (no candidate on disk)
dtrh-fx: sfx 'countdown_tick' unresolved — silent no-op (no candidate on disk)
dtrh-fx: sfx 'heartbeat' unresolved — silent no-op (no candidate on disk)
dtrh-fx: sfx 'countdown_tick' unresolved — silent no-op (no candidate on disk)
dtrh-fx: sfx 'heartbeat' unresolved — silent no-op (no candidate on disk)
dtrh-fx: sfx 'heartbeat' unresolved — silent no-op (no candidate on disk)
dtrh-fx: sfx 'countdown_tick' unresolved — silent no-op (no candidate on disk)
dtrh-fx: sfx 'heartbeat' unresolved — silent no-op (no candidate on disk)
dtrh-loopback: GET /dtrh/assets/… -> 200 (page:payload)
dtrh-fx: sfx 'trigger' unresolved — silent no-op (no candidate on disk)
dtrh: 'Bark' deferred to slice voice-arbitration (quips row) (typed, not dropped)
dtrh-fx: sfx 'heartbeat' unresolved — silent no-op (no candidate on disk)
dtrh-fx: sfx 'countdown_tick' unresolved — silent no-op (no candidate on disk)
dtrh-loopback: GET /dtrh/assets/… -> 200 (page:payload)
dtrh-loopback: GET /dtrh/assets/… -> 200 (page:payload)
dtrh-fx: sfx 'heartbeat' unresolved — silent no-op (no candidate on disk)
dtrh-fx: sfx 'countdown_tick' unresolved — silent no-op (no candidate on disk)
dtrh-fx: sfx 'heartbeat' unresolved — silent no-op (no candidate on disk)
dtrh-fx: sfx 'heartbeat' unresolved — silent no-op (no candidate on disk)
dtrh-fx: sfx 'countdown_tick' unresolved — silent no-op (no candidate on disk)
dtrh-fx: sfx 'heartbeat' unresolved — silent no-op (no candidate on disk)
dtrh-fx: sfx 'heartbeat' unresolved — silent no-op (no candidate on disk)
dtrh-fx: sfx 'sink' unresolved — silent no-op (no candidate on disk)
dtrh-fx: sfx 'countdown_tick' unresolved — silent no-op (no candidate on disk)
dtrh-fx: sfx 'heartbeat' unresolved — silent no-op (no candidate on disk)
dtrh-fx: sfx 'heartbeat' unresolved — silent no-op (no candidate on disk)
dtrh-fx: sfx 'fx_drain' unresolved — silent no-op (no candidate on disk)
dtrh-fx: sfx 'trigger' unresolved — silent no-op (no candidate on disk)
dtrh: 'Bark' deferred to slice voice-arbitration (quips row) (typed, not dropped)
dtrh-fx: sfx 'countdown_tick' unresolved — silent no-op (no candidate on disk)
dtrh-fx: sfx 'countdown_tick' unresolved — silent no-op (no candidate on disk)
dtrh-fx: sfx 'heartbeat' unresolved — silent no-op (no candidate on disk)
dtrh-fx: sfx 'surface' unresolved — silent no-op (no candidate on disk)
dtrh-meta: run complete — base 625 x 1,0 = 625 XP, 153 sparks
dtrh page log: payout: base=625 final=625 sparks=153
dtrh: heartbeat #91
dtrh: auto-close firing
dtrh-fx: teardown complete
dtrh: flow ended — shutting down the lifetime
app: Exit — teardown begin
dtrh: participant stop begin
dtrh: participant stop end
app: teardown end
[0722/061843.424:ERROR:ui\gfx\win\window_impl.cc:172] Failed to unregister class Chrome_WidgetWin_0. Error = 1412
