dtrh: payload root 'C:\Code\Conditioning-Control-Panel---CSharp-WPF\.worktrees\spine-20260811T164933\lane-1\client\src\CcpClient.Desktop\bin\Debug\net10.0\payload\dtrh' -> Present (1542 files)
dtrh-loopback: page+media origins bound on 127.0.0.1 (ephemeral)
layout-probe: card 488.0x77.1 DIP @ scale 1.75 @ screen 304,398
intake: payload root 'C:\Code\Conditioning-Control-Panel---CSharp-WPF\.worktrees\spine-20260811T164933\lane-1\client\src\CcpClient.Desktop\bin\Debug\net10.0\payload\intake' -> Present (2137 files)
dtrh-loopback: page+media origins bound on 127.0.0.1 (ephemeral)
intake: subject id minted (local fiction — never transmitted)
intake: dashboard ducked (minimized; prior state recorded)
intake: WebView2 UserDataFolder set (browser_data_intake parity); autoplay-policy=no-user-gesture-required
intake: navigating embedded surface
intake: drive armed (HARNESS-ONLY): intake-close@16
intake: AdapterCreated info='DetailedWebViewAdapterInfo { Type = WebView2, Engine = Blink, Version = 151.0.4129.72, IsSupported = True, IsInstalled = True, UnavailableReason = , SupportedScenarios = NativeControlHost }'
intake: native ProcessFailed signal ATTACHED (W17 immediate route)
dtrh-loopback: GET /dtrh/index.html/… -> 200 (page:overlay)
dtrh-loopback: GET /dtrh/styles.css/… -> 200 (page:overlay)
dtrh-loopback: GET /dtrh/boot.js/… -> 200 (page:overlay)
dtrh-loopback: GET /dtrh/core/… -> 200 (page:overlay)
dtrh-loopback: GET /dtrh/web-shim.js/… -> 200 (page:overlay)
dtrh-loopback: GET /dtrh/core/… -> 200 (page:overlay)
dtrh-loopback: GET /dtrh/core/… -> 200 (page:overlay)
dtrh-loopback: GET /dtrh/core/… -> 200 (page:overlay)
dtrh-loopback: GET /dtrh/core/… -> 200 (page:overlay)
dtrh-loopback: GET /dtrh/ui/… -> 200 (page:overlay)
dtrh-loopback: GET /dtrh/core/… -> 200 (page:overlay)
intake: ready received — flushing init
dtrh-loopback: GET /favicon.ico/ -> 404
dtrh-media: manifest — 0 image(s), 0 video(s), 0 skipped
intake: init sent (niche bambi [seam default + bank clamp]; mic consent-gated OFF; ai EMPTY-token local stub [WPF logged-out parity]; media null (empty pool); subject id local-only)
dtrh-loopback: GET /dtrh/core/… -> 200 (page:overlay)
dtrh-loopback: GET /dtrh/core/… -> 200 (page:overlay)
intake page log: boot: ready posted
intake page log: boot: niche=bambi hosted=true endless=false
dtrh-loopback: GET /dtrh/render/… -> 200 (page:overlay)
intake: NavigationCompleted success=True (surface embedded)
dtrh-loopback: GET /dtrh/render/… -> 200 (page:overlay)
dtrh-loopback: GET /dtrh/render/… -> 200 (page:overlay)
dtrh-loopback: GET /dtrh/render/… -> 200 (page:overlay)
dtrh-loopback: GET /dtrh/ui/… -> 200 (page:overlay)
dtrh-loopback: GET /dtrh/core/… -> 200 (page:overlay)
dtrh-loopback: GET /dtrh/render/… -> 200 (page:overlay)
dtrh-loopback: GET /dtrh/game/… -> 200 (page:payload)
dtrh-loopback: GET /dtrh/game/… -> 200 (page:payload)
dtrh-loopback: GET /dtrh/render/… -> 200 (page:overlay)
dtrh-loopback: GET /dtrh/render/… -> 200 (page:overlay)
dtrh-loopback: GET /dtrh/banks/… -> 200 (page:overlay)
intake page log: bank bambi: 650 prompts, 5 archetypes
dtrh-loopback: GET /dtrh/render/… -> 200 (page:overlay)
dtrh-loopback: GET /dtrh/vendor/… -> 200 (page:payload)
dtrh-loopback: GET /dtrh/render/… -> 200 (page:overlay)
dtrh-loopback: GET /dtrh/ui/… -> 200 (page:overlay)
dtrh-loopback: GET /dtrh/render/… -> 200 (page:overlay)
dtrh-loopback: GET /dtrh/ui/… -> 200 (page:overlay)
dtrh-loopback: GET /dtrh/ui/… -> 200 (page:overlay)
dtrh-loopback: GET /dtrh/render/… -> 200 (page:overlay)
dtrh-loopback: GET /dtrh/render/… -> 200 (page:overlay)
dtrh-loopback: GET /dtrh/render/… -> 200 (page:overlay)
dtrh-loopback: GET /dtrh/render/… -> 200 (page:overlay)
dtrh-loopback: GET /dtrh/ui/… -> 200 (page:overlay)
dtrh-loopback: GET /dtrh/ui/… -> 200 (page:overlay)
dtrh-loopback: GET /dtrh/assets/… -> 206 (page:overlay)
dtrh-loopback: GET /dtrh/assets/… -> 200 (page:overlay)
dtrh-loopback: GET /dtrh/assets/… -> 200 (page:overlay)
dtrh-loopback: GET /dtrh/assets/… -> 200 (page:overlay)
intake: heartbeat #1
dtrh-loopback: GET /dtrh/assets/… -> 206 (page:overlay)
intake: drive injecting 'intake-close' (raw JSON through the real dispatch path)
intake: intake-close (jumpscare abort) — immediate teardown; NO result, NO spend (:531-543)
intake: dashboard restored (Normal)
intake: participant stop
intake: flow ended — shutting down the lifetime
app: Exit — teardown begin
dtrh: participant stop begin
dtrh: participant stop end
app: teardown end
[0812/071020.054:ERROR:ui\gfx\win\window_impl.cc:172] Failed to unregister class Chrome_WidgetWin_0. Error = 1412
