# SP-111 mutation sweep, ROUND 1. One line per mutation: id, verdict, file.
# 75 applied, 2 did not patch, 73 evaluated: 50 caught, 23 survivors.
# The driver printed this block twice (a live line per mutation, then a summary dump of the
# same array). The halves were verified byte-identical before the duplicate was removed, so
# `grep -c` here now yields the numbers record.md section 4 states rather than double them.
M-a: SURVIVED  [client/src/CcpClient.Desktop/Video/IVideoPresence.cs]
M-b: caught  [client/src/CcpClient.Desktop/Video/IVideoPresence.cs]
M-c: caught  [client/src/CcpClient.Desktop/Video/IVideoPresence.cs]
M-d: PATCH-DID-NOT-APPLY (found 0 occurrences) in client/src/CcpClient.Desktop/Video/IVideoPresence.cs
M-e: caught  [client/src/CcpClient.Desktop/Video/IVideoPresence.cs]
M-f: caught  [client/src/CcpClient.Desktop/Video/IVideoPresence.cs]
M-g: caught  [client/src/CcpClient.Desktop/Video/IVideoPresence.cs]
M-h: caught  [client/src/CcpClient.Desktop/Video/IVideoPresence.cs]
M-i: caught  [client/src/CcpClient.Desktop/Video/IVideoPresence.cs]
M-j: caught  [client/src/CcpClient.Desktop/Video/IVideoPresence.cs]
M-k: SURVIVED  [client/src/CcpClient.Desktop/Video/IVideoPresence.cs]
M-l: caught  [client/src/CcpClient.Desktop/Video/IVideoPresence.cs]
M-m: caught  [client/src/CcpClient.Desktop/Video/IVideoPresence.cs]
M-n: caught  [client/src/CcpClient.Desktop/Video/IVideoPresence.cs]
M-o: caught  [client/src/CcpClient.Desktop/Video/IVideoPresence.cs]
M-p: caught  [client/src/CcpClient.Desktop/Video/IVideoPresence.cs]
M-q: caught  [client/src/CcpClient.Desktop/Video/IVideoPresence.cs]
M-r: caught  [client/src/CcpClient.Desktop/Video/IVideoPresence.cs]
M-s: caught  [client/src/CcpClient.Desktop/Video/IVideoPresence.cs]
M-t: caught  [client/src/CcpClient.Desktop/Video/IVideoClipSource.cs]
M-u: caught  [client/src/CcpClient.Desktop/Video/IVideoClipSource.cs]
M-v: caught  [client/src/CcpClient.Desktop/Video/MediaFoundationClipSource.cs]
M-w: SURVIVED  [client/src/CcpClient.Desktop/Video/MediaFoundationClipSource.cs]
M-x: SURVIVED  [client/src/CcpClient.Desktop/Video/MediaFoundationClipSource.cs]
M-y: SURVIVED  [client/src/CcpClient.Desktop/Video/MediaFoundationClipSource.cs]
M-z: SURVIVED  [client/src/CcpClient.Desktop/Video/MediaFoundationClipSource.cs]
M-z2: SURVIVED  [client/src/CcpClient.Desktop/Video/MediaFoundationClipSource.cs]
M-aa: SURVIVED  [client/src/CcpClient.Desktop/Video/Win32VideoPresence.cs]
M-ab: caught  [client/src/CcpClient.Desktop/Video/Win32VideoPresence.cs]
M-ac: SURVIVED  [client/src/CcpClient.Desktop/Video/Win32VideoPresence.cs]
M-ad: SURVIVED  [client/src/CcpClient.Desktop/Video/Win32VideoPresence.cs]
M-ae: SURVIVED  [client/src/CcpClient.Desktop/Video/Win32VideoPresence.cs]
M-af: caught  [client/src/CcpClient.Desktop/Video/Win32VideoPresence.cs]
M-ag: caught  [client/src/CcpClient.Desktop/Video/Win32VideoPresence.cs]
M-ah: SURVIVED  [client/src/CcpClient.Desktop/Video/Win32VideoPresence.cs]
M-ai: caught  [client/src/CcpClient.Desktop/Video/Win32VideoPresence.cs]
M-aj: caught  [client/src/CcpClient.Desktop/Video/Win32VideoPresence.cs]
M-ak: caught  [client/src/CcpClient.Desktop/Video/Win32VideoPresence.cs]
M-al: SURVIVED  [client/src/CcpClient.Desktop/Video/Win32VideoPresence.cs]
M-am: caught  [client/src/CcpClient.Desktop/Video/Win32VideoPresence.cs]
M-an: caught  [client/src/CcpClient.Desktop/Video/Win32VideoPresence.cs]
M-ao: caught  [client/src/CcpClient.Desktop/Video/Win32VideoPresence.cs]
M-ap: caught  [client/src/CcpClient.Desktop/Video/Win32VideoPresence.cs]
M-aq: caught  [client/src/CcpClient.Desktop/Video/VideoLetterbox.cs]
M-ar: caught  [client/src/CcpClient.Desktop/Video/VideoLetterbox.cs]
M-as: caught  [client/src/CcpClient.Desktop/Video/VideoLetterbox.cs]
M-at: caught  [client/src/CcpClient.Desktop/Video/VideoLetterbox.cs]
M-au: SURVIVED  [client/src/CcpClient.Desktop/Video/VideoLetterbox.cs]
M-av: SURVIVED  [client/src/CcpClient.Desktop/Video/VideoFrame.cs]
M-aw: caught  [client/src/CcpClient.Desktop/Effects/MandatoryVideoSchedule.cs]
M-ax: caught  [client/src/CcpClient.Desktop/Effects/MandatoryVideoSchedule.cs]
M-ay: caught  [client/src/CcpClient.Desktop/Effects/MandatoryVideoSchedule.cs]
M-az: caught  [client/src/CcpClient.Desktop/Effects/VideoClipPool.cs]
M-ba: caught  [client/src/CcpClient.Desktop/Effects/VideoClipPool.cs]
M-bb: SURVIVED  [client/src/CcpClient.Desktop/Effects/VideoClipPool.cs]
M-bc: caught  [client/src/CcpClient.Desktop/Effects/VideoClipPool.cs]
M-bd: caught  [client/src/CcpClient.Desktop/Effects/VideoClipPool.cs]
M-be: SURVIVED  [client/src/CcpClient.Desktop/Effects/MandatoryVideoEffect.cs]
M-bf: caught  [client/src/CcpClient.Desktop/Effects/MandatoryVideoEffect.cs]
M-bg: caught  [client/src/CcpClient.Desktop/Effects/MandatoryVideoEffect.cs]
M-bh: SURVIVED  [client/src/CcpClient.Desktop/Effects/MandatoryVideoEffect.cs]
M-bi: caught  [client/src/CcpClient.Desktop/Effects/MandatoryVideoEffect.cs]
M-bj: caught  [client/src/CcpClient.Desktop/Effects/MandatoryVideoEffect.cs]
M-bk: caught  [client/src/CcpClient.Desktop/Effects/MandatoryVideoEffect.cs]
M-bl: caught  [client/src/CcpClient.Desktop/Effects/MandatoryVideoEffect.cs]
M-bm: caught  [client/src/CcpClient.Desktop/Effects/MandatoryVideoEffect.cs]
M-bn: caught  [client/src/CcpClient.Desktop/Effects/MandatoryVideoEffect.cs]
M-bo: caught  [client/src/CcpClient.Desktop/Effects/MandatoryVideoEffect.cs]
M-bp: caught  [client/src/CcpClient.Desktop/Effects/MandatoryVideoEffect.cs]
M-bq: SURVIVED  [client/src/CcpClient.Desktop/Effects/VideoSurfacePresenter.cs]
M-br: SURVIVED  [client/src/CcpClient.Desktop/Effects/VideoSurfacePresenter.cs]
M-bs: PATCH-DID-NOT-APPLY (found 2 occurrences) in client/src/CcpClient.Desktop/Effects/VideoSurfacePresenter.cs
M-bt: SURVIVED  [client/src/CcpClient.Desktop/Effects/VideoSurfacePresenter.cs]
M-bu: SURVIVED  [client/src/CcpClient.Desktop/Effects/VideoSurfacePresenter.cs]
M-bv: SURVIVED  [client/src/CcpClient.Desktop/Effects/VideoSurfacePresenter.cs]
