M-a  CAUGHT  [unit]  the ADMISSION arm never fires — a build with no client reports a missing device  ||  Failed!  - Failed:     3, Passed:   345, Skipped:     1, Total:   349, Duration: 10 s - CcpClient.Tests.dll (net10.0)
M-b  CAUGHT  [unit]  Confirmed drops ClientAdmitted  ||  Failed!  - Failed:     2, Passed:   346, Skipped:     1, Total:   349, Duration: 9 s - CcpClient.Tests.dll (net10.0)
M-c  CAUGHT  [unit]  Confirmed drops Asked  ||  Failed!  - Failed:     2, Passed:   346, Skipped:     1, Total:   349, Duration: 10 s - CcpClient.Tests.dll (net10.0)
M-d  CAUGHT  [unit]  Confirmed drops ServerAnswered  ||  Failed!  - Failed:     2, Passed:   346, Skipped:     1, Total:   349, Duration: 10 s - CcpClient.Tests.dll (net10.0)
M-e  CAUGHT  [unit]  Confirmed drops the device count — a server with no toy is Available  ||  Failed!  - Failed:     2, Passed:   346, Skipped:     1, Total:   349, Duration: 10 s - CcpClient.Tests.dll (net10.0)
M-f  CAUGHT  [unit]  the NOT-ASKED arm never fires  ||  Failed!  - Failed:     3, Passed:   345, Skipped:     1, Total:   349, Duration: 10 s - CcpClient.Tests.dll (net10.0)
M-g  CAUGHT  [unit]  the SERVER-UNREACHABLE arm never fires  ||  Failed!  - Failed:     3, Passed:   345, Skipped:     1, Total:   349, Duration: 10 s - CcpClient.Tests.dll (net10.0)
M-h  CAUGHT  [unit]  the NO-DEVICE arm never fires — an empty server is Available  ||  Failed!  - Failed:     2, Passed:   346, Skipped:     1, Total:   349, Duration: 10 s - CcpClient.Tests.dll (net10.0)
M-i  CAUGHT  [unit]  NotAsked claims a client is admitted  ||  Failed!  - Failed:     3, Passed:   345, Skipped:     1, Total:   349, Duration: 10 s - CcpClient.Tests.dll (net10.0)
M-j  CAUGHT  [unit]  the level's UPPER clamp is gone  ||  Failed!  - Failed:     1, Passed:   347, Skipped:     1, Total:   349, Duration: 10 s - CcpClient.Tests.dll (net10.0)
M-k  CAUGHT  [unit]  the level's LOWER clamp is gone  ||  Failed!  - Failed:     1, Passed:   347, Skipped:     1, Total:   349, Duration: 10 s - CcpClient.Tests.dll (net10.0)
M-l  CAUGHT  [unit]  a NaN level is passed through instead of silenced  ||  Failed!  - Failed:     1, Passed:   347, Skipped:     1, Total:   349, Duration: 10 s - CcpClient.Tests.dll (net10.0)
M-m  CAUGHT  [unit]  IsSilent stops calling zero silent  ||  Failed!  - Failed:     1, Passed:   347, Skipped:     1, Total:   349, Duration: 10 s - CcpClient.Tests.dll (net10.0)
M-n  CAUGHT  [unit]  a NEGATIVE actuator index is accepted  ||  Failed!  - Failed:     1, Passed:   347, Skipped:     1, Total:   349, Duration: 10 s - CcpClient.Tests.dll (net10.0)
M-o  CAUGHT  [unit]  a route is ADMITTED with no client behind it  ||  Failed!  - Failed:    22, Passed:   326, Skipped:     1, Total:   349, Duration: 10 s - CcpClient.Tests.dll (net10.0)
M-p  CAUGHT  [unit]  the selection manufactures a no-op for an admitted route  ||  Failed!  - Failed:     1, Passed:   347, Skipped:     1, Total:   349, Duration: 10 s - CcpClient.Tests.dll (net10.0)
M-q  CAUGHT  [unit]  the gap stops saying it is NOT a missing device  ||  Failed!  - Failed:     2, Passed:   346, Skipped:     1, Total:   349, Duration: 10 s - CcpClient.Tests.dll (net10.0)
M-r  CAUGHT  [unit]  the gap names only ONE provider — the packet's central trap  ||  Failed!  - Failed:     1, Passed:   347, Skipped:     1, Total:   349, Duration: 10 s - CcpClient.Tests.dll (net10.0)
M-s  CAUGHT  [unit]  both routes get the SAME description  ||  Failed!  - Failed:     2, Passed:   346, Skipped:     1, Total:   349, Duration: 10 s - CcpClient.Tests.dll (net10.0)
M-t  CAUGHT  [unit]  the device gate stops saying it is downstream of admission  ||  Failed!  - Failed:     1, Passed:   347, Skipped:     1, Total:   349, Duration: 10 s - CcpClient.Tests.dll (net10.0)
M-u  CAUGHT  [unit]  CreateFor ignores the route it was asked for  ||  Failed!  - Failed:     1, Passed:   347, Skipped:     1, Total:   349, Duration: 10 s - CcpClient.Tests.dll (net10.0)
M-v  CAUGHT  [unit]  the ALL-STOP reports success for having stopped nothing  ||  Failed!  - Failed:     2, Passed:   346, Skipped:     1, Total:   349, Duration: 10 s - CcpClient.Tests.dll (net10.0)
M-w  CAUGHT  [unit]  CONNECT reports success  ||  Failed!  - Failed:     2, Passed:   346, Skipped:     1, Total:   349, Duration: 10 s - CcpClient.Tests.dll (net10.0)
M-x  CAUGHT  [unit]  a DISPOSED sink answers with the admission gap instead of the disposal  ||  Failed!  - Failed:     1, Passed:   347, Skipped:     1, Total:   349, Duration: 10 s - CcpClient.Tests.dll (net10.0)
M-y  CAUGHT  [unit]  SetOutputs stops validating its arguments  ||  Failed!  - Failed:     1, Passed:   347, Skipped:     1, Total:   349, Duration: 10 s - CcpClient.Tests.dll (net10.0)
M-z  CAUGHT  [unit]  ObserveAsync claims a confirmed server  ||  Failed!  - Failed:     2, Passed:   346, Skipped:     1, Total:   349, Duration: 10 s - CcpClient.Tests.dll (net10.0)
M-aa  CAUGHT  [unit]  the sink claims a ROUTE it does not speak  ||  Failed!  - Failed:     4, Passed:   344, Skipped:     1, Total:   349, Duration: 10 s - CcpClient.Tests.dll (net10.0)
M-ab  CAUGHT  [unit]  the bar is TIER 2 instead of upstream's tier 1  ||  Failed!  - Failed:     8, Passed:   340, Skipped:     1, Total:   349, Duration: 10 s - CcpClient.Tests.dll (net10.0)
M-ac  CAUGHT  [unit]  "I could not tell" renders as "you are not a patron" — THE rule  ||  Failed!  - Failed:     5, Passed:   343, Skipped:     1, Total:   349, Duration: 10 s - CcpClient.Tests.dll (net10.0)
M-ad  CAUGHT  [unit]  an authority's real refusal renders as an unknown  ||  Failed!  - Failed:     1, Passed:   347, Skipped:     1, Total:   349, Duration: 10 s - CcpClient.Tests.dll (net10.0)
M-ae  CAUGHT  [unit]  an UNDEFINED tier reaches the comparison and can open the door  ||  Failed!  - Failed:     1, Passed:   347, Skipped:     1, Total:   349, Duration: 10 s - CcpClient.Tests.dll (net10.0)
M-af  CAUGHT  [unit]  an authored unknown-reason sentence inherits the refusal wording  ||  Failed!  - Failed:     2, Passed:   346, Skipped:     1, Total:   349, Duration: 10 s - CcpClient.Tests.dll (net10.0)
M-ag  CAUGHT  [unit]  the could-not-verify footer is dropped  ||  Failed!  - Failed:     1, Passed:   347, Skipped:     1, Total:   349, Duration: 10 s - CcpClient.Tests.dll (net10.0)
M-ah  CAUGHT  [unit]  the refusal drops WPF's own message  ||  Failed!  - Failed:     1, Passed:   347, Skipped:     1, Total:   349, Duration: 10 s - CcpClient.Tests.dll (net10.0)
M-ai  CAUGHT  [unit]  haptics SHIPS ENABLED  ||  Failed!  - Failed:     4, Passed:   344, Skipped:     1, Total:   349, Duration: 10 s - CcpClient.Tests.dll (net10.0)
M-aj  CAUGHT  [unit]  phase 3 connects even with NO route admitted  ||  Failed!  - Failed:     2, Passed:   346, Skipped:     1, Total:   349, Duration: 10 s - CcpClient.Tests.dll (net10.0)
M-ak  CAUGHT  [unit]  a REFUSED tick writes the setting anyway — upstream's order reversed  ||  Failed!  - Failed:     1, Passed:   347, Skipped:     1, Total:   349, Duration: 10 s - CcpClient.Tests.dll (net10.0)
M-al  CAUGHT  [unit]  switching OFF is gated too — a lapsed pledge traps a running toy  ||  Failed!  - Failed:     1, Passed:   347, Skipped:     1, Total:   349, Duration: 10 s - CcpClient.Tests.dll (net10.0)
M-am  CAUGHT  [unit]  the gate CLOSING no longer stops anything  ||  Failed!  - Failed:     1, Passed:   347, Skipped:     1, Total:   349, Duration: 10 s - CcpClient.Tests.dll (net10.0)
M-an  CAUGHT  [unit]  every gate apply all-stops, not only the transition  ||  Failed!  - Failed:     4, Passed:   344, Skipped:     1, Total:   349, Duration: 10 s - CcpClient.Tests.dll (net10.0)
M-ao  CAUGHT  [unit]  the all-stop's ONE-SHOT latch is gone  ||  Failed!  - Failed:     2, Passed:   346, Skipped:     1, Total:   349, Duration: 10 s - CcpClient.Tests.dll (net10.0)
M-ap  CAUGHT  [unit]  the dot is read off the CHECKBOX — the reachability conjunct is gone  ||  Failed!  - Failed:     1, Passed:   347, Skipped:     1, Total:   349, Duration: 10 s - CcpClient.Tests.dll (net10.0)
M-aq  CAUGHT  [unit]  the dot claims LIVE — something is being sent, and nothing is (D179)  ||  Failed!  - Failed:     1, Passed:   347, Skipped:     1, Total:   349, Duration: 10 s - CcpClient.Tests.dll (net10.0)
M-ar  CAUGHT  [unit]  the gate is PERMISSIVE before phase 3  ||  Failed!  - Failed:     4, Passed:   344, Skipped:     1, Total:   349, Duration: 10 s - CcpClient.Tests.dll (net10.0)
M-as  SURVIVED  [unit]  an authority's exception MESSAGE is carried instead of its type name  ||  Passed!  - Failed:     0, Passed:   348, Skipped:     1, Total:   349, Duration: 10 s - CcpClient.Tests.dll (net10.0)
M-at  CAUGHT  [unit]  teardown never disposes the sink  ||  Failed!  - Failed:     1, Passed:   347, Skipped:     1, Total:   349, Duration: 10 s - CcpClient.Tests.dll (net10.0)
M-au  CAUGHT  [unit]  the connect attempt is not counted  ||  Failed!  - Failed:     1, Passed:   347, Skipped:     1, Total:   349, Duration: 10 s - CcpClient.Tests.dll (net10.0)
M-av  SURVIVED  [unit]  SinkState ignores what the server actually said  ||  Passed!  - Failed:     0, Passed:   348, Skipped:     1, Total:   349, Duration: 10 s - CcpClient.Tests.dll (net10.0)
M-aw  CAUGHT  [unit]  the ALL-STOP is not in the reserved pre-drain HEAD slot  ||  Failed!  - Failed:     1, Passed:   347, Skipped:     1, Total:   349, Duration: 10 s - CcpClient.Tests.dll (net10.0)
M-ax  SURVIVED  [unit]  the haptic setting never flushes at teardown  ||  Passed!  - Failed:     0, Passed:   348, Skipped:     1, Total:   349, Duration: 10 s - CcpClient.Tests.dll (net10.0)
M-ay  CAUGHT  [unit]  the capability is never registered — the System page cannot report it  ||  Failed!  - Failed:     1, Passed:   347, Skipped:     1, Total:   349, Duration: 10 s - CcpClient.Tests.dll (net10.0)
M-az  CAUGHT  [unit]  the participant gets NO entitlement authority  ||  Failed!  - Failed:     1, Passed:   347, Skipped:     1, Total:   349, Duration: 10 s - CcpClient.Tests.dll (net10.0)
M-ba  NOT COMPILED  [unit]  the participant is not registered at all  ||  <not built>
M-bb  CAUGHT  [headless]  the shell builds its OWN haptic owner instead of the root's  ||  Failed!  - Failed:    63, Passed:     0, Skipped:     0, Total:    63, Duration: 4 s - CcpClient.HeadlessTests.dll (net10.0)
M-bc  CAUGHT  [headless]  the enable box is not re-synced from the document after a refusal  ||  Failed!  - Failed:     1, Passed:    62, Skipped:     0, Total:    63, Duration: 20 s - CcpClient.HeadlessTests.dll (net10.0)
M-bd  CAUGHT  [headless]  the row's LEFT click also flips the switch  ||  Failed!  - Failed:     1, Passed:    62, Skipped:     0, Total:    63, Duration: 19 s - CcpClient.HeadlessTests.dll (net10.0)
M-be  CAUGHT  [headless]  the panel never opens  ||  Failed!  - Failed:     1, Passed:    62, Skipped:     0, Total:    63, Duration: 20 s - CcpClient.HeadlessTests.dll (net10.0)
M-bf  CAUGHT  [headless]  the dot is painted from a CONSTANT rather than the module  ||  Failed!  - Failed:     1, Passed:    62, Skipped:     0, Total:    63, Duration: 19 s - CcpClient.HeadlessTests.dll (net10.0)
M-bg  CAUGHT  [headless]  the GATE line and the SINK line are swapped  ||  Failed!  - Failed:     2, Passed:    61, Skipped:     0, Total:    63, Duration: 21 s - CcpClient.HeadlessTests.dll (net10.0)
M-bh  CAUGHT  [headless]  the absence line drops D179 — no effect sends anything here  ||  Failed!  - Failed:     1, Passed:    62, Skipped:     0, Total:    63, Duration: 21 s - CcpClient.HeadlessTests.dll (net10.0)
M-bi  CAUGHT  [headless]  the lead line stops saying the other end is another program  ||  Failed!  - Failed:     1, Passed:    62, Skipped:     0, Total:    63, Duration: 21 s - CcpClient.HeadlessTests.dll (net10.0)

round 1: 57 caught, 3 survived, 0 not patched, 1 not compiled (61 attempted)
tree restored byte-identically: NO —  M client/src/CcpClient.Desktop/Haptics/IHapticSink.cs

