dtrh-loopback: page+media origins bound on 127.0.0.1 (ephemeral)
dtrh: auto-close armed at 12s
layout-probe: card 488.0x77.0 DIP @ scale 1 @ screen 232,286
dtrh: WebView2 UserDataFolder set; autoplay-policy=no-user-gesture-required
dtrh: navigating embedded surface (page probe.html)
dtrh: AdapterCreated info='DetailedWebViewAdapterInfo { Type = WebView2, Engine = Blink, Version = 150.0.4078.83, IsSupported = True, IsInstalled = True, UnavailableReason = , SupportedScenarios = NativeControlHost }'
dtrh-loopback: GET /dtrh/probe.html/… -> 200 (page:overlay)
dtrh-loopback: GET /dtrh/bridge.js/… -> 200 (page:overlay)
dtrh: NavigationCompleted success=True (surface embedded)
dtrh-loopback: GET /favicon.ico/ -> 404
dtrh page log: probe: bridge.js imported (product derivative, blob 13af3f4d + §3.1 diff); isHosted=true
dtrh: {"type":"probe-p2h-native","note":"native window.chrome.webview.postMessage"}
dtrh page log: probe: sent probe-p2h-native
dtrh: {"type":"probe-p2h-ica","note":"invokeCSharpAction path"}
dtrh page log: probe: sent probe-p2h-ica
dtrh page log: probe: bridge.on(probe-h2p) registered; awaiting host send
dtrh page log: probe: probe module complete
dtrh page log: probe: late handler registered for probe-buffered (after host send)
dtrh: auto-close firing
dtrh: host window closed — closing dashboard
dtrh: host window closed — closing dashboard
dtrh: host window closed — closing dashboard
dtrh: host window closed — closing dashboard
dtrh: host window closed — closing dashboard
dtrh: host window closed — closing dashboard
dtrh: host window closed — closing dashboard
dtrh: host window closed — closing dashboard
dtrh: host window closed — closing dashboard
dtrh: host window closed — closing dashboard
dtrh: host window closed — closing dashboard
dtrh: host window closed — closing dashboard
dtrh: host window closed — closing dashboard
dtrh: host window closed — closing dashboard
dtrh: host window closed — closing dashboard
dtrh: host window closed — closing dashboard
dtrh: host window closed — closing dashboard
dtrh: host window closed — closing dashboard
dtrh: host window closed — closing dashboard
dtrh: host window closed — closing dashboard
dtrh: host window closed — closing dashboard
dtrh: host window closed — closing dashboard
dtrh: host window closed — closing dashboard
dtrh: host window closed — closing dashboard
dtrh: host window closed — closing dashboard
dtrh: host window closed — closing dashboard
dtrh: host window closed — closing dashboard
dtrh: host window closed — closing dashboard
dtrh: host window closed — closing dashboard
dtrh: host window closed — closing dashboard
dtrh: host window closed — closing dashboard
[0721/212446.421:ERROR:ui\gfx\win\window_impl.cc:172] Failed to unregister class Chrome_WidgetWin_0. Error = 1411
