SP-115 sweep, 47 mutation(s)
M-c  SURVIVED  client/src/CcpClient.Desktop/Glyph/GlyphFrame.cs  Passed!  - Failed:     0, Passed:   242, Skipped:     0, Total:   242, Duration: 1 s - CcpClient.Tests.dll (net10.0)
M-g  CAUGHT  client/src/CcpClient.Desktop/Glyph/GlyphSurfaceRequest.cs  Failed!  - Failed:     1, Passed:   241, Skipped:     0, Total:   242, Duration: 1 s - CcpClient.Tests.dll (net10.0)
M-h  CAUGHT  client/src/CcpClient.Desktop/Glyph/Win32GlyphSurface.cs  Failed!  - Failed:     1, Passed:   241, Skipped:     0, Total:   242, Duration: 2 s - CcpClient.Tests.dll (net10.0)
M-i  SURVIVED  client/src/CcpClient.Desktop/Glyph/Win32GlyphSurface.cs  Passed!  - Failed:     0, Passed:   242, Skipped:     0, Total:   242, Duration: 2 s - CcpClient.Tests.dll (net10.0)
M-j  SURVIVED  client/src/CcpClient.Desktop/Glyph/Win32GlyphSurface.cs  Passed!  - Failed:     0, Passed:   242, Skipped:     0, Total:   242, Duration: 1 s - CcpClient.Tests.dll (net10.0)
M-k  SURVIVED  client/src/CcpClient.Desktop/Glyph/Win32GlyphSurface.cs  Passed!  - Failed:     0, Passed:   242, Skipped:     0, Total:   242, Duration: 1 s - CcpClient.Tests.dll (net10.0)
M-l  SURVIVED  client/src/CcpClient.Desktop/Glyph/Win32GlyphSurface.cs  Passed!  - Failed:     0, Passed:   242, Skipped:     0, Total:   242, Duration: 1 s - CcpClient.Tests.dll (net10.0)
M-m  SURVIVED  client/src/CcpClient.Desktop/Glyph/Win32GlyphSurface.cs  Passed!  - Failed:     0, Passed:   242, Skipped:     0, Total:   242, Duration: 1 s - CcpClient.Tests.dll (net10.0)
M-n  SURVIVED  client/src/CcpClient.Desktop/Glyph/Win32GlyphSurface.cs  Passed!  - Failed:     0, Passed:   242, Skipped:     0, Total:   242, Duration: 1 s - CcpClient.Tests.dll (net10.0)
M-o  SURVIVED  client/src/CcpClient.Desktop/Glyph/Win32GlyphSurface.cs  Passed!  - Failed:     0, Passed:   242, Skipped:     0, Total:   242, Duration: 1 s - CcpClient.Tests.dll (net10.0)
M-p  SURVIVED  client/src/CcpClient.Desktop/Glyph/Win32GlyphSurface.cs  Passed!  - Failed:     0, Passed:   242, Skipped:     0, Total:   242, Duration: 1 s - CcpClient.Tests.dll (net10.0)
M-q  SURVIVED  client/src/CcpClient.Desktop/Glyph/Win32GlyphSurface.cs  Passed!  - Failed:     0, Passed:   242, Skipped:     0, Total:   242, Duration: 1 s - CcpClient.Tests.dll (net10.0)
M-r  SURVIVED  client/src/CcpClient.Desktop/Glyph/Win32GlyphSurface.cs  Passed!  - Failed:     0, Passed:   242, Skipped:     0, Total:   242, Duration: 1 s - CcpClient.Tests.dll (net10.0)
M-t  SURVIVED  client/src/CcpClient.Desktop/Glyph/Win32GlyphSurface.cs  Passed!  - Failed:     0, Passed:   242, Skipped:     0, Total:   242, Duration: 1 s - CcpClient.Tests.dll (net10.0)
M-u  SURVIVED  client/src/CcpClient.Desktop/Glyph/Win32GlyphSurface.cs  Passed!  - Failed:     0, Passed:   242, Skipped:     0, Total:   242, Duration: 1 s - CcpClient.Tests.dll (net10.0)
M-w  SURVIVED  client/src/CcpClient.Desktop/Glyph/Win32GlyphSurface.cs  Passed!  - Failed:     0, Passed:   242, Skipped:     0, Total:   242, Duration: 1 s - CcpClient.Tests.dll (net10.0)
M-x  SURVIVED  client/src/CcpClient.Desktop/Glyph/Win32GlyphSurface.cs  Passed!  - Failed:     0, Passed:   242, Skipped:     0, Total:   242, Duration: 1 s - CcpClient.Tests.dll (net10.0)
M-y  SURVIVED  client/src/CcpClient.Desktop/Glyph/Win32GlyphSurface.cs  Passed!  - Failed:     0, Passed:   242, Skipped:     0, Total:   242, Duration: 1 s - CcpClient.Tests.dll (net10.0)
M-z  SURVIVED  client/src/CcpClient.Desktop/Glyph/Win32GlyphSurface.cs  Passed!  - Failed:     0, Passed:   242, Skipped:     0, Total:   242, Duration: 1 s - CcpClient.Tests.dll (net10.0)
M-ac  SURVIVED  client/src/CcpClient.Desktop/Glyph/Win32GlyphSurface.cs  Passed!  - Failed:     0, Passed:   242, Skipped:     0, Total:   242, Duration: 1 s - CcpClient.Tests.dll (net10.0)
M-ad  CAUGHT  client/src/CcpClient.Desktop/Glyph/Win32GlyphSurface.cs  Failed!  - Failed:    26, Passed:   216, Skipped:     0, Total:   242, Duration: 1 s - CcpClient.Tests.dll (net10.0)
M-ae  SURVIVED  client/src/CcpClient.Desktop/Glyph/Win32GlyphSurface.cs  Passed!  - Failed:     0, Passed:   242, Skipped:     0, Total:   242, Duration: 1 s - CcpClient.Tests.dll (net10.0)
M-af  NOT-PATCHED (needle absent) client/src/CcpClient.Desktop/Glyph/GlyphSurfaceFactory.cs
M-af2  SURVIVED  client/src/CcpClient.Desktop/Glyph/GlyphSurfaceFactory.cs  Passed!  - Failed:     0, Passed:   242, Skipped:     0, Total:   242, Duration: 1 s - CcpClient.Tests.dll (net10.0)
M-al  SURVIVED  client/src/CcpClient.Desktop/Effects/BouncingTextField.cs  Passed!  - Failed:     0, Passed:   242, Skipped:     0, Total:   242, Duration: 1 s - CcpClient.Tests.dll (net10.0)
M-am  CAUGHT  client/src/CcpClient.Desktop/Effects/BouncingTextField.cs  Failed!  - Failed:     1, Passed:   241, Skipped:     0, Total:   242, Duration: 1 s - CcpClient.Tests.dll (net10.0)
M-an  SURVIVED  client/src/CcpClient.Desktop/Effects/BouncingTextField.cs  Passed!  - Failed:     0, Passed:   242, Skipped:     0, Total:   242, Duration: 1 s - CcpClient.Tests.dll (net10.0)
M-ap  CAUGHT  client/src/CcpClient.Desktop/Effects/BouncingTextField.cs  Failed!  - Failed:     1, Passed:   241, Skipped:     0, Total:   242, Duration: 1 s - CcpClient.Tests.dll (net10.0)
M-at  CAUGHT  client/src/CcpClient.Desktop/Effects/BouncingTextField.cs  Failed!  - Failed:     1, Passed:   241, Skipped:     0, Total:   242, Duration: 1 s - CcpClient.Tests.dll (net10.0)
M-ay  CAUGHT  client/src/CcpClient.Desktop/Effects/BouncingTextSurfacePresenter.cs  Failed!  - Failed:     1, Passed:   241, Skipped:     0, Total:   242, Duration: 1 s - CcpClient.Tests.dll (net10.0)
M-az  SURVIVED  client/src/CcpClient.Desktop/Effects/BouncingTextSurfacePresenter.cs  Passed!  - Failed:     0, Passed:   242, Skipped:     0, Total:   242, Duration: 1 s - CcpClient.Tests.dll (net10.0)
M-ba  SURVIVED  client/src/CcpClient.Desktop/Effects/BouncingTextSurfacePresenter.cs  Passed!  - Failed:     0, Passed:   242, Skipped:     0, Total:   242, Duration: 1 s - CcpClient.Tests.dll (net10.0)
M-bb  CAUGHT  client/src/CcpClient.Desktop/Effects/BouncingTextSurfacePresenter.cs  Failed!  - Failed:     1, Passed:   241, Skipped:     0, Total:   242, Duration: 1 s - CcpClient.Tests.dll (net10.0)
M-bc  CAUGHT  client/src/CcpClient.Desktop/Effects/BouncingTextSurfacePresenter.cs  Failed!  - Failed:     1, Passed:   241, Skipped:     0, Total:   242, Duration: 1 s - CcpClient.Tests.dll (net10.0)
M-bd  CAUGHT  client/src/CcpClient.Desktop/Effects/BouncingTextSurfacePresenter.cs  Failed!  - Failed:     1, Passed:   241, Skipped:     0, Total:   242, Duration: 1 s - CcpClient.Tests.dll (net10.0)
M-bg  SURVIVED  client/src/CcpClient.Desktop/Effects/BouncingTextEffect.cs  Passed!  - Failed:     0, Passed:   242, Skipped:     0, Total:   242, Duration: 1 s - CcpClient.Tests.dll (net10.0)
M-bh  SURVIVED  client/src/CcpClient.Desktop/Effects/BouncingTextEffect.cs  Passed!  - Failed:     0, Passed:   242, Skipped:     0, Total:   242, Duration: 1 s - CcpClient.Tests.dll (net10.0)
M-bi  CAUGHT  client/src/CcpClient.Desktop/Effects/BouncingTextEffect.cs  compile error
M-bj  SURVIVED  client/src/CcpClient.Desktop/Effects/BouncingTextEffect.cs  Passed!  - Failed:     0, Passed:   242, Skipped:     0, Total:   242, Duration: 1 s - CcpClient.Tests.dll (net10.0)
M-bk  SURVIVED  client/src/CcpClient.Desktop/Effects/BouncingTextEffect.cs  Passed!  - Failed:     0, Passed:   242, Skipped:     0, Total:   242, Duration: 1 s - CcpClient.Tests.dll (net10.0)
M-bl  SURVIVED  client/src/CcpClient.Desktop/Effects/BouncingTextEffect.cs  Passed!  - Failed:     0, Passed:   242, Skipped:     0, Total:   242, Duration: 1 s - CcpClient.Tests.dll (net10.0)
M-bm  SURVIVED  client/src/CcpClient.Desktop/Effects/BouncingTextEffect.cs  Passed!  - Failed:     0, Passed:   242, Skipped:     0, Total:   242, Duration: 1 s - CcpClient.Tests.dll (net10.0)
M-bn  SURVIVED  client/src/CcpClient.Desktop/Effects/GlyphTextSource.cs  Passed!  - Failed:     0, Passed:   242, Skipped:     0, Total:   242, Duration: 1 s - CcpClient.Tests.dll (net10.0)
M-bo  CAUGHT  client/src/CcpClient.Desktop/Effects/GlyphTextSource.cs  Failed!  - Failed:     4, Passed:   238, Skipped:     0, Total:   242, Duration: 1 s - CcpClient.Tests.dll (net10.0)
M-bp  SURVIVED  client/src/CcpClient.Desktop/Effects/GlyphTextSource.cs  Passed!  - Failed:     0, Passed:   242, Skipped:     0, Total:   242, Duration: 1 s - CcpClient.Tests.dll (net10.0)
M-bq  SURVIVED  client/src/CcpClient.Desktop/Effects/GlyphTextSource.cs  Passed!  - Failed:     0, Passed:   242, Skipped:     0, Total:   242, Duration: 1 s - CcpClient.Tests.dll (net10.0)
M-br  SURVIVED  client/src/CcpClient.Desktop/Effects/GlyphTextSource.cs  Passed!  - Failed:     0, Passed:   242, Skipped:     0, Total:   242, Duration: 1 s - CcpClient.Tests.dll (net10.0)

TOTAL 47: caught 12, survived 34, not-patched 1
