SP116 sweep mode=A iterations=300 load=8
  miss #1 at iteration 75: winner=0x3950652 isOurs=True attempts=1 rendersOwnColour=True captured=132300 controlPixels=0 majority=0x26171E majorityCount=14323
  miss #2 at iteration 82: winner=0x39C0652 isOurs=True attempts=1 rendersOwnColour=True captured=132300 controlPixels=0 majority=0x26171E majorityCount=14323
  miss #3 at iteration 90: winner=0x3A40652 isOurs=True attempts=1 rendersOwnColour=True captured=132300 controlPixels=0 majority=0x26171E majorityCount=14323
  miss #4 at iteration 118: winner=0x3C00652 isOurs=True attempts=1 rendersOwnColour=True captured=132300 controlPixels=0 majority=0x26171E majorityCount=14323
  miss #5 at iteration 136: winner=0x3D20652 isOurs=True attempts=1 rendersOwnColour=True captured=132300 controlPixels=0 majority=0x26171E majorityCount=14323
  miss #6 at iteration 174: winner=0x3F80652 isOurs=True attempts=1 rendersOwnColour=True captured=132300 controlPixels=0 majority=0x26171E majorityCount=14323
  miss #7 at iteration 176: winner=0x3FA0652 isOurs=True attempts=1 rendersOwnColour=True captured=132300 controlPixels=0 majority=0x26171E majorityCount=14323
  miss #8 at iteration 244: winner=0x43E0652 isOurs=True attempts=1 rendersOwnColour=True captured=132300 controlPixels=0 majority=0x26171E majorityCount=14323
MODE A: 8 miss(es) in 300 controls
SP116 sweep mode=B iterations=300 load=8
MODE B: 0 miss(es) in 300 controls
SP116 sweep mode=C iterations=300 load=8
  miss #1 at iteration 12: winner=0x5AE0652 isOurs=True attempts=1 rendersOwnColour=True captured=132300 controlPixels=0 majority=0x26171E majorityCount=14323
  miss #2 at iteration 19: winner=0x5B50652 isOurs=True attempts=1 rendersOwnColour=True captured=132300 controlPixels=0 majority=0x26171E majorityCount=14323
  miss #3 at iteration 72: winner=0x5EA0652 isOurs=True attempts=1 rendersOwnColour=True captured=132300 controlPixels=0 majority=0x26171E majorityCount=14323
  miss #4 at iteration 174: winner=0x6500652 isOurs=True attempts=1 rendersOwnColour=True captured=132300 controlPixels=0 majority=0x26171E majorityCount=14323
  miss #5 at iteration 184: winner=0x65A0652 isOurs=True attempts=1 rendersOwnColour=True captured=132300 controlPixels=0 majority=0x26171E majorityCount=14323
  miss #6 at iteration 251: winner=0x69D0652 isOurs=True attempts=1 rendersOwnColour=True captured=132300 controlPixels=0 majority=0x26171E majorityCount=14323
  miss #7 at iteration 258: winner=0x6A40652 isOurs=True attempts=1 rendersOwnColour=True captured=132300 controlPixels=0 majority=0x26171E majorityCount=14323
MODE C: 7 miss(es) in 300 controls
SP116 sweep mode=A iterations=300 load=8
  miss #1 at iteration 3: winner=0x6D10652 isOurs=True attempts=1 rendersOwnColour=True captured=132300 controlPixels=0 majority=0x26171E majorityCount=14323
  miss #2 at iteration 6: winner=0x6D40652 isOurs=True attempts=1 rendersOwnColour=True captured=132300 controlPixels=0 majority=0x26171E majorityCount=14323
  miss #3 at iteration 102: winner=0x7340652 isOurs=True attempts=1 rendersOwnColour=True captured=132300 controlPixels=0 majority=0x26171E majorityCount=14323
  miss #4 at iteration 107: winner=0x7390652 isOurs=True attempts=1 rendersOwnColour=True captured=132300 controlPixels=0 majority=0x26171E majorityCount=14323
  miss #5 at iteration 114: winner=0x7400652 isOurs=True attempts=1 rendersOwnColour=True captured=132300 controlPixels=0 majority=0x26171E majorityCount=14323
  miss #6 at iteration 124: winner=0x74A0652 isOurs=True attempts=1 rendersOwnColour=True captured=132300 controlPixels=0 majority=0x26171E majorityCount=14323
  miss #7 at iteration 163: winner=0x7710652 isOurs=True attempts=1 rendersOwnColour=True captured=132300 controlPixels=0 majority=0x26171E majorityCount=14323
  miss #8 at iteration 186: winner=0x7880652 isOurs=True attempts=1 rendersOwnColour=True captured=132300 controlPixels=0 majority=0x26171E majorityCount=14323
  miss #9 at iteration 199: winner=0x7950652 isOurs=True attempts=1 rendersOwnColour=True captured=132300 controlPixels=0 majority=0x26171E majorityCount=14323
  miss #10 at iteration 212: winner=0x7A20652 isOurs=True attempts=1 rendersOwnColour=True captured=132300 controlPixels=0 majority=0x26171E majorityCount=14323
  miss #11 at iteration 218: winner=0x7A80652 isOurs=True attempts=1 rendersOwnColour=True captured=132300 controlPixels=0 majority=0x26171E majorityCount=14323
MODE A: 11 miss(es) in 300 controls
SP116 sweep mode=B iterations=300 load=8
MODE B: 0 miss(es) in 300 controls
SP116 sweep mode=D iterations=300 load=8
  miss #1 at iteration 4: winner=0xE36094C isOurs=True attempts=1 rendersOwnColour=True captured=132300 controlPixels=0 majority=0x26171E majorityCount=14323
  miss #2 at iteration 40: winner=0xE5A094C isOurs=True attempts=1 rendersOwnColour=True captured=132300 controlPixels=0 majority=0x26171E majorityCount=14323
  miss #3 at iteration 107: winner=0xE9D094C isOurs=True attempts=1 rendersOwnColour=True captured=132300 controlPixels=0 majority=0x26171E majorityCount=14323
  miss #4 at iteration 163: winner=0xED5094C isOurs=True attempts=1 rendersOwnColour=True captured=132300 controlPixels=0 majority=0x26171E majorityCount=14323
  miss #5 at iteration 171: winner=0xEDD094C isOurs=True attempts=1 rendersOwnColour=True captured=132300 controlPixels=0 majority=0x26171E majorityCount=14323
  miss #6 at iteration 188: winner=0xEEE094C isOurs=True attempts=1 rendersOwnColour=True captured=132300 controlPixels=0 majority=0x26171E majorityCount=14323
  miss #7 at iteration 192: winner=0xEF2094C isOurs=True attempts=1 rendersOwnColour=True captured=132300 controlPixels=0 majority=0x26171E majorityCount=14323
  miss #8 at iteration 196: winner=0xEF6094C isOurs=True attempts=1 rendersOwnColour=True captured=132300 controlPixels=0 majority=0x26171E majorityCount=14323
MODE D: 8 miss(es) in 300 controls
SP116 sweep mode=E iterations=300 load=8
MODE E: 0 miss(es) in 300 controls
