M-a  CAUGHT  [unit]  scale lower bound not checked
M-b  CAUGHT  [unit]  scale upper bound not checked
M-c  CAUGHT  [unit]  opacity lower bound not checked
M-d  CAUGHT  [unit]  opacity upper bound not checked
M-e  CAUGHT  [unit]  duration lower bound not checked
M-f  CAUGHT  [unit]  duration upper bound not checked
M-g  CAUGHT  [unit]  opacity fraction over 255 not 100
M-h  CAUGHT  [unit]  the one-second lifetime grace dropped
M-i  CAUGHT  [unit]  the grace added as SECONDS
M-j  CAUGHT  [unit]  the default scale is not WPF's
M-k  CAUGHT  [unit]  the reading ignores the document's scale
M-l  CAUGHT  [unit]  scale floor removed
M-m  CAUGHT  [unit]  scale ceiling widened
M-n  CAUGHT  [unit]  opacity floor removed — the invisible-surface route
M-o  CAUGHT  [unit]  opacity ceiling widened
M-p  CAUGHT  [unit]  duration floor removed
M-q  CAUGHT  [unit]  duration ceiling widened
M-r  CAUGHT  [unit]  the scale default is not WPF's
M-s  CAUGHT  [unit]  the opacity default is not WPF's
M-t  CAUGHT  [unit]  the duration default is not WPF's
M-u  CAUGHT  [unit]  the scale setter stops clamping
M-v  CAUGHT  [unit]  the opacity setter stops clamping
M-w  CAUGHT  [unit]  the duration setter stops clamping
M-x  CAUGHT  [unit]  a dial move raises no Changed
M-y  CAUGHT  [unit]  the opacity setter writes the SCALE
M-z  CAUGHT  [unit]  the duration setter writes the SCALE
M-aa  CAUGHT  [unit]  Draw() ignores the document entirely
M-ab  CAUGHT  [unit]  the reading is taken PER SURFACE, not per flash
M-ac  CAUGHT  [unit]  the size dial is ignored
M-ad  CAUGHT  [unit]  the opacity dial is ignored
M-ae  CAUGHT  [unit]  the duration dial is ignored
M-af  CAUGHT  [unit]  the last reading is never recorded
M-ag  CAUGHT  [unit]  a supplied dial source is dropped for the defaults
M-ah  CAUGHT  [unit]  a flash with NO paths still reads the dials
M-ai  CAUGHT  [unit]  the flash dial is keyed to the PANEL not the module
M-aj  CAUGHT  [unit]  the flash dial's ceiling is the FLOOR
M-ak  CAUGHT  [unit]  the flash dial reads the SCALE
M-al  CAUGHT  [unit]  the flash dial's write is a no-op
M-am  CAUGHT  [unit]  the flash link is never recognised
M-an  CAUGHT  [headless]  the flash link switch writes the SPIRAL link
M-ao  SURVIVED  [unit]  the flash link does not count as a link
M-ap  CAUGHT  [unit]  the Visuals store is never loaded
M-aq  CAUGHT  [unit]  the Bouncing Text store is never loaded (SP-115's defect, restored)
M-ar  CAUGHT  [unit]  the Visuals store is never flushed
M-as  CAUGHT  [unit]  the Bouncing Text store is never flushed
M-at  SURVIVED  [headless]  the presenter is built without the dials
M-au  CAUGHT  [headless]  the ramp is built without the third dial
M-av  CAUGHT  [unit]  the ownership line never says the owner is off
M-aw  CAUGHT  [headless]  the dial line stops saying WHEN a change lands
M-ax  CAUGHT  [unit]  the absence line drops the fade half
M-ay  CAUGHT  [unit]  the seconds are always plural
M-az  CAUGHT  [unit]  an unattempted surface claims a placement
M-ba  CAUGHT  [unit]  a refusal is not quoted
M-bb  CAUGHT  [headless]  the size readout shows the opacity
M-bc  CAUGHT  [headless]  the opacity slider writes the SIZE
M-bd  CAUGHT  [headless]  the duration slider writes nothing
M-be  CAUGHT  [headless]  the panel never opens
M-bf  CAUGHT  [headless]  the rack hint stays up over the Visuals panel
M-bg  SURVIVED  [headless]  the dials do not load from the document
M-bh  CAUGHT  [headless]  the ownership line ignores the owner's enable

round 1: 57 caught, 3 survived, 0 not patched (60 attempted)
tree restored byte-identically: YES
