=== cold1 first-ever build ===
  Determining projects to restore...
  Restored C:\Code\ccp-sp063-cold1\client\src\CcpClient.Desktop\CcpClient.Desktop.csproj (in 1,51 sec).
  Restored C:\Code\ccp-sp063-cold1\client\tools\verify\CcpVerify\CcpVerify.csproj (in 1,5 sec).
  Restored C:\Code\ccp-sp063-cold1\client\tests\CcpClient.Tests\CcpClient.Tests.csproj (in 1,54 sec).
  Restored C:\Code\ccp-sp063-cold1\client\tests\CcpClient.HeadlessTests\CcpClient.HeadlessTests.csproj (in 1,54 sec).
  CcpVerify -> C:\Code\ccp-sp063-cold1\client\tools\verify\CcpVerify\bin\Debug\net10.0\CcpVerify.dll
  CcpClient.Desktop -> C:\Code\ccp-sp063-cold1\client\src\CcpClient.Desktop\bin\Debug\net10.0\CcpClient.Desktop.dll
  CcpClient.HeadlessTests -> C:\Code\ccp-sp063-cold1\client\tests\CcpClient.HeadlessTests\bin\Debug\net10.0\CcpClient.HeadlessTests.dll
  CcpClient.Tests -> C:\Code\ccp-sp063-cold1\client\tests\CcpClient.Tests\bin\Debug\net10.0\CcpClient.Tests.dll

Build succeeded.
    0 Warning(s)
    0 Error(s)

Time Elapsed 00:00:28.46
=== cold1 unit test ===
  Determining projects to restore...
  All projects are up-to-date for restore.
  CcpVerify -> C:\Code\ccp-sp063-cold1\client\tools\verify\CcpVerify\bin\Debug\net10.0\CcpVerify.dll
  CcpClient.Desktop -> C:\Code\ccp-sp063-cold1\client\src\CcpClient.Desktop\bin\Debug\net10.0\CcpClient.Desktop.dll
  CcpClient.Tests -> C:\Code\ccp-sp063-cold1\client\tests\CcpClient.Tests\bin\Debug\net10.0\CcpClient.Tests.dll
Test run for C:\Code\ccp-sp063-cold1\client\tests\CcpClient.Tests\bin\Debug\net10.0\CcpClient.Tests.dll (.NETCoreApp,Version=v10.0)
A total of 1 test files matched the specified pattern.
Results File: C:\Code\Conditioning-Control-Panel---CSharp-WPF\.worktrees\spine-20260812T221746\lane-1\spine-tasks\SP-063-timing-budgets\evidence\runs\trx\sp063-cold1-unit.trx

Passed!  - Failed:     0, Passed:   892, Skipped:     0, Total:   892, Duration: 35 s - CcpClient.Tests.dll (net10.0)
