dtrh-loopback: page+media origins bound on 127.0.0.1 (ephemeral)
dtrh: auto-close armed at 16s
layout-probe: card 488.0x71.0 DIP @ scale 1 @ screen 16,45
dtrh: showing NativeWebDialog surface (page probe.html)
dtrh: GTK WebKit base dirs set
libEGL warning: DRI3 error: Could not get DRI3 device
libEGL warning: Ensure your X server supports DRI3 to get accelerated rendering
dtrh(dialog): AdapterCreated
dtrh-loopback: GET /dtrh/probe.html/… -> 200 (page:overlay)
dtrh: NavigationCompleted success=True (surface dialog)
dtrh-loopback: GET /dtrh/bridge.js/… -> 200 (page:overlay)
dtrh page log: probe: bridge.js imported (product derivative, blob 13af3f4d + §3.1 diff); isHosted=true
dtrh: {"type":"probe-p2h-ica","note":"invokeCSharpAction path"}
dtrh page log: probe: sent probe-p2h-ica
dtrh page log: probe: bridge.on(probe-h2p) registered; awaiting host send
dtrh page log: probe: probe module complete
dtrh-loopback: GET bridge:inbox -> 200 (2 message(s))
dtrh page log: probe: check3 host->page DELIVERED via bridge.on: {"type":"probe-h2p","via":"inbox"}
dtrh page log: probe: preBuffer REPLAY delivered on late registration: {"type":"probe-buffered","via":"pre-handler-send"}
dtrh page log: probe: late handler registered for probe-buffered (after host send)
dtrh: auto-close firing
dtrh(dialog): closing
dtrh(dialog): AdapterDestroyed
dtrh: host window closed — closing dashboard
dtrh-loopback: GET bridge:inbox -> 200 (0 message(s))
dtrh-loopback: GET bridge:inbox -> 200 (0 message(s))
