dtrh: payload root 'C:\Code\Conditioning-Control-Panel---CSharp-WPF\.worktrees\spine-20260811T231738\lane-1\client\src\CcpClient.Desktop\bin\Debug\net10.0\payload\dtrh' -> Present (1542 files)
dtrh-loopback: page+media origins bound on 127.0.0.1 (ephemeral)
layout-probe: card 488.0x77.1 DIP @ scale 1.75 @ screen 172,266
intake: payload root 'C:\Code\Conditioning-Control-Panel---CSharp-WPF\.worktrees\spine-20260811T231738\lane-1\client\src\CcpClient.Desktop\bin\Debug\net10.0\payload\intake' -> Present (2138 files)
dtrh-loopback: page+media origins bound on 127.0.0.1 (ephemeral)
intake: dashboard ducked (minimized; prior state recorded)
intake: WebView2 UserDataFolder set (browser_data_intake parity); autoplay-policy=no-user-gesture-required
intake: navigating embedded surface
intake: auto-close armed at 50s
intake: AdapterCreated info='DetailedWebViewAdapterInfo { Type = WebView2, Engine = Blink, Version = 151.0.4129.72, IsSupported = True, IsInstalled = True, UnavailableReason = , SupportedScenarios = NativeControlHost }'
intake: native ProcessFailed signal ATTACHED (W17 immediate route)
dtrh-loopback: GET /dtrh/index.html/… -> 200 (page:overlay)
dtrh-loopback: GET /dtrh/styles.css/… -> 200 (page:overlay)
dtrh-loopback: GET /dtrh/boot.js/… -> 200 (page:overlay)
dtrh-loopback: GET /dtrh/web-shim.js/… -> 200 (page:overlay)
dtrh-loopback: GET /dtrh/core/… -> 200 (page:overlay)
dtrh-loopback: GET /dtrh/core/… -> 200 (page:overlay)
dtrh-loopback: GET /dtrh/core/… -> 200 (page:overlay)
dtrh-loopback: GET /dtrh/core/… -> 200 (page:overlay)
dtrh-loopback: GET /dtrh/core/… -> 200 (page:overlay)
dtrh-loopback: GET /dtrh/ui/… -> 200 (page:overlay)
dtrh-loopback: GET /dtrh/core/… -> 200 (page:overlay)
dtrh-loopback: GET /dtrh/core/… -> 200 (page:overlay)
intake: ready received — flushing init
dtrh-loopback: GET /favicon.ico/ -> 404
dtrh-media: manifest — 2 image(s), 1 video(s), 0 skipped
intake: media manifest sampled (1 gif(s), 1 still(s) from a pool of 2)
intake: init sent (niche bambi [seam default + bank clamp]; mic consent-gated OFF; ai EMPTY-token local stub [WPF logged-out parity]; media sampled; subject id local-only)
intake page log: boot: ready posted
intake page log: boot: niche=bambi hosted=true endless=false
dtrh-loopback: GET /dtrh/core/… -> 200 (page:overlay)
intake: NavigationCompleted success=True (surface embedded)
dtrh-loopback: GET /dtrh/core/… -> 200 (page:overlay)
dtrh-loopback: GET /dtrh/render/… -> 200 (page:overlay)
dtrh-loopback: GET /dtrh/render/… -> 200 (page:overlay)
dtrh-loopback: GET /dtrh/render/… -> 200 (page:overlay)
dtrh-loopback: GET /dtrh/render/… -> 200 (page:overlay)
dtrh-loopback: GET /dtrh/ui/… -> 200 (page:overlay)
dtrh-loopback: GET /dtrh/core/… -> 200 (page:overlay)
dtrh-loopback: GET /dtrh/render/… -> 200 (page:overlay)
dtrh-loopback: GET /dtrh/game/… -> 200 (page:payload)
dtrh-loopback: GET /dtrh/game/… -> 200 (page:payload)
dtrh-loopback: GET /dtrh/render/… -> 200 (page:overlay)
dtrh-loopback: GET /dtrh/render/… -> 200 (page:overlay)
dtrh-loopback: GET /dtrh/banks/… -> 200 (page:overlay)
intake page log: bank bambi: 650 prompts, 5 archetypes
dtrh-loopback: GET /dtrh/render/… -> 200 (page:overlay)
dtrh-loopback: GET /dtrh/vendor/… -> 200 (page:payload)
dtrh-loopback: GET /dtrh/render/… -> 200 (page:overlay)
dtrh-loopback: GET /dtrh/ui/… -> 200 (page:overlay)
dtrh-loopback: GET /dtrh/render/… -> 200 (page:overlay)
dtrh-loopback: GET /dtrh/ui/… -> 200 (page:overlay)
dtrh-loopback: GET /dtrh/ui/… -> 200 (page:overlay)
dtrh-loopback: GET /dtrh/render/… -> 200 (page:overlay)
dtrh-loopback: GET /dtrh/ui/… -> 200 (page:overlay)
dtrh-loopback: GET /dtrh/ui/… -> 200 (page:overlay)
dtrh-loopback: GET /dtrh/render/… -> 200 (page:overlay)
dtrh-loopback: GET /dtrh/render/… -> 200 (page:overlay)
dtrh-loopback: GET /dtrh/render/… -> 200 (page:overlay)
dtrh-loopback: GET /dtrh/render/… -> 200 (page:overlay)
dtrh-loopback: GET /dtrh/assets/… -> 206 (page:overlay)
dtrh-loopback: GET /dtrh/assets/… -> 200 (page:overlay)
dtrh-loopback: GET /dtrh/assets/… -> 200 (page:overlay)
dtrh-loopback: GET /dtrh/assets/… -> 200 (page:overlay)
dtrh-loopback: GET /dtrh/assets/… -> 206 (page:overlay)
intake: heartbeat #1
intake: heartbeat #16
intake: auto-close firing
intake: graceful exit — end-run posted; bounded exit-done wait armed (1200ms, :1045-1051)
intake: exit-done wait elapsed (1200ms) — watchdog-FORCED close (page wedged mid-shutdown)
intake: dashboard restored (Normal)
intake: participant stop
intake: flow ended — shutting down the lifetime
app: Exit — teardown begin
dtrh: participant stop begin
dtrh: participant stop end
app: teardown end
[0812/090748.038:ERROR:ui\gfx\win\window_impl.cc:172] Failed to unregister class Chrome_WidgetWin_0. Error = 1412
EXIT=0
