dtrh-loopback: page+media origins bound on 127.0.0.1 (ephemeral)
layout-probe: card 488.0x71.0 DIP @ scale 1 @ screen 16,45
dtrh: quick start — reusing slot 1 (picker skipped by design)
dtrh-slots: live save is now slot 1
dtrh: descending into slot 1
dtrh: host window opening on slot 1
dtrh-audio: 1 render endpoint(s): RDP Sink (default)
dtrh-audio: playback device up (requested default)
dtrh: native effects up (SFX pool 8/drop, voice, vmem video, freeze)
dtrh: showing NativeWebDialog surface (page index.html)
dtrh: GTK WebKit base dirs set
dtrh: fx-drive armed (HARNESS-ONLY): sfx:wave_clear@5; sfx:Burst@7; sfx:Burst@7.5; payload:audio@10; video-file:evidence-video-04.mp4@13; freeze:on@17; freeze:off@23; freeze:on@26
dtrh: auto-close armed at 30s
libEGL warning: DRI3 error: Could not get DRI3 device
libEGL warning: Ensure your X server supports DRI3 to get accelerated rendering
dtrh(dialog): AdapterCreated
dtrh-loopback: GET /dtrh/index.html/… -> 200 (page:payload)
dtrh: NavigationCompleted success=True (surface dialog)
dtrh-loopback: GET /dtrh/boot.js/… -> 200 (page:payload)
dtrh-loopback: GET /dtrh/styles.css/… -> 200 (page:payload)
dtrh-loopback: GET /dtrh/modContent.js/… -> 200 (page:payload)
dtrh-loopback: GET /dtrh/bridge.js/… -> 200 (page:overlay)
dtrh-loopback: GET /dtrh/hostMedia.js/… -> 200 (page:payload)
dtrh-loopback: GET /dtrh/shared/… -> 200 (page:payload)
dtrh-loopback: GET /dtrh/engine/… -> 200 (page:payload)
dtrh-loopback: GET /dtrh/game/… -> 200 (page:payload)
dtrh-loopback: GET /dtrh/game/… -> 200 (page:payload)
dtrh-loopback: GET /dtrh/game/… -> 200 (page:payload)
dtrh-loopback: GET /dtrh/game/… -> 200 (page:payload)
dtrh-loopback: GET /dtrh/game/… -> 200 (page:payload)
dtrh-loopback: GET /dtrh/game/… -> 200 (page:payload)
dtrh-loopback: GET /dtrh/game/… -> 200 (page:payload)
dtrh-loopback: GET /dtrh/game/… -> 200 (page:payload)
dtrh-loopback: GET /dtrh/engine/… -> 200 (page:payload)
dtrh-loopback: GET /dtrh/game/… -> 200 (page:payload)
dtrh-loopback: GET /dtrh/game/… -> 200 (page:payload)
dtrh-loopback: GET /dtrh/engine/… -> 200 (page:payload)
dtrh-loopback: GET /dtrh/game/… -> 200 (page:payload)
dtrh-loopback: GET /dtrh/game/… -> 200 (page:payload)
dtrh-loopback: GET /dtrh/game/… -> 200 (page:payload)
dtrh-loopback: GET /dtrh/game/… -> 200 (page:payload)
dtrh-loopback: GET /dtrh/game/… -> 200 (page:payload)
dtrh-loopback: GET /dtrh/game/… -> 200 (page:payload)
dtrh-loopback: GET /dtrh/engine/… -> 200 (page:payload)
dtrh-loopback: GET /dtrh/game/… -> 200 (page:payload)
dtrh-loopback: GET /dtrh/game/… -> 200 (page:payload)
dtrh-loopback: GET /dtrh/game/… -> 200 (page:payload)
dtrh-loopback: GET /dtrh/game/… -> 200 (page:payload)
dtrh-loopback: GET /dtrh/game/… -> 200 (page:payload)
dtrh-loopback: GET /dtrh/game/… -> 200 (page:payload)
dtrh-loopback: GET /dtrh/shared/… -> 200 (page:payload)
dtrh-loopback: GET /dtrh/game/… -> 200 (page:payload)
dtrh-loopback: GET /dtrh/game/… -> 200 (page:payload)
dtrh-loopback: GET /dtrh/engine/… -> 200 (page:payload)
dtrh-loopback: GET /dtrh/assets/… -> 200 (page:payload)
dtrh-loopback: GET /dtrh/game/… -> 200 (page:payload)
dtrh-loopback: GET /dtrh/game/… -> 200 (page:payload)
dtrh-loopback: GET /dtrh/game/… -> 200 (page:payload)
dtrh-loopback: GET /dtrh/assets/… -> 200 (page:payload)
dtrh-loopback: GET /dtrh/shared/… -> 200 (page:payload)
dtrh-loopback: GET /dtrh/engine/… -> 200 (page:payload)
dtrh-loopback: GET /dtrh/shared/… -> 200 (page:payload)
dtrh-loopback: GET /dtrh/shared/… -> 200 (page:payload)
dtrh-loopback: GET /dtrh/engine/… -> 200 (page:payload)
dtrh-loopback: GET /dtrh/shared/… -> 200 (page:payload)
dtrh-loopback: GET /dtrh/engine/… -> 200 (page:payload)
dtrh-loopback: GET /dtrh/engine/… -> 200 (page:payload)
dtrh-loopback: GET /dtrh/engine/… -> 200 (page:payload)
dtrh-loopback: GET /dtrh/engine/… -> 200 (page:payload)
dtrh-loopback: GET /dtrh/engine/… -> 200 (page:payload)
dtrh-loopback: GET /dtrh/vendor/… -> 200 (page:payload)
dtrh: ready received — flushing init+manifest
dtrh-loopback: GET /dtrh/engine/… -> 200 (page:payload)
dtrh-loopback: GET /dtrh/engine/… -> 200 (page:payload)
dtrh-loopback: GET /dtrh/engine/… -> 200 (page:payload)
dtrh-loopback: GET /dtrh/engine/… -> 200 (page:payload)
dtrh-loopback: GET /dtrh/engine/… -> 200 (page:payload)
dtrh-loopback: GET /dtrh/engine/… -> 200 (page:payload)
dtrh-loopback: GET /dtrh/engine/… -> 200 (page:payload)
dtrh-loopback: GET /dtrh/engine/… -> 200 (page:payload)
dtrh-loopback: GET /dtrh/assets/… -> 200 (page:payload)
dtrh-loopback: GET bridge:inbox -> 200 (1 message(s))
dtrh page log: boot: ready posted, waiting for init + manifest
dtrh-loopback: GET bridge:inbox -> 200 (1 message(s))
dtrh-loopback: GET /dtrh/assets/… -> 200 (page:payload)
dtrh-loopback: GET /dtrh/assets/… -> 200 (page:payload)
dtrh-loopback: GET /dtrh/assets/… -> 200 (page:payload)
dtrh-loopback: GET /dtrh/assets/… -> 200 (page:payload)
dtrh-loopback: GET /dtrh/assets/… -> 200 (page:payload)
dtrh-loopback: GET /dtrh/assets/… -> 200 (page:payload)
dtrh-loopback: GET /dtrh/assets/… -> 200 (page:payload)
dtrh-loopback: GET /dtrh/assets/… -> 200 (page:payload)
dtrh-loopback: GET /dtrh/assets/… -> 200 (page:payload)
dtrh-loopback: GET /dtrh/assets/… -> 200 (page:payload)
dtrh-loopback: GET /dtrh/assets/… -> 200 (page:payload)
dtrh-loopback: GET /dtrh/assets/… -> 200 (page:payload)
dtrh-loopback: GET /dtrh/assets/… -> 200 (page:payload)
dtrh-loopback: GET /dtrh/assets/… -> 200 (page:payload)
dtrh-loopback: GET /media/bubbles/… -> 200 (media)
dtrh-loopback: GET /media/bubbles/… -> 200 (media)
WebKit wasn't able to find a WebVTT encoder. Subtitles handling will be degraded unless gst-plugins-bad is installed.
GStreamer element fakevideosink not found. Please install it
WebKit wasn't able to find a WebVTT encoder. Subtitles handling will be degraded unless gst-plugins-bad is installed.
dtrh-loopback: GET /dtrh/assets/… -> 200 (page:payload)
WebKit wasn't able to find a WebVTT encoder. Subtitles handling will be degraded unless gst-plugins-bad is installed.
dtrh-loopback: GET /media/bubbles/… -> 200 (media)
dtrh-loopback: GET /media/bubbles/… -> 200 (media)
dtrh-loopback: GET /media/bubbles/… -> 200 (media)
dtrh-loopback: GET /media/bubbles/… -> 200 (media)
dtrh-loopback: GET /media/bubbles/… -> 200 (media)
dtrh-loopback: GET /media/bubbles/… -> 200 (media)
dtrh-loopback: GET /dtrh/assets/… -> 200 (page:payload)
dtrh-loopback: GET /dtrh/assets/… -> 200 (page:payload)
dtrh-loopback: GET /dtrh/assets/… -> 200 (page:payload)
dtrh-loopback: GET /dtrh/assets/… -> 200 (page:payload)
dtrh-loopback: GET /dtrh/assets/… -> 200 (page:payload)
dtrh-loopback: GET /dtrh/assets/… -> 200 (page:payload)
dtrh-loopback: GET /dtrh/assets/… -> 200 (page:payload)
dtrh-loopback: GET /dtrh/assets/… -> 200 (page:payload)
dtrh-loopback: GET /dtrh/assets/… -> 200 (page:payload)
dtrh-loopback: GET /dtrh/assets/… -> 200 (page:payload)
dtrh-loopback: GET /dtrh/assets/… -> 200 (page:payload)
dtrh-loopback: GET /dtrh/assets/… -> 200 (page:payload)
dtrh-loopback: GET /dtrh/assets/… -> 200 (page:payload)
dtrh-loopback: GET /dtrh/assets/… -> 200 (page:payload)
dtrh-loopback: GET /dtrh/assets/… -> 200 (page:payload)
dtrh-loopback: GET /dtrh/assets/… -> 200 (page:payload)
dtrh-loopback: GET /dtrh/assets/… -> 200 (page:payload)
dtrh: 'MetaCommand' deferred to slice b4 (typed, not dropped)
dtrh page log: reveal pending: variant_video (hub_open)
dtrh: 'MetaCommand' deferred to slice b4 (typed, not dropped)
dtrh page log: reveal pending: variant_htlink (hub_open)
dtrh: 'MetaCommand' deferred to slice b4 (typed, not dropped)
dtrh: 'MetaCommand' deferred to slice b4 (typed, not dropped)
dtrh: 'MetaCommand' deferred to slice b4 (typed, not dropped)
dtrh: 'MetaCommand' deferred to slice b4 (typed, not dropped)
dtrh page log: engine live (game mode)
dtrh: ENGINE LIVE
dtrh: heartbeat #1
dtrh: fx-drive injecting 'sfx:wave_clear@5' (raw JSON through the real dispatch path)
dtrh-fx: sfx 'wave_clear' playing (chime1.mp3, vol 0.64, pool 1/8)
dtrh-fx: sfx 'wave_clear' completed (backend PlaybackEnded, pool 0/8)
dtrh: fx-drive injecting 'sfx:Burst@7' (raw JSON through the real dispatch path)
dtrh-fx: sfx 'Burst' playing (Burst.mp3, vol 0.48, pool 1/8)
dtrh: fx-drive injecting 'sfx:Burst@7.5' (raw JSON through the real dispatch path)
dtrh-fx: sfx 'Burst' playing (Burst.mp3, vol 0.48, pool 2/8)
dtrh: fx-drive injecting 'payload:audio@10' (raw JSON through the real dispatch path)
dtrh-fx: whisper playing (sub_cant_resist_triggers.mp3)
dtrh-fx: fire-payload audio (strength 60, durationMult 1.0 — accepted, non-consumed WPF parity)
dtrh-fx: whisper completed (backend PlaybackEnded)
dtrh: fx-drive video-file 'evidence-video-04.mp4' (HARNESS-ONLY, pool-resolved)
dtrh-video: libvlc up (vmem vout, software decode — V1/V2 disciplines)
dtrh-loopback: GET bridge:inbox -> 200 (1 message(s))
dtrh: payload-state video on (covering window shown)
dtrh-fx: video playing (evidence-video-04.mp4, cap 15s)
dtrh-video: vmem format proposal 1920x1088 (pitches 0, lines 0)
[0000705f48007f60] main filter error: Failed to create video converter
dtrh-video: vmem format proposal 1920x1088 (pitches 0, lines 0)
[0000705f48007f60] main filter error: Failed to create video converter
dtrh-video: vmem format proposal 1920x1090 (pitches 0, lines 0)
dtrh-video: vmem frame luma≈149 (1280x725)
dtrh: video first frame presented (1280x725)
dtrh-video: vmem frame luma≈149 (1280x725)
dtrh-video: vmem frame luma≈151 (1280x725)
dtrh-fx: sfx 'Burst' completed (backend PlaybackEnded, pool 1/8)
dtrh-fx: sfx 'Burst' completed (backend PlaybackEnded, pool 0/8)
dtrh: fx-drive injecting 'freeze:on@17' (raw JSON through the real dispatch path)
dtrh-fx: world freeze ON — native video + voice paused (video pos 3.7s, frames 227)
dtrh: fx-drive injecting 'freeze:off@23' (raw JSON through the real dispatch path)
dtrh-fx: world freeze OFF — resumed (video pos 3.7s, frames 307)
dtrh: fx-drive injecting 'freeze:on@26' (raw JSON through the real dispatch path)
dtrh-fx: world freeze ON — native video + voice paused (video pos 6.7s, frames 485)
dtrh-fx: video segment cap reached — stopping
dtrh-fx: video stopped — payload-state off
[h264 @ 0x705f642f0d40] get_buffer() failed
[h264 @ 0x705f642f0d40] thread_get_buffer() failed
[h264 @ 0x705f642f0d40] no frame!
dtrh-loopback: GET bridge:inbox -> 200 (1 message(s))
dtrh: payload-state video off (focus reclaimed)
dtrh: auto-close firing
dtrh-fx: teardown mid-freeze — force-resumed video + voice (unwedge)
dtrh-fx: teardown complete
dtrh(dialog): closing
dtrh(dialog): AdapterDestroyed
dtrh: flow ended — shutting down the lifetime
app: Exit — teardown begin
dtrh: participant stop begin
dtrh: participant stop end
app: teardown end
EXIT=0
