### AFTER-SEQ - 20 waves x 1 concurrent, started 2026-08-18T22:17:46.299Z
AFTER-SEQ w1r1: GREEN (0 failed tests; only complaint = declared delta)
AFTER-SEQ w2r1: GREEN (0 failed tests; only complaint = declared delta)
AFTER-SEQ w3r1: RED exit=1 failedTests=1 dir=C:\Users\Micha\AppData\Local\Temp\ccp-floor-YGXolP
  FAILED CcpClient.Tests: CcpClient.Tests.FlashDrawTests.ARealImageFile_ReachesTheCompositedDesktop_AndLeavesItWhenTheFlashIsHidden
  MESSAGE: a desktop capture can see a painted layered window on this machine = True, and while the flash was up the composited desktop carried 0 pixels of the image's colour against an expected area of at least 112614. Those two must agree: where the screen can be read, the user's own image must really be on it. The screen read RETURNED 5184000 pixels (SP-107): zero there means the full-screen CAPTUREBLT allocation itself failed and this fact measured nothing, which is a different verdict from a flash that was not on the screen
  COMPLAINT: dotnet test exited 1 for CcpClient.Tests — runner-level failure (see tail below)
AFTER-SEQ w4r1: GREEN (0 failed tests; only complaint = declared delta)
AFTER-SEQ w5r1: GREEN (0 failed tests; only complaint = declared delta)
AFTER-SEQ w6r1: GREEN (0 failed tests; only complaint = declared delta)
AFTER-SEQ w7r1: GREEN (0 failed tests; only complaint = declared delta)
AFTER-SEQ w8r1: GREEN (0 failed tests; only complaint = declared delta)
AFTER-SEQ w9r1: RED exit=1 failedTests=1 dir=C:\Users\Micha\AppData\Local\Temp\ccp-floor-oMO7Np
  FAILED CcpClient.Tests: CcpClient.Tests.FlashDrawTests.ARealImageFile_ReachesTheCompositedDesktop_AndLeavesItWhenTheFlashIsHidden
  MESSAGE: a desktop capture can see a painted layered window on this machine = True, and while the flash was up the composited desktop carried 0 pixels of the image's colour against an expected area of at least 112614. Those two must agree: where the screen can be read, the user's own image must really be on it. The screen read RETURNED 5184000 pixels (SP-107): zero there means the full-screen CAPTUREBLT allocation itself failed and this fact measured nothing, which is a different verdict from a flash that was not on the screen
  COMPLAINT: dotnet test exited 1 for CcpClient.Tests — runner-level failure (see tail below)
AFTER-SEQ w10r1: GREEN (0 failed tests; only complaint = declared delta)
AFTER-SEQ w11r1: GREEN (0 failed tests; only complaint = declared delta)
AFTER-SEQ w12r1: GREEN (0 failed tests; only complaint = declared delta)
AFTER-SEQ w13r1: GREEN (0 failed tests; only complaint = declared delta)
AFTER-SEQ w14r1: GREEN (0 failed tests; only complaint = declared delta)
AFTER-SEQ w15r1: GREEN (0 failed tests; only complaint = declared delta)
AFTER-SEQ w16r1: GREEN (0 failed tests; only complaint = declared delta)
AFTER-SEQ w17r1: GREEN (0 failed tests; only complaint = declared delta)
AFTER-SEQ w18r1: GREEN (0 failed tests; only complaint = declared delta)
AFTER-SEQ w19r1: GREEN (0 failed tests; only complaint = declared delta)
AFTER-SEQ w20r1: GREEN (0 failed tests; only complaint = declared delta)
### AFTER-SEQ DONE: 2 red / 20 runs (10%) finished 2026-08-18T22:42:10.562Z
