M-a  CAUGHT  [unit]  same-day START boundary exclusive instead of inclusive  ||  Failed!  - Failed:    11, Passed:    48, Skipped:     0, Total:    59, Duration: 754 ms - CcpClient.Tests.dll (net10.0)
M-b  CAUGHT  [unit]  same-day END boundary OPEN instead of closed  ||  Failed!  - Failed:    12, Passed:    47, Skipped:     0, Total:    59, Duration: 487 ms - CcpClient.Tests.dll (net10.0)
M-c  CAUGHT  [unit]  overnight START boundary exclusive  ||  Failed!  - Failed:     2, Passed:    57, Skipped:     0, Total:    59, Duration: 476 ms - CcpClient.Tests.dll (net10.0)
M-d  CAUGHT  [unit]  overnight END boundary OPEN — the wrap's closed end  ||  Failed!  - Failed:     2, Passed:    57, Skipped:     0, Total:    59, Duration: 496 ms - CcpClient.Tests.dll (net10.0)
M-e  CAUGHT  [unit]  equal start/end read as OVERNIGHT (an all-day window)  ||  Failed!  - Failed:     2, Passed:    57, Skipped:     0, Total:    59, Duration: 526 ms - CcpClient.Tests.dll (net10.0)
M-f  CAUGHT  [unit]  overnight arm conjoins instead of disjoining  ||  Failed!  - Failed:     4, Passed:    55, Skipped:     0, Total:    59, Duration: 500 ms - CcpClient.Tests.dll (net10.0)
M-g  CAUGHT  [unit]  same-day arm disjoins instead of conjoining  ||  Failed!  - Failed:    24, Passed:    35, Skipped:     0, Total:    59, Duration: 510 ms - CcpClient.Tests.dll (net10.0)
M-h  CAUGHT  [unit]  the DAY GATE dropped from the verdict  ||  Failed!  - Failed:    11, Passed:    48, Skipped:     0, Total:    59, Duration: 508 ms - CcpClient.Tests.dll (net10.0)
M-i  CAUGHT  [unit]  start fallback is midnight, not WPF's 16:00  ||  Failed!  - Failed:     7, Passed:    52, Skipped:     0, Total:    59, Duration: 518 ms - CcpClient.Tests.dll (net10.0)
M-j  CAUGHT  [unit]  end fallback is 23:59, not WPF's 22:00  ||  Failed!  - Failed:     3, Passed:    56, Skipped:     0, Total:    59, Duration: 491 ms - CcpClient.Tests.dll (net10.0)
M-k  CAUGHT  [unit]  a fallback is not reported as one (the panel lies)  ||  Failed!  - Failed:    12, Passed:    47, Skipped:     0, Total:    59, Duration: 490 ms - CcpClient.Tests.dll (net10.0)
M-l  CAUGHT  [unit]  Monday's arm reads Tuesday's box  ||  Failed!  - Failed:     5, Passed:    54, Skipped:     0, Total:    59, Duration: 499 ms - CcpClient.Tests.dll (net10.0)
M-m  SURVIVED  [unit]  the unreachable default arm says YES  ||  Passed!  - Failed:     0, Passed:    59, Skipped:     0, Total:    59, Duration: 507 ms - CcpClient.Tests.dll (net10.0)
M-n  CAUGHT  [unit]  the reading uses midnight instead of the real time of day  ||  Failed!  - Failed:    30, Passed:    29, Skipped:     0, Total:    59, Duration: 493 ms - CcpClient.Tests.dll (net10.0)
M-o  CAUGHT  [unit]  Empty never reported  ||  Failed!  - Failed:     1, Passed:    58, Skipped:     0, Total:    59, Duration: 498 ms - CcpClient.Tests.dll (net10.0)
M-p  CAUGHT  [unit]  the scheduler SHIPS ARMED  ||  Failed!  - Failed:     2, Passed:    57, Skipped:     0, Total:    59, Duration: 516 ms - CcpClient.Tests.dll (net10.0)
M-q  CAUGHT  [unit]  the default start is the FALLBACK value  ||  Failed!  - Failed:     8, Passed:    51, Skipped:     0, Total:    59, Duration: 502 ms - CcpClient.Tests.dll (net10.0)
M-r  CAUGHT  [unit]  a null start time reaches the parser  ||  Failed!  - Failed:     1, Passed:    58, Skipped:     0, Total:    59, Duration: 501 ms - CcpClient.Tests.dll (net10.0)
M-s  CAUGHT  [unit]  Monday ships unticked  ||  Failed!  - Failed:    29, Passed:    30, Skipped:     0, Total:    59, Duration: 525 ms - CcpClient.Tests.dll (net10.0)
M-t  CAUGHT  [unit]  the ENABLE gate no longer short-circuits the tick  ||  Failed!  - Failed:     3, Passed:    56, Skipped:     0, Total:    59, Duration: 557 ms - CcpClient.Tests.dll (net10.0)
M-u  CAUGHT  [unit]  START drops the in-window clause  ||  Failed!  - Failed:     5, Passed:    54, Skipped:     0, Total:    59, Duration: 541 ms - CcpClient.Tests.dll (net10.0)
M-v  CAUGHT  [unit]  START drops the already-running clause  ||  Failed!  - Failed:     1, Passed:    58, Skipped:     0, Total:    59, Duration: 545 ms - CcpClient.Tests.dll (net10.0)
M-w  CAUGHT  [unit]  START drops the one-per-opening clause  ||  Failed!  - Failed:     1, Passed:    58, Skipped:     0, Total:    59, Duration: 538 ms - CcpClient.Tests.dll (net10.0)
M-x  SURVIVED  [unit]  START drops the HAND-STOP clause — the headline harm  ||  Passed!  - Failed:     0, Passed:    59, Skipped:     0, Total:    59, Duration: 492 ms - CcpClient.Tests.dll (net10.0)
M-y  CAUGHT  [unit]  STOP drops the it-was-ours clause  ||  Failed!  - Failed:     3, Passed:    56, Skipped:     0, Total:    59, Duration: 526 ms - CcpClient.Tests.dll (net10.0)
M-z  SURVIVED  [unit]  STOP drops the outside-the-window clause  ||  Passed!  - Failed:     0, Passed:    59, Skipped:     0, Total:    59, Duration: 487 ms - CcpClient.Tests.dll (net10.0)
M-aa  SURVIVED  [unit]  a refused start is still marked auto-started  ||  Passed!  - Failed:     0, Passed:    59, Skipped:     0, Total:    59, Duration: 491 ms - CcpClient.Tests.dll (net10.0)
M-ab  CAUGHT  [unit]  START never sets the auto-started flag  ||  Failed!  - Failed:     5, Passed:    54, Skipped:     0, Total:    59, Duration: 526 ms - CcpClient.Tests.dll (net10.0)
M-ac  CAUGHT  [unit]  STOP never clears the auto-started flag  ||  Failed!  - Failed:     1, Passed:    58, Skipped:     0, Total:    59, Duration: 508 ms - CcpClient.Tests.dll (net10.0)
M-ad  CAUGHT  [unit]  the reset branch never clears the hand-stop latch  ||  Failed!  - Failed:     1, Passed:    58, Skipped:     0, Total:    59, Duration: 505 ms - CcpClient.Tests.dll (net10.0)
M-ae  CAUGHT  [unit]  the reset branch never clears the auto-started flag  ||  Failed!  - Failed:     1, Passed:    58, Skipped:     0, Total:    59, Duration: 537 ms - CcpClient.Tests.dll (net10.0)
M-af  CAUGHT  [unit]  the STOP branch does not stop the engine  ||  Failed!  - Failed:     3, Passed:    56, Skipped:     0, Total:    59, Duration: 522 ms - CcpClient.Tests.dll (net10.0)
M-ag  CAUGHT  [unit]  a hand stop latches even with the scheduler OFF  ||  Failed!  - Failed:     1, Passed:    58, Skipped:     0, Total:    59, Duration: 537 ms - CcpClient.Tests.dll (net10.0)
M-ah  CAUGHT  [unit]  a hand stop latches OUTSIDE the window too  ||  Failed!  - Failed:     1, Passed:    58, Skipped:     0, Total:    59, Duration: 503 ms - CcpClient.Tests.dll (net10.0)
M-ai  CAUGHT  [unit]  a manual START no longer clears the latch  ||  Failed!  - Failed:     2, Passed:    57, Skipped:     0, Total:    59, Duration: 530 ms - CcpClient.Tests.dll (net10.0)
M-aj  CAUGHT  [unit]  the two manual branches swapped  ||  Failed!  - Failed:     4, Passed:    55, Skipped:     0, Total:    59, Duration: 519 ms - CcpClient.Tests.dll (net10.0)
M-ak  CAUGHT  [unit]  the start-up check ignores the enable  ||  Failed!  - Failed:     1, Passed:    58, Skipped:     0, Total:    59, Duration: 518 ms - CcpClient.Tests.dll (net10.0)
M-al  CAUGHT  [unit]  the start-up check ignores the window  ||  Failed!  - Failed:     7, Passed:    52, Skipped:     0, Total:    59, Duration: 523 ms - CcpClient.Tests.dll (net10.0)
M-am  CAUGHT  [unit]  the start-up check marks a refused start as ours  ||  Failed!  - Failed:     1, Passed:    58, Skipped:     0, Total:    59, Duration: 584 ms - CcpClient.Tests.dll (net10.0)
M-an  CAUGHT  [unit]  the auto-start never asks the shell to get out of the way  ||  Failed!  - Failed:     2, Passed:    57, Skipped:     0, Total:    59, Duration: 539 ms - CcpClient.Tests.dll (net10.0)
M-ao  CAUGHT  [unit]  the dot ignores the enable  ||  Failed!  - Failed:     2, Passed:    57, Skipped:     0, Total:    59, Duration: 528 ms - CcpClient.Tests.dll (net10.0)
M-ap  CAUGHT  [unit]  the dot claims a tick that is not on the clock  ||  Failed!  - Failed:     3, Passed:    56, Skipped:     0, Total:    59, Duration: 522 ms - CcpClient.Tests.dll (net10.0)
M-aq  CAUGHT  [unit]  the dot never goes Live  ||  Failed!  - Failed:     2, Passed:    57, Skipped:     0, Total:    59, Duration: 536 ms - CcpClient.Tests.dll (net10.0)
M-ar  CAUGHT  [unit]  polling is asserted rather than earned  ||  Failed!  - Failed:     1, Passed:    58, Skipped:     0, Total:    59, Duration: 555 ms - CcpClient.Tests.dll (net10.0)
M-as  CAUGHT  [unit]  the poll is five minutes, not WPF's thirty seconds  ||  Failed!  - Failed:     3, Passed:    56, Skipped:     0, Total:    59, Duration: 497 ms - CcpClient.Tests.dll (net10.0)
M-at  CAUGHT  [unit]  the start-up grace is gone  ||  Failed!  - Failed:     3, Passed:    56, Skipped:     0, Total:    59, Duration: 520 ms - CcpClient.Tests.dll (net10.0)
M-au  CAUGHT  [unit]  phase 3 arms the POLL, skipping the grace  ||  Failed!  - Failed:     2, Passed:    57, Skipped:     0, Total:    59, Duration: 541 ms - CcpClient.Tests.dll (net10.0)
M-av  SURVIVED  [unit]  the due callback drops its liveness re-check  ||  Passed!  - Failed:     0, Passed:    59, Skipped:     0, Total:    59, Duration: 496 ms - CcpClient.Tests.dll (net10.0)
M-aw  SURVIVED  [unit]  the spent tick clears the slot whatever is in it  ||  Passed!  - Failed:     0, Passed:    59, Skipped:     0, Total:    59, Duration: 504 ms - CcpClient.Tests.dll (net10.0)
M-ax  CAUGHT  [unit]  the poll never re-arms  ||  Failed!  - Failed:    14, Passed:    45, Skipped:     0, Total:    59, Duration: 522 ms - CcpClient.Tests.dll (net10.0)
M-ay  CAUGHT  [unit]  stop leaves the pending one-shot alive  ||  Failed!  - Failed:     2, Passed:    57, Skipped:     0, Total:    59, Duration: 547 ms - CcpClient.Tests.dll (net10.0)
M-az  SURVIVED  [unit]  stop never cancels the generation  ||  Passed!  - Failed:     0, Passed:    59, Skipped:     0, Total:    59, Duration: 513 ms - CcpClient.Tests.dll (net10.0)
M-ba  CAUGHT  [unit]  every tick re-runs the start-up check  ||  Failed!  - Failed:     7, Passed:    52, Skipped:     0, Total:    59, Duration: 545 ms - CcpClient.Tests.dll (net10.0)
M-bb  CAUGHT  [unit]  the settings store is never started, so it never LOADS  ||  Failed!  - Failed:    24, Passed:    35, Skipped:     0, Total:    59, Duration: 381 ms - CcpClient.Tests.dll (net10.0)
M-bc  CAUGHT  [unit]  the participant is never marked running  ||  Failed!  - Failed:    19, Passed:    40, Skipped:     0, Total:    59, Duration: 541 ms - CcpClient.Tests.dll (net10.0)
M-bd  SURVIVED  [unit]  the real clock reads UTC instead of local  ||  Passed!  - Failed:     0, Passed:    59, Skipped:     0, Total:    59, Duration: 485 ms - CcpClient.Tests.dll (net10.0)
M-be  CAUGHT  [headless]  the START/STOP button never tells the scheduler  ||  Failed!  - Failed:     1, Passed:    61, Skipped:     0, Total:    62, Duration: 23 s - CcpClient.HeadlessTests.dll (net10.0)
M-bf  CAUGHT  [headless]  the button tells the scheduler AFTER the toggle  ||  Failed!  - Failed:     1, Passed:    61, Skipped:     0, Total:    62, Duration: 21 s - CcpClient.HeadlessTests.dll (net10.0)
M-bg  CAUGHT  [headless]  the shell never ducks on a scheduled start  ||  Failed!  - Failed:     1, Passed:    61, Skipped:     0, Total:    62, Duration: 36 s - CcpClient.HeadlessTests.dll (net10.0)
M-bh  CAUGHT  [headless]  the row's right-click flips nothing  ||  Failed!  - Failed:     1, Passed:    61, Skipped:     0, Total:    62, Duration: 20 s - CcpClient.HeadlessTests.dll (net10.0)
M-bi  CAUGHT  [headless]  the time boxes are loaded from a constant, not the document  ||  Failed!  - Failed:     2, Passed:    60, Skipped:     0, Total:    62, Duration: 21 s - CcpClient.HeadlessTests.dll (net10.0)
M-bj  CAUGHT  [headless]  committing the boxes writes the start into both  ||  Failed!  - Failed:     2, Passed:    60, Skipped:     0, Total:    62, Duration: 20 s - CcpClient.HeadlessTests.dll (net10.0)
M-bk  CAUGHT  [headless]  the panel never opens  ||  Failed!  - Failed:     7, Passed:    55, Skipped:     0, Total:    62, Duration: 19 s - CcpClient.HeadlessTests.dll (net10.0)
M-bl  SURVIVED  [headless]  every day box writes Monday  ||  Passed!  - Failed:     0, Passed:    62, Skipped:     0, Total:    62, Duration: 21 s - CcpClient.HeadlessTests.dll (net10.0)
M-bm  CAUGHT  [headless]  the row's dot never paints Live  ||  Failed!  - Failed:     1, Passed:    61, Skipped:     0, Total:    62, Duration: 19 s - CcpClient.HeadlessTests.dll (net10.0)
M-bn  CAUGHT  [headless]  the panel's live line is composed from a constant dot  ||  Failed!  - Failed:     1, Passed:    61, Skipped:     0, Total:    62, Duration: 19 s - CcpClient.HeadlessTests.dll (net10.0)
M-bo  SURVIVED  [unit]  the scheduler's settings never flush at teardown  ||  Passed!  - Failed:     0, Passed:    59, Skipped:     0, Total:    59, Duration: 481 ms - CcpClient.Tests.dll (net10.0)
M-bp  CAUGHT  [headless]  the injected schedule clock is ignored  ||  Failed!  - Failed:     5, Passed:    57, Skipped:     0, Total:    62, Duration: 21 s - CcpClient.HeadlessTests.dll (net10.0)

round 1: 58 caught, 10 survived, 0 not patched, 0 not compiled (68 attempted)
tree restored byte-identically: YES
