dtrh-loopback: page+media origins bound on 127.0.0.1 (ephemeral)
layout-probe: card 488.0x71.0 DIP @ scale 1 @ screen 16,45
dtrh: quick start — reusing slot 1 (picker skipped by design)
dtrh-slots: live save is now slot 1
dtrh: descending into slot 1
dtrh: host window opening on slot 1
dtrh: meta engine bound to slot 1
dtrh-audio: 1 render endpoint(s): RDP Sink (default)
dtrh-audio: playback device up (requested default)
dtrh: native effects up (SFX pool 8/drop, voice, vmem video, freeze)
dtrh: showing NativeWebDialog surface (page index.html)
dtrh: GTK WebKit base dirs set
dtrh: fx-drive armed (HARNESS-ONLY): loom-file:evidence-loom-01.gif@8; run-started@13; run-ended-full@17
dtrh: auto-close armed at 40s
libEGL warning: DRI3 error: Could not get DRI3 device
libEGL warning: Ensure your X server supports DRI3 to get accelerated rendering
dtrh(dialog): AdapterCreated
dtrh-loopback: GET /dtrh/index.html/… -> 200 (page:payload)
dtrh: NavigationCompleted success=True (surface dialog)
dtrh-loopback: GET /dtrh/boot.js/… -> 200 (page:payload)
dtrh-loopback: GET /dtrh/styles.css/… -> 200 (page:payload)
dtrh-loopback: GET /dtrh/bridge.js/… -> 200 (page:overlay)
dtrh-loopback: GET /dtrh/modContent.js/… -> 200 (page:payload)
dtrh-loopback: GET /dtrh/hostMedia.js/… -> 200 (page:payload)
dtrh-loopback: GET /dtrh/shared/… -> 200 (page:payload)
dtrh-loopback: GET /dtrh/engine/… -> 200 (page:payload)
dtrh-loopback: GET /dtrh/game/… -> 200 (page:payload)
dtrh-loopback: GET /dtrh/game/… -> 200 (page:payload)
dtrh-loopback: GET /dtrh/game/… -> 200 (page:payload)
dtrh-loopback: GET /dtrh/game/… -> 200 (page:payload)
dtrh-loopback: GET /dtrh/game/… -> 200 (page:payload)
dtrh-loopback: GET /dtrh/game/… -> 200 (page:payload)
dtrh-loopback: GET /dtrh/game/… -> 200 (page:payload)
dtrh-loopback: GET /dtrh/game/… -> 200 (page:payload)
dtrh-loopback: GET /dtrh/game/… -> 200 (page:payload)
dtrh-loopback: GET /dtrh/game/… -> 200 (page:payload)
dtrh-loopback: GET /dtrh/engine/… -> 200 (page:payload)
dtrh-loopback: GET /dtrh/engine/… -> 200 (page:payload)
dtrh-loopback: GET /dtrh/game/… -> 200 (page:payload)
dtrh-loopback: GET /dtrh/game/… -> 200 (page:payload)
dtrh-loopback: GET /dtrh/game/… -> 200 (page:payload)
dtrh-loopback: GET /dtrh/game/… -> 200 (page:payload)
dtrh-loopback: GET /dtrh/game/… -> 200 (page:payload)
dtrh-loopback: GET /dtrh/engine/… -> 200 (page:payload)
dtrh-loopback: GET /dtrh/game/… -> 200 (page:payload)
dtrh-loopback: GET /dtrh/game/… -> 200 (page:payload)
dtrh-loopback: GET /dtrh/game/… -> 200 (page:payload)
dtrh-loopback: GET /dtrh/game/… -> 200 (page:payload)
dtrh-loopback: GET /dtrh/game/… -> 200 (page:payload)
dtrh-loopback: GET /dtrh/game/… -> 200 (page:payload)
dtrh-loopback: GET /dtrh/game/… -> 200 (page:payload)
dtrh-loopback: GET /dtrh/game/… -> 200 (page:payload)
dtrh-loopback: GET /dtrh/shared/… -> 200 (page:payload)
dtrh-loopback: GET /dtrh/game/… -> 200 (page:payload)
dtrh-loopback: GET /dtrh/assets/… -> 200 (page:payload)
dtrh-loopback: GET /dtrh/game/… -> 200 (page:payload)
dtrh-loopback: GET /dtrh/engine/… -> 200 (page:payload)
dtrh-loopback: GET /dtrh/game/… -> 200 (page:payload)
dtrh-loopback: GET /dtrh/game/… -> 200 (page:payload)
dtrh-loopback: GET /dtrh/assets/… -> 200 (page:payload)
dtrh-loopback: GET /dtrh/shared/… -> 200 (page:payload)
dtrh-loopback: GET /dtrh/engine/… -> 200 (page:payload)
dtrh-loopback: GET /dtrh/shared/… -> 200 (page:payload)
dtrh-loopback: GET /dtrh/shared/… -> 200 (page:payload)
dtrh-loopback: GET /dtrh/shared/… -> 200 (page:payload)
dtrh-loopback: GET /dtrh/engine/… -> 200 (page:payload)
dtrh-loopback: GET /dtrh/engine/… -> 200 (page:payload)
dtrh-loopback: GET /dtrh/engine/… -> 200 (page:payload)
dtrh-loopback: GET /dtrh/engine/… -> 200 (page:payload)
dtrh-loopback: GET /dtrh/engine/… -> 200 (page:payload)
dtrh-loopback: GET /dtrh/engine/… -> 200 (page:payload)
dtrh-loopback: GET /dtrh/engine/… -> 200 (page:payload)
dtrh-loopback: GET /dtrh/engine/… -> 200 (page:payload)
dtrh-loopback: GET /dtrh/vendor/… -> 200 (page:payload)
dtrh-loopback: GET /dtrh/engine/… -> 200 (page:payload)
dtrh: ready received — flushing init+manifest
dtrh-loopback: GET /dtrh/engine/… -> 200 (page:payload)
dtrh-loopback: GET /dtrh/engine/… -> 200 (page:payload)
dtrh-loopback: GET /dtrh/engine/… -> 200 (page:payload)
dtrh-loopback: GET /dtrh/engine/… -> 200 (page:payload)
dtrh-loopback: GET /dtrh/engine/… -> 200 (page:payload)
dtrh-loopback: GET /dtrh/assets/… -> 200 (page:payload)
dtrh-loopback: GET bridge:inbox -> 200 (1 message(s))
dtrh-media: manifest — 2 image(s), 1 video(s), 0 skipped
dtrh-loopback: GET bridge:inbox -> 200 (2 message(s))
dtrh: loom-list posted (0 spiral(s))
dtrh-loopback: GET bridge:inbox -> 200 (1 message(s))
dtrh page log: boot: ready posted, waiting for init + manifest
dtrh-loopback: GET /dtrh/assets/… -> 200 (page:payload)
dtrh-loopback: GET /dtrh/assets/… -> 200 (page:payload)
dtrh-loopback: GET /dtrh/assets/… -> 200 (page:payload)
dtrh-loopback: GET /dtrh/assets/… -> 200 (page:payload)
dtrh-loopback: GET /dtrh/assets/… -> 200 (page:payload)
dtrh-loopback: GET /dtrh/assets/… -> 200 (page:payload)
dtrh-loopback: GET /dtrh/assets/… -> 200 (page:payload)
dtrh-loopback: GET /dtrh/assets/… -> 200 (page:payload)
dtrh-loopback: GET /dtrh/assets/… -> 200 (page:payload)
dtrh-loopback: GET /dtrh/assets/… -> 200 (page:payload)
dtrh-loopback: GET /dtrh/assets/… -> 200 (page:payload)
dtrh-loopback: GET /dtrh/assets/… -> 200 (page:payload)
dtrh-loopback: GET /dtrh/assets/… -> 200 (page:payload)
dtrh-loopback: GET /dtrh/assets/… -> 200 (page:payload)
dtrh-loopback: GET /umedia/images/… -> 200 (umedia)
dtrh-loopback: GET /umedia/images/… -> 200 (umedia)
WebKit wasn't able to find a WebVTT encoder. Subtitles handling will be degraded unless gst-plugins-bad is installed.
GStreamer element fakevideosink not found. Please install it
WebKit wasn't able to find a WebVTT encoder. Subtitles handling will be degraded unless gst-plugins-bad is installed.
dtrh-loopback: GET /dtrh/assets/… -> 200 (page:payload)
WebKit wasn't able to find a WebVTT encoder. Subtitles handling will be degraded unless gst-plugins-bad is installed.
dtrh-loopback: GET /umedia/videos/… -> 200 (umedia)
dtrh-loopback: GET /umedia/videos/… -> 200 (umedia)
dtrh-loopback: GET /umedia/images/… -> 200 (umedia)
dtrh-loopback: GET /umedia/images/… -> 200 (umedia)
dtrh-loopback: GET /umedia/videos/… -> 206 (umedia)
dtrh-loopback: GET /umedia/videos/… -> 206 (umedia)
dtrh-loopback: GET /umedia/videos/… -> 206 (umedia)
dtrh-loopback: GET /umedia/videos/… -> 206 (umedia)
dtrh-loopback: GET /umedia/videos/… -> 206 (umedia)
dtrh-loopback: GET /umedia/videos/… -> 206 (umedia)
dtrh-loopback: GET /umedia/images/… -> 200 (umedia)
dtrh-loopback: GET /umedia/images/… -> 200 (umedia)
dtrh-loopback: GET /dtrh/assets/… -> 200 (page:payload)
dtrh-loopback: GET /dtrh/assets/… -> 200 (page:payload)
dtrh-loopback: GET /dtrh/assets/… -> 200 (page:payload)
dtrh-loopback: GET /dtrh/assets/… -> 200 (page:payload)
dtrh-loopback: GET /dtrh/assets/… -> 200 (page:payload)
dtrh-loopback: GET /dtrh/assets/… -> 200 (page:payload)
dtrh-loopback: GET /dtrh/assets/… -> 200 (page:payload)
dtrh-loopback: GET /dtrh/assets/… -> 200 (page:payload)
dtrh-loopback: GET /dtrh/assets/… -> 200 (page:payload)
dtrh-loopback: GET /dtrh/assets/… -> 200 (page:payload)
dtrh-loopback: GET /dtrh/assets/… -> 200 (page:payload)
dtrh-loopback: GET /dtrh/assets/… -> 200 (page:payload)
dtrh-loopback: GET /dtrh/assets/… -> 200 (page:payload)
dtrh-loopback: GET /dtrh/assets/… -> 200 (page:payload)
dtrh-loopback: GET /dtrh/assets/… -> 200 (page:payload)
dtrh-loopback: GET /dtrh/assets/… -> 200 (page:payload)
dtrh-loopback: GET /dtrh/assets/… -> 200 (page:payload)
dtrh page log: cheshire: hub scene hub_welcome
dtrh-fx: vn-speaking on — SFX stand down
dtrh page log: reveal pending: variant_video (hub_open)
dtrh page log: reveal pending: variant_htlink (hub_open)
dtrh-loopback: GET bridge:inbox -> 200 (4 message(s))
dtrh page log: engine live (game mode)
dtrh: ENGINE LIVE
WebKit wasn't able to find a WebVTT encoder. Subtitles handling will be degraded unless gst-plugins-bad is installed.
WebKit wasn't able to find a WebVTT encoder. Subtitles handling will be degraded unless gst-plugins-bad is installed.
WebKit wasn't able to find a WebVTT encoder. Subtitles handling will be degraded unless gst-plugins-bad is installed.
dtrh-loopback: GET /dtrh/assets/… -> 200 (page:payload)
dtrh-loopback: GET bridge:inbox -> 200 (4 message(s))
dtrh-loopback: GET /umedia/videos/… -> 206 (umedia)
dtrh-loopback: GET /umedia/videos/… -> 206 (umedia)
dtrh-loopback: GET /umedia/videos/… -> 206 (umedia)
dtrh-loopback: GET /umedia/videos/… -> 206 (umedia)
dtrh-loopback: GET /umedia/videos/… -> 206 (umedia)
dtrh-loopback: GET /umedia/videos/… -> 206 (umedia)
dtrh-loopback: GET /umedia/images/… -> 200 (umedia)
dtrh-loopback: GET /umedia/images/… -> 200 (umedia)
dtrh: heartbeat #1
dtrh: fx-drive loom-file staged (2236341 bytes) — real loom-save through the real dispatch path (HARNESS-ONLY)
dtrh-loom: saved spiral (2236341 bytes)
dtrh-loopback: GET bridge:inbox -> 200 (1 message(s))
dtrh: loom-list posted (1 spiral(s))
dtrh-loopback: GET bridge:inbox -> 200 (1 message(s))
dtrh-fx: sfx 'boon_pick' skipped — VN owns the mix
dtrh: fx-drive injecting 'run-started@13' (raw JSON through the real dispatch path)
dtrh-fx: vn-speaking off — mix released
dtrh-meta: run started (diff=Gentle, mode=dtrh-web)
dtrh: fx-drive injecting 'run-ended-full@17' (raw JSON through the real dispatch path)
dtrh-loopback: GET bridge:inbox -> 200 (1 message(s))
dtrh-meta: run complete — base 750 x 1.0 = 750 XP, 171 sparks
dtrh-loopback: GET bridge:inbox -> 200 (2 message(s))
dtrh page log: payout: base=750 final=750 sparks=171
dtrh: heartbeat #16
dtrh: auto-close firing
dtrh-fx: teardown complete
dtrh(dialog): closing
dtrh(dialog): AdapterDestroyed
dtrh: flow ended — shutting down the lifetime
app: Exit — teardown begin
dtrh: participant stop begin
dtrh: participant stop end
app: teardown end
