dtrh-loopback: page+media origins bound on 127.0.0.1 (ephemeral)
layout-probe: card 488.0x71.0 DIP @ scale 1 @ screen 16,45
dtrh: picker timeout armed at 30s
dtrh: picker timeout — committing current selection (timed drive, not input)
dtrh-slots: live save is now slot 1
dtrh: descending into slot 1
dtrh: host window opening on slot 1
dtrh: showing NativeWebDialog surface (page index.html)
dtrh: GTK WebKit base dirs set
dtrh: auto-close armed at 20s
libEGL warning: DRI3 error: Could not get DRI3 device
libEGL warning: Ensure your X server supports DRI3 to get accelerated rendering
dtrh(dialog): AdapterCreated
dtrh-loopback: GET /dtrh/index.html/… -> 200 (page:payload)
dtrh: NavigationCompleted success=True (surface dialog)
dtrh-loopback: GET /dtrh/boot.js/… -> 200 (page:payload)
dtrh-loopback: GET /dtrh/styles.css/… -> 200 (page:payload)
dtrh-loopback: GET /dtrh/bridge.js/… -> 200 (page:overlay)
dtrh-loopback: GET /dtrh/modContent.js/… -> 200 (page:payload)
dtrh-loopback: GET /dtrh/hostMedia.js/… -> 200 (page:payload)
dtrh-loopback: GET /dtrh/shared/… -> 200 (page:payload)
dtrh-loopback: GET /dtrh/engine/… -> 200 (page:payload)
dtrh-loopback: GET /dtrh/game/… -> 200 (page:payload)
dtrh-loopback: GET /dtrh/game/… -> 200 (page:payload)
dtrh-loopback: GET /dtrh/game/… -> 200 (page:payload)
dtrh-loopback: GET /dtrh/game/… -> 200 (page:payload)
dtrh-loopback: GET /dtrh/game/… -> 200 (page:payload)
dtrh-loopback: GET /dtrh/game/… -> 200 (page:payload)
dtrh-loopback: GET /dtrh/game/… -> 200 (page:payload)
dtrh-loopback: GET /dtrh/game/… -> 200 (page:payload)
dtrh-loopback: GET /dtrh/engine/… -> 200 (page:payload)
dtrh-loopback: GET /dtrh/engine/… -> 200 (page:payload)
dtrh-loopback: GET /dtrh/game/… -> 200 (page:payload)
dtrh-loopback: GET /dtrh/game/… -> 200 (page:payload)
dtrh-loopback: GET /dtrh/game/… -> 200 (page:payload)
dtrh-loopback: GET /dtrh/game/… -> 200 (page:payload)
dtrh-loopback: GET /dtrh/game/… -> 200 (page:payload)
dtrh-loopback: GET /dtrh/game/… -> 200 (page:payload)
dtrh-loopback: GET /dtrh/engine/… -> 200 (page:payload)
dtrh-loopback: GET /dtrh/game/… -> 200 (page:payload)
dtrh-loopback: GET /dtrh/game/… -> 200 (page:payload)
dtrh-loopback: GET /dtrh/game/… -> 200 (page:payload)
dtrh-loopback: GET /dtrh/game/… -> 200 (page:payload)
dtrh-loopback: GET /dtrh/game/… -> 200 (page:payload)
dtrh-loopback: GET /dtrh/game/… -> 200 (page:payload)
dtrh-loopback: GET /dtrh/game/… -> 200 (page:payload)
dtrh-loopback: GET /dtrh/game/… -> 200 (page:payload)
dtrh-loopback: GET /dtrh/game/… -> 200 (page:payload)
dtrh-loopback: GET /dtrh/shared/… -> 200 (page:payload)
dtrh-loopback: GET /dtrh/assets/… -> 200 (page:payload)
dtrh-loopback: GET /dtrh/game/… -> 200 (page:payload)
dtrh-loopback: GET /dtrh/engine/… -> 200 (page:payload)
dtrh-loopback: GET /dtrh/game/… -> 200 (page:payload)
dtrh-loopback: GET /dtrh/game/… -> 200 (page:payload)
dtrh-loopback: GET /dtrh/game/… -> 200 (page:payload)
dtrh-loopback: GET /dtrh/assets/… -> 200 (page:payload)
dtrh-loopback: GET /dtrh/shared/… -> 200 (page:payload)
dtrh-loopback: GET /dtrh/engine/… -> 200 (page:payload)
dtrh-loopback: GET /dtrh/shared/… -> 200 (page:payload)
dtrh-loopback: GET /dtrh/shared/… -> 200 (page:payload)
dtrh-loopback: GET /dtrh/shared/… -> 200 (page:payload)
dtrh-loopback: GET /dtrh/engine/… -> 200 (page:payload)
dtrh: ready received — flushing init+manifest
dtrh-loopback: GET /dtrh/engine/… -> 200 (page:payload)
dtrh-loopback: GET /dtrh/engine/… -> 200 (page:payload)
dtrh-loopback: GET /dtrh/engine/… -> 200 (page:payload)
dtrh-loopback: GET /dtrh/vendor/… -> 200 (page:payload)
dtrh-loopback: GET /dtrh/engine/… -> 200 (page:payload)
dtrh-loopback: GET /dtrh/engine/… -> 200 (page:payload)
dtrh-loopback: GET /dtrh/engine/… -> 200 (page:payload)
dtrh-loopback: GET /dtrh/engine/… -> 200 (page:payload)
dtrh-loopback: GET /dtrh/engine/… -> 200 (page:payload)
dtrh-loopback: GET /dtrh/engine/… -> 200 (page:payload)
dtrh-loopback: GET /dtrh/engine/… -> 200 (page:payload)
dtrh-loopback: GET /dtrh/engine/… -> 200 (page:payload)
dtrh-loopback: GET /dtrh/engine/… -> 200 (page:payload)
dtrh-loopback: GET /dtrh/engine/… -> 200 (page:payload)
dtrh-loopback: GET bridge:inbox -> 200 (1 message(s))
dtrh page log: boot: ready posted, waiting for init + manifest
dtrh-loopback: GET bridge:inbox -> 200 (1 message(s))
dtrh-loopback: GET /dtrh/assets/… -> 200 (page:payload)
dtrh-loopback: GET /dtrh/assets/… -> 200 (page:payload)
dtrh-loopback: GET /dtrh/assets/… -> 200 (page:payload)
dtrh-loopback: GET /dtrh/assets/… -> 200 (page:payload)
dtrh-loopback: GET /dtrh/assets/… -> 200 (page:payload)
dtrh-loopback: GET /dtrh/assets/… -> 200 (page:payload)
dtrh-loopback: GET /dtrh/assets/… -> 200 (page:payload)
dtrh-loopback: GET /dtrh/assets/… -> 200 (page:payload)
dtrh-loopback: GET /dtrh/assets/… -> 200 (page:payload)
dtrh-loopback: GET /dtrh/assets/… -> 200 (page:payload)
dtrh-loopback: GET /dtrh/assets/… -> 200 (page:payload)
dtrh-loopback: GET /dtrh/assets/… -> 200 (page:payload)
dtrh-loopback: GET /dtrh/assets/… -> 200 (page:payload)
dtrh-loopback: GET /dtrh/assets/… -> 200 (page:payload)
dtrh-loopback: GET /dtrh/assets/… -> 200 (page:payload)
dtrh-loopback: GET /media/bubbles/… -> 200 (media)
dtrh-loopback: GET /media/bubbles/… -> 200 (media)
WebKit wasn't able to find a WebVTT encoder. Subtitles handling will be degraded unless gst-plugins-bad is installed.
GStreamer element fakevideosink not found. Please install it
WebKit wasn't able to find a WebVTT encoder. Subtitles handling will be degraded unless gst-plugins-bad is installed.
dtrh-loopback: GET /dtrh/assets/… -> 200 (page:payload)
WebKit wasn't able to find a WebVTT encoder. Subtitles handling will be degraded unless gst-plugins-bad is installed.
dtrh-loopback: GET /media/bubbles/… -> 200 (media)
dtrh-loopback: GET /media/bubbles/… -> 200 (media)
dtrh-loopback: GET /media/bubbles/… -> 200 (media)
dtrh-loopback: GET /dtrh/assets/… -> 200 (page:payload)
dtrh-loopback: GET /dtrh/assets/… -> 200 (page:payload)
dtrh-loopback: GET /dtrh/assets/… -> 200 (page:payload)
dtrh-loopback: GET /dtrh/assets/… -> 200 (page:payload)
dtrh-loopback: GET /dtrh/assets/… -> 200 (page:payload)
dtrh-loopback: GET /dtrh/assets/… -> 200 (page:payload)
dtrh-loopback: GET /dtrh/assets/… -> 200 (page:payload)
dtrh-loopback: GET /dtrh/assets/… -> 200 (page:payload)
dtrh-loopback: GET /dtrh/assets/… -> 200 (page:payload)
dtrh-loopback: GET /dtrh/assets/… -> 200 (page:payload)
dtrh-loopback: GET /dtrh/assets/… -> 200 (page:payload)
dtrh-loopback: GET /dtrh/assets/… -> 200 (page:payload)
dtrh-loopback: GET /dtrh/assets/… -> 200 (page:payload)
dtrh-loopback: GET /dtrh/assets/… -> 200 (page:payload)
dtrh-loopback: GET /dtrh/assets/… -> 200 (page:payload)
dtrh-loopback: GET /dtrh/assets/… -> 200 (page:payload)
dtrh-loopback: GET /dtrh/assets/… -> 200 (page:payload)
dtrh: 'MetaCommand' deferred to slice b4 (typed, not dropped)
dtrh page log: reveal pending: variant_video (hub_open)
dtrh: 'MetaCommand' deferred to slice b4 (typed, not dropped)
dtrh page log: reveal pending: variant_htlink (hub_open)
dtrh: 'MetaCommand' deferred to slice b4 (typed, not dropped)
dtrh: 'MetaCommand' deferred to slice b4 (typed, not dropped)
dtrh: 'MetaCommand' deferred to slice b4 (typed, not dropped)
dtrh: 'MetaCommand' deferred to slice b4 (typed, not dropped)
dtrh page log: engine live (game mode)
dtrh: ENGINE LIVE
WebKit wasn't able to find a WebVTT encoder. Subtitles handling will be degraded unless gst-plugins-bad is installed.
dtrh-loopback: GET /media/bubbles/… -> 200 (media)
dtrh-loopback: GET /media/bubbles/… -> 200 (media)
dtrh-loopback: GET /media/bubbles/… -> 200 (media)
dtrh: heartbeat #1
dtrh: auto-close firing
dtrh(dialog): closing
dtrh(dialog): AdapterDestroyed
dtrh: flow ended — shutting down the lifetime
app: Exit — teardown begin
dtrh: participant stop begin
dtrh: participant stop end
app: teardown end
