dtrh: payload root 'C:\Code\Conditioning-Control-Panel---CSharp-WPF\.worktrees\spine-20260805T102230\lane-1\client\src\CcpClient.Desktop\bin\Debug\net10.0\payload\dtrh' -> Present (1542 files)
dtrh-loopback: page+media origins bound on 127.0.0.1 (ephemeral)
layout-probe: card 488.0x77.1 DIP @ scale 1.75 @ screen 172,266
dtrh: quick start — reusing slot 1 (picker skipped by design)
dtrh-slots: live save is now slot 1
dtrh: descending into slot 1
dtrh: host window opening on slot 1
dtrh: meta engine bound to slot 1
dtrh-audio: 1 render endpoint(s): Speakers (Realtek(R) Audio) (default)
dtrh-audio: playback device up (requested default)
dtrh: native effects up (SFX pool 8/drop, voice, vmem video, freeze)
sound: 1 render endpoint(s): Speakers (Realtek(R) Audio)
sound: playback device up (requested default)
dtrh: bark arbitration device init ? Ready (typed)
bark: manifest loaded (8 rule(s))
dtrh: bark pipeline up (8 rule(s); voice assets = named limit)
dtrh: WebView2 UserDataFolder set; autoplay-policy=no-user-gesture-required
dtrh: navigating embedded surface (page index.html)
dtrh: fx-drive armed (HARNESS-ONLY): buy:custom_duration@6; buy:endless_mode@8; request-run-hd@12
dtrh: auto-close armed at 20s
dtrh: AdapterCreated info='DetailedWebViewAdapterInfo { Type = WebView2, Engine = Blink, Version = 151.0.4129.72, IsSupported = True, IsInstalled = True, UnavailableReason = , SupportedScenarios = NativeControlHost }'
dtrh: native ProcessFailed signal ATTACHED (W17 immediate route, WebView2 slot-25 subscription)
dtrh-loopback: GET /dtrh/index.html/… -> 200 (page:payload)
dtrh-loopback: GET /dtrh/styles.css/… -> 200 (page:payload)
dtrh-loopback: GET /dtrh/boot.js/… -> 200 (page:payload)
dtrh-loopback: GET /dtrh/bridge.js/… -> 200 (page:overlay)
dtrh-loopback: GET /dtrh/modContent.js/… -> 200 (page:payload)
dtrh-loopback: GET /dtrh/shared/… -> 200 (page:payload)
dtrh-loopback: GET /dtrh/engine/… -> 200 (page:payload)
dtrh-loopback: GET /dtrh/shared/… -> 200 (page:payload)
dtrh-loopback: GET /dtrh/hostMedia.js/… -> 200 (page:payload)
dtrh-loopback: GET /dtrh/game/… -> 200 (page:payload)
dtrh-loopback: GET /dtrh/game/… -> 200 (page:payload)
dtrh-loopback: GET /dtrh/game/… -> 200 (page:payload)
dtrh-loopback: GET /dtrh/game/… -> 200 (page:payload)
dtrh-loopback: GET /dtrh/game/… -> 200 (page:payload)
dtrh-loopback: GET /dtrh/game/… -> 200 (page:payload)
dtrh-loopback: GET /dtrh/game/… -> 200 (page:payload)
dtrh-loopback: GET /dtrh/game/… -> 200 (page:payload)
dtrh-loopback: GET /dtrh/game/… -> 200 (page:payload)
dtrh-loopback: GET /dtrh/game/… -> 200 (page:payload)
dtrh-loopback: GET /dtrh/engine/… -> 200 (page:payload)
dtrh-loopback: GET /dtrh/engine/… -> 200 (page:payload)
dtrh-loopback: GET /dtrh/game/… -> 200 (page:payload)
dtrh-loopback: GET /dtrh/game/… -> 200 (page:payload)
dtrh-loopback: GET /dtrh/game/… -> 200 (page:payload)
dtrh-loopback: GET /dtrh/game/… -> 200 (page:payload)
dtrh-loopback: GET /dtrh/game/… -> 200 (page:payload)
dtrh-loopback: GET /dtrh/game/… -> 200 (page:payload)
dtrh-loopback: GET /dtrh/game/… -> 200 (page:payload)
dtrh-loopback: GET /dtrh/engine/… -> 200 (page:payload)
dtrh-loopback: GET /dtrh/game/… -> 200 (page:payload)
dtrh-loopback: GET /dtrh/game/… -> 200 (page:payload)
dtrh-loopback: GET /dtrh/game/… -> 200 (page:payload)
dtrh-loopback: GET /dtrh/game/… -> 200 (page:payload)
dtrh-loopback: GET /dtrh/game/… -> 200 (page:payload)
dtrh-loopback: GET /dtrh/game/… -> 200 (page:payload)
dtrh-loopback: GET /dtrh/assets/… -> 200 (page:payload)
dtrh-loopback: GET /dtrh/engine/… -> 200 (page:payload)
dtrh-loopback: GET /dtrh/game/… -> 200 (page:payload)
dtrh-loopback: GET /dtrh/game/… -> 200 (page:payload)
dtrh-loopback: GET /dtrh/game/… -> 200 (page:payload)
dtrh-loopback: GET /dtrh/shared/… -> 200 (page:payload)
dtrh-loopback: GET /dtrh/game/… -> 200 (page:payload)
dtrh-loopback: GET /dtrh/assets/… -> 200 (page:payload)
dtrh-loopback: GET /dtrh/shared/… -> 200 (page:payload)
dtrh-loopback: GET /dtrh/shared/… -> 200 (page:payload)
dtrh: unknown page message type 'mute-state' — tolerated (typed, not dropped)
dtrh: ready received — flushing init+manifest
dtrh-loopback: GET /favicon.ico/ -> 404
dtrh-loopback: GET /dtrh/engine/… -> 200 (page:payload)
dtrh-media: manifest — 0 image(s), 0 video(s), 0 skipped
dtrh-loopback: GET /dtrh/shared/… -> 200 (page:payload)
dtrh-loopback: GET /dtrh/shared/… -> 200 (page:payload)
dtrh-loopback: GET /dtrh/shared/… -> 200 (page:payload)
dtrh-loopback: GET /dtrh/engine/… -> 200 (page:payload)
dtrh-loopback: GET /dtrh/engine/… -> 200 (page:payload)
dtrh: loom-list posted (1 spiral(s))
dtrh page log: boot: ready posted, waiting for init + manifest
dtrh: NavigationCompleted success=True (surface embedded)
dtrh: focus claimed at ready; document.hasFocus()=true
dtrh-loopback: GET /dtrh/vendor/… -> 200 (page:payload)
dtrh-loopback: GET /dtrh/engine/… -> 200 (page:payload)
dtrh-loopback: GET /dtrh/engine/… -> 200 (page:payload)
dtrh-loopback: GET /dtrh/engine/… -> 200 (page:payload)
dtrh-loopback: GET /dtrh/engine/… -> 200 (page:payload)
dtrh-loopback: GET /dtrh/engine/… -> 200 (page:payload)
dtrh-loopback: GET /dtrh/engine/… -> 200 (page:payload)
dtrh-loopback: GET /dtrh/engine/… -> 200 (page:payload)
dtrh-loopback: GET /dtrh/engine/… -> 200 (page:payload)
dtrh-loopback: GET /dtrh/engine/… -> 200 (page:payload)
dtrh-loopback: GET /dtrh/engine/… -> 200 (page:payload)
dtrh-loopback: GET /dtrh/engine/… -> 200 (page:payload)
dtrh-loopback: GET /dtrh/engine/… -> 200 (page:payload)
dtrh-loopback: GET /dtrh/assets/… -> 200 (page:payload)
dtrh-loopback: GET /dtrh/assets/… -> 200 (page:payload)
dtrh-loopback: GET /dtrh/assets/… -> 200 (page:payload)
dtrh-loopback: GET /dtrh/assets/… -> 200 (page:payload)
dtrh-loopback: GET /dtrh/assets/… -> 200 (page:payload)
dtrh-loopback: GET /dtrh/assets/… -> 200 (page:payload)
dtrh-loopback: GET /dtrh/assets/… -> 200 (page:payload)
dtrh-loopback: GET /dtrh/assets/… -> 200 (page:payload)
dtrh-loopback: GET /dtrh/assets/… -> 200 (page:payload)
dtrh-loopback: GET /dtrh/assets/… -> 200 (page:payload)
dtrh-loopback: GET /dtrh/assets/… -> 200 (page:payload)
dtrh-loopback: GET /dtrh/assets/… -> 200 (page:payload)
dtrh-loopback: GET /dtrh/assets/… -> 200 (page:payload)
dtrh-loopback: GET /dtrh/assets/… -> 200 (page:payload)
dtrh-loopback: GET /dtrh/assets/… -> 200 (page:payload)
dtrh-loopback: GET /dtrh/vendor/… -> 200 (page:payload)
dtrh-loopback: GET /dtrh/vendor/… -> 200 (page:payload)
dtrh-loopback: GET /dtrh/vendor/… -> 200 (page:payload)
dtrh-loopback: GET /dtrh/assets/… -> 206 (page:payload)
dtrh-loopback: GET /dtrh/vendor/… -> 200 (page:payload)
dtrh-loopback: GET /dtrh/vendor/… -> 200 (page:payload)
dtrh-loopback: GET /dtrh/vendor/… -> 200 (page:payload)
dtrh-loopback: GET /dtrh/vendor/… -> 200 (page:payload)
dtrh-loopback: GET /dtrh/vendor/… -> 200 (page:payload)
dtrh-loopback: GET /dtrh/assets/… -> 200 (page:payload)
dtrh-loopback: GET /dtrh/assets/… -> 200 (page:payload)
dtrh-loopback: GET /dtrh/assets/… -> 200 (page:payload)
dtrh-loopback: GET /dtrh/assets/… -> 200 (page:payload)
dtrh-loopback: GET /dtrh/assets/… -> 200 (page:payload)
dtrh-loopback: GET /dtrh/assets/… -> 200 (page:payload)
dtrh-loopback: GET /dtrh/assets/… -> 200 (page:payload)
dtrh page log: engine live (game mode)
dtrh: ENGINE LIVE
dtrh: heartbeat #1
dtrh-loopback: GET /dtrh/assets/… -> 200 (page:payload)
dtrh-loopback: GET /dtrh/assets/… -> 200 (page:payload)
dtrh-loopback: GET /dtrh/assets/… -> 200 (page:payload)
dtrh-loopback: GET /dtrh/assets/… -> 200 (page:payload)
dtrh-loopback: GET /dtrh/assets/… -> 200 (page:payload)
dtrh-loopback: GET /dtrh/assets/… -> 200 (page:payload)
dtrh-loopback: GET /dtrh/assets/… -> 200 (page:payload)
dtrh-loopback: GET /dtrh/assets/… -> 200 (page:payload)
dtrh-loopback: GET /dtrh/assets/… -> 200 (page:payload)
dtrh-loopback: GET /dtrh/assets/… -> 200 (page:payload)
dtrh: unknown page message type 'haptic-state' — tolerated (typed, not dropped)
dtrh: fx-drive injecting 'buy:custom_duration@6' (raw JSON through the real dispatch path)
dtrh: unknown page message type 'haptic-state' — tolerated (typed, not dropped)
dtrh: unknown page message type 'haptic-state' — tolerated (typed, not dropped)
dtrh: fx-drive injecting 'buy:endless_mode@8' (raw JSON through the real dispatch path)
dtrh: unknown page message type 'haptic-state' — tolerated (typed, not dropped)
dtrh: unknown page message type 'haptic-state' — tolerated (typed, not dropped)
dtrh: fx-drive injecting 'request-run-hd@12' (raw JSON through the real dispatch path)
dtrh-meta: descent setup persisted (index document, app-global)
dtrh-meta: dealt run config (diff=Easy, dur=180s, endless=False, scripted=True)
dtrh page log: runcfg: diff=Easy scripted=true runs=0 variants=["flash","subliminal"] draft=false sin=0
dtrh-fx: sfx 'fall_in' — named content gap (WPF chain chaos/fall_in.mp3, ChaosSfx.cs:47 — no chain member in the payload sfx pool); silent no-op
dtrh-fx: sfx 'countdown_tick' — named content gap (WPF chain chaos/countdown_tick.mp3, ChaosSfx.cs:47 — no chain member in the payload sfx pool); silent no-op
dtrh-fx: sfx 'countdown_tick' — named content gap (WPF chain chaos/countdown_tick.mp3, ChaosSfx.cs:47 — no chain member in the payload sfx pool); silent no-op
dtrh: unknown page message type 'haptic-state' — tolerated (typed, not dropped)
dtrh-fx: sfx 'countdown_tick' — named content gap (WPF chain chaos/countdown_tick.mp3, ChaosSfx.cs:47 — no chain member in the payload sfx pool); silent no-op
dtrh-fx: sfx 'sink' — named content gap (WPF chain chaos/sink.mp3, ChaosSfx.cs:47 — no chain member in the payload sfx pool); silent no-op
dtrh-meta: run started (diff=Easy, mode=dtrh-web)
dtrh: unknown page message type 'haptic-state' — tolerated (typed, not dropped)
dtrh-fx: vn-speaking on — SFX stand down
dtrh-loopback: GET /dtrh/assets/… -> 200 (page:payload)
dtrh-loopback: GET /dtrh/assets/… -> 206 (page:payload)
dtrh: unknown page message type 'haptic-state' — tolerated (typed, not dropped)
dtrh: unknown page message type 'haptic-state' — tolerated (typed, not dropped)
dtrh: auto-close firing
dtrh: graceful exit — end-run posted to the page; bounded exit-done wait armed (1200ms, WPF :880)
dtrh-fx: vn-speaking off — mix released
dtrh: exit-done received — closing (graceful fast path)
sound: panic-reset — stopped 0 player(s), cleared 0 queued line(s), ducks force-released
dtrh-fx: teardown complete
dtrh: flow ended — shutting down the lifetime
app: Exit — teardown begin
dtrh: participant stop begin
dtrh: participant stop end
app: teardown end
[0811/232543.796:ERROR:ui\gfx\win\window_impl.cc:172] Failed to unregister class Chrome_WidgetWin_0. Error = 1412
