dtrh: payload root 'C:\Code\Conditioning-Control-Panel---CSharp-WPF\.worktrees\spine-20260805T102230\lane-1\client\src\CcpClient.Desktop\bin\Debug\net10.0\payload\dtrh' -> Present (1542 files)
dtrh-loopback: page+media origins bound on 127.0.0.1 (ephemeral)
layout-probe: card 488.0x77.1 DIP @ scale 1.75 @ screen 436,530
dtrh: quick start — reusing slot 1 (picker skipped by design)
dtrh-slots: live save is now slot 1
dtrh: descending into slot 1
dtrh: host window opening on slot 1
dtrh: M2 TEST MODE — meta engine clones in memory, the real save is never touched (HARNESS-ONLY)
dtrh: meta engine bound to slot 1 (TEST clone)
dtrh-audio: 1 render endpoint(s): Speakers (Realtek(R) Audio) (default)
dtrh-audio: playback device up (requested default)
dtrh: native effects up (SFX pool 8/drop, voice, vmem video, freeze)
dtrh: bark pipeline SKIPPED (m2 test mode — no routing, no persistence; WPF _testMode parity)
dtrh: WebView2 UserDataFolder set; autoplay-policy=no-user-gesture-required
dtrh: navigating embedded surface (page index.html)
dtrh: fx-drive armed (HARNESS-ONLY): request-run-hd@16
dtrh: auto-close armed at 24s
dtrh: AdapterCreated info='DetailedWebViewAdapterInfo { Type = WebView2, Engine = Blink, Version = 151.0.4129.72, IsSupported = True, IsInstalled = True, UnavailableReason = , SupportedScenarios = NativeControlHost }'
dtrh: native ProcessFailed signal ATTACHED (W17 immediate route, WebView2 slot-25 subscription)
dtrh-loopback: GET /dtrh/index.html/… -> 200 (page:payload)
dtrh-loopback: GET /dtrh/boot.js/… -> 200 (page:payload)
dtrh-loopback: GET /dtrh/styles.css/… -> 200 (page:payload)
dtrh-loopback: GET /dtrh/bridge.js/… -> 200 (page:overlay)
dtrh-loopback: GET /dtrh/shared/… -> 200 (page:payload)
dtrh-loopback: GET /dtrh/modContent.js/… -> 200 (page:payload)
dtrh-loopback: GET /dtrh/hostMedia.js/… -> 200 (page:payload)
dtrh-loopback: GET /dtrh/shared/… -> 200 (page:payload)
dtrh-loopback: GET /dtrh/game/… -> 200 (page:payload)
dtrh-loopback: GET /dtrh/engine/… -> 200 (page:payload)
dtrh-loopback: GET /dtrh/game/… -> 200 (page:payload)
dtrh-loopback: GET /dtrh/game/… -> 200 (page:payload)
dtrh-loopback: GET /dtrh/game/… -> 200 (page:payload)
dtrh-loopback: GET /dtrh/game/… -> 200 (page:payload)
dtrh-loopback: GET /dtrh/game/… -> 200 (page:payload)
dtrh-loopback: GET /dtrh/game/… -> 200 (page:payload)
dtrh-loopback: GET /dtrh/game/… -> 200 (page:payload)
dtrh-loopback: GET /dtrh/game/… -> 200 (page:payload)
dtrh-loopback: GET /dtrh/game/… -> 200 (page:payload)
dtrh-loopback: GET /dtrh/engine/… -> 200 (page:payload)
dtrh-loopback: GET /dtrh/engine/… -> 200 (page:payload)
dtrh-loopback: GET /dtrh/game/… -> 200 (page:payload)
dtrh-loopback: GET /dtrh/game/… -> 200 (page:payload)
dtrh-loopback: GET /dtrh/game/… -> 200 (page:payload)
dtrh-loopback: GET /dtrh/game/… -> 200 (page:payload)
dtrh-loopback: GET /dtrh/game/… -> 200 (page:payload)
dtrh-loopback: GET /dtrh/game/… -> 200 (page:payload)
dtrh-loopback: GET /dtrh/game/… -> 200 (page:payload)
dtrh-loopback: GET /dtrh/engine/… -> 200 (page:payload)
dtrh-loopback: GET /dtrh/game/… -> 200 (page:payload)
dtrh-loopback: GET /dtrh/game/… -> 200 (page:payload)
dtrh-loopback: GET /dtrh/game/… -> 200 (page:payload)
dtrh-loopback: GET /dtrh/game/… -> 200 (page:payload)
dtrh-loopback: GET /dtrh/game/… -> 200 (page:payload)
dtrh-loopback: GET /dtrh/game/… -> 200 (page:payload)
dtrh-loopback: GET /dtrh/assets/… -> 200 (page:payload)
dtrh-loopback: GET /dtrh/game/… -> 200 (page:payload)
dtrh-loopback: GET /dtrh/shared/… -> 200 (page:payload)
dtrh-loopback: GET /dtrh/engine/… -> 200 (page:payload)
dtrh-loopback: GET /dtrh/game/… -> 200 (page:payload)
dtrh-loopback: GET /dtrh/game/… -> 200 (page:payload)
dtrh-loopback: GET /dtrh/game/… -> 200 (page:payload)
dtrh-loopback: GET /dtrh/assets/… -> 200 (page:payload)
dtrh-loopback: GET /dtrh/shared/… -> 200 (page:payload)
dtrh-loopback: GET /dtrh/shared/… -> 200 (page:payload)
dtrh-loopback: GET /dtrh/engine/… -> 200 (page:payload)
dtrh: unknown page message type 'mute-state' — tolerated (typed, not dropped)
dtrh-loopback: GET /dtrh/shared/… -> 200 (page:payload)
dtrh-loopback: GET /dtrh/shared/… -> 200 (page:payload)
dtrh-loopback: GET /dtrh/shared/… -> 200 (page:payload)
dtrh-loopback: GET /dtrh/engine/… -> 200 (page:payload)
dtrh-loopback: GET /dtrh/engine/… -> 200 (page:payload)
dtrh: ready received — flushing init+manifest
dtrh-loopback: GET /dtrh/engine/… -> 200 (page:payload)
dtrh-loopback: GET /dtrh/engine/… -> 200 (page:payload)
dtrh-loopback: GET /dtrh/engine/… -> 200 (page:payload)
dtrh-loopback: GET /dtrh/vendor/… -> 200 (page:payload)
dtrh-loopback: GET /dtrh/engine/… -> 200 (page:payload)
dtrh-loopback: GET /dtrh/engine/… -> 200 (page:payload)
dtrh-loopback: GET /dtrh/engine/… -> 200 (page:payload)
dtrh-loopback: GET /dtrh/engine/… -> 200 (page:payload)
dtrh-loopback: GET /dtrh/engine/… -> 200 (page:payload)
dtrh-loopback: GET /dtrh/engine/… -> 200 (page:payload)
dtrh-loopback: GET /dtrh/engine/… -> 200 (page:payload)
dtrh-loopback: GET /dtrh/engine/… -> 200 (page:payload)
dtrh-loopback: GET /favicon.ico/ -> 404
dtrh-loopback: GET /dtrh/engine/… -> 200 (page:payload)
dtrh-loopback: GET /dtrh/assets/… -> 200 (page:payload)
dtrh-loopback: GET /dtrh/m2test.js/… -> 200 (page:payload)
dtrh-media: manifest — 0 image(s), 0 video(s), 0 skipped
dtrh: loom-list posted (1 spiral(s))
dtrh page log: boot: ready posted, waiting for init + manifest
dtrh: NavigationCompleted success=True (surface embedded)
dtrh page log: M2TEST starting (payloads -> meta commands -> run payout)
dtrh: focus claimed at ready; document.hasFocus()=true
dtrh-loopback: GET /dtrh/assets/… -> 200 (page:payload)
dtrh-loopback: GET /dtrh/assets/… -> 200 (page:payload)
dtrh-loopback: GET /dtrh/assets/… -> 200 (page:payload)
dtrh-loopback: GET /dtrh/assets/… -> 200 (page:payload)
dtrh-loopback: GET /dtrh/assets/… -> 200 (page:payload)
dtrh-loopback: GET /dtrh/assets/… -> 200 (page:payload)
dtrh-loopback: GET /dtrh/assets/… -> 200 (page:payload)
dtrh-loopback: GET /dtrh/assets/… -> 200 (page:payload)
dtrh-loopback: GET /dtrh/assets/… -> 200 (page:payload)
dtrh-loopback: GET /dtrh/assets/… -> 200 (page:payload)
dtrh-loopback: GET /dtrh/assets/… -> 200 (page:payload)
dtrh-loopback: GET /dtrh/assets/… -> 200 (page:payload)
dtrh-loopback: GET /dtrh/assets/… -> 200 (page:payload)
dtrh-loopback: GET /dtrh/vendor/… -> 200 (page:payload)
dtrh-loopback: GET /dtrh/vendor/… -> 200 (page:payload)
dtrh-loopback: GET /dtrh/assets/… -> 200 (page:payload)
dtrh-loopback: GET /dtrh/vendor/… -> 200 (page:payload)
dtrh-loopback: GET /dtrh/vendor/… -> 200 (page:payload)
dtrh-loopback: GET /dtrh/vendor/… -> 200 (page:payload)
dtrh-loopback: GET /dtrh/vendor/… -> 200 (page:payload)
dtrh-loopback: GET /dtrh/vendor/… -> 200 (page:payload)
dtrh-loopback: GET /dtrh/vendor/… -> 200 (page:payload)
dtrh-loopback: GET /dtrh/assets/… -> 206 (page:payload)
dtrh-loopback: GET /dtrh/assets/… -> 200 (page:payload)
dtrh-loopback: GET /dtrh/assets/… -> 200 (page:payload)
dtrh-loopback: GET /dtrh/assets/… -> 200 (page:payload)
dtrh-loopback: GET /dtrh/assets/… -> 200 (page:payload)
dtrh-loopback: GET /dtrh/assets/… -> 200 (page:payload)
dtrh-loopback: GET /dtrh/assets/… -> 200 (page:payload)
dtrh-loopback: GET /dtrh/assets/… -> 200 (page:payload)
dtrh page log: engine live (game mode)
dtrh: ENGINE LIVE
dtrh-loopback: GET /dtrh/assets/… -> 200 (page:payload)
dtrh-loopback: GET /dtrh/assets/… -> 200 (page:payload)
dtrh-loopback: GET /dtrh/assets/… -> 200 (page:payload)
dtrh-loopback: GET /dtrh/assets/… -> 200 (page:payload)
dtrh-loopback: GET /dtrh/assets/… -> 200 (page:payload)
dtrh-loopback: GET /dtrh/assets/… -> 200 (page:payload)
dtrh-loopback: GET /dtrh/assets/… -> 200 (page:payload)
dtrh-loopback: GET /dtrh/assets/… -> 200 (page:payload)
dtrh-loopback: GET /dtrh/assets/… -> 200 (page:payload)
dtrh-loopback: GET /dtrh/assets/… -> 200 (page:payload)
dtrh: heartbeat #1
dtrh: unknown page message type 'haptic-state' — tolerated (typed, not dropped)
dtrh page log: M2TEST pass payloadfx-live in-world dispatcher present
dtrh: unknown page message type 'haptic-state' — tolerated (typed, not dropped)
dtrh: unknown page message type 'haptic-state' — tolerated (typed, not dropped)
dtrh-loopback: GET /dtrh/assets/… -> 200 (page:payload)
dtrh: unknown page message type 'haptic-state' — tolerated (typed, not dropped)
dtrh-loopback: GET /dtrh/assets/… -> 200 (page:payload)
dtrh: unknown page message type 'haptic-state' — tolerated (typed, not dropped)
dtrh-loopback: GET /dtrh/assets/… -> 200 (page:payload)
dtrh: unknown page message type 'haptic-state' — tolerated (typed, not dropped)
dtrh-loopback: GET /dtrh/assets/… -> 200 (page:payload)
dtrh: unknown page message type 'haptic-state' — tolerated (typed, not dropped)
dtrh-fx: whisper playing (sub_bimbo_doll.mp3)
dtrh-fx: fire-payload audio (strength 50, durationMult 1,0 — accepted, non-consumed WPF parity)
dtrh-loopback: GET /dtrh/assets/… -> 200 (page:payload)
dtrh-fx: whisper completed (backend PlaybackEnded)
dtrh: fx-drive injecting 'request-run-hd@16' (raw JSON through the real dispatch path)
dtrh-meta: descent setup persisted (index document, app-global)
dtrh-meta: dealt run config (diff=Easy, dur=7200s, endless=True, scripted=False)
dtrh page log: runcfg: diff=Easy scripted=false runs=0 variants=null draft=true sin=0
dtrh-fx: sfx 'fall_in' — named content gap (WPF chain chaos/fall_in.mp3, ChaosSfx.cs:47 — no chain member in the payload sfx pool); silent no-op
dtrh-fx: sfx 'countdown_tick' — named content gap (WPF chain chaos/countdown_tick.mp3, ChaosSfx.cs:47 — no chain member in the payload sfx pool); silent no-op
dtrh: unknown page message type 'haptic-state' — tolerated (typed, not dropped)
dtrh-fx: sfx 'countdown_tick' — named content gap (WPF chain chaos/countdown_tick.mp3, ChaosSfx.cs:47 — no chain member in the payload sfx pool); silent no-op
dtrh-fx: sfx 'countdown_tick' — named content gap (WPF chain chaos/countdown_tick.mp3, ChaosSfx.cs:47 — no chain member in the payload sfx pool); silent no-op
dtrh: unknown page message type 'haptic-state' — tolerated (typed, not dropped)
dtrh-fx: sfx 'sink' — named content gap (WPF chain chaos/sink.mp3, ChaosSfx.cs:47 — no chain member in the payload sfx pool); silent no-op
dtrh-meta: run started (diff=Easy, mode=dtrh-web)
dtrh-fx: vn-speaking on — SFX stand down
dtrh page log: M2TEST pass payloads-sent 10 kinds in-world (video/htLink manual)
dtrh-meta: op 'purchase-dial' rejected (shape/affordability)
dtrh-meta: unknown op 'buy-pocket' ignored
dtrh-meta: unknown op 'bench-purchase' ignored
dtrh-meta: op 'bench-buy' rejected (shape/affordability)
dtrh-meta: op 'set-flag' rejected (shape/affordability)
dtrh: unknown page message type 'haptic-state' — tolerated (typed, not dropped)
dtrh-meta: op 'spend-gold' rejected (shape/affordability)
dtrh-meta: unknown op 'definitely-not-an-op' ignored
dtrh-meta: crafted the_padlock (x1)
dtrh-meta: crafted the_cage (x1)
dtrh-meta: crafted sugar_cube (x1)
dtrh-meta: op 'set-denial' rejected (shape/affordability)
dtrh: unknown page message type 'haptic-state' — tolerated (typed, not dropped)
dtrh-meta: op 'consume-crafted' rejected (shape/affordability)
dtrh: auto-close firing
dtrh: graceful exit — end-run posted to the page; bounded exit-done wait armed (1200ms, WPF :880)
dtrh-fx: vn-speaking off — mix released
dtrh: exit-done received — closing (graceful fast path)
dtrh-fx: teardown complete
dtrh: flow ended — shutting down the lifetime
app: Exit — teardown begin
dtrh: participant stop begin
dtrh: participant stop end
app: teardown end
[0811/233001.672:ERROR:ui\gfx\win\window_impl.cc:172] Failed to unregister class Chrome_WidgetWin_0. Error = 1412
