M-a  CAUGHT  the dial's clamp
M-b  CAUGHT  the +/-20% jitter
M-c  SURVIVED  the sixty-second floor
M-d  CAUGHT  the ten-per-hour ceiling (the video module's twenty)
M-e  CAUGHT  Easy's base rate
M-f  CAUGHT  Hard's base rate
M-g  CAUGHT  the three-bubble floor
M-h  CAUGHT  the target's +/-20%
M-k  CAUGHT  the below-half-target clause
M-l  CAUGHT  the 0.7 probability clause
M-n  CAUGHT  the target cap on spawning
M-o  CAUGHT  the 1500 ms lead-in
M-p  SURVIVED  the bubble's END of life
M-q  SURVIVED  both ends of a bubble's life
M-r  CAUGHT  the paint itself
M-t  SURVIVED  the left clamp into the picture
M-u  CAUGHT  the reused jitter roll
M-v  SURVIVED  Recompute's own fallback
M-w  CAUGHT  Opening's re-derivation
M-x  CAUGHT  the horizontal placement
M-y  SURVIVED  the lifetime's random span
M-z  SURVIVED  the pop fade
M-aa  CAUGHT  the digits-only rule
M-ab  CAUGHT  Enter as the submit key
M-ac  CAUGHT  the submit key's code
M-af  CAUGHT  the exhausted ending
M-ag  CAUGHT  the hint's direction
M-ak  CAUGHT  the correct answer
M-aq  CAUGHT  the safety end
M-at  CAUGHT  abandoning a clip that showed no bubble
M-az  CAUGHT  the dot's MOTION clause
M-ba  CAUGHT  the dot's DEMAND clause
M-be  CAUGHT  the of-MINE qualifier on the clip
M-bf  CAUGHT  the of-MINE qualifier on the card
M-bg  CAUGHT  the two-channel refusal codes
M-bh  CAUGHT  the empty-pool Degraded
M-bi  SURVIVED  the module's own pacing
M-bl  CAUGHT  telling the painter about the clip
M-bm  CAUGHT  painting the FIRST picture
M-bn  CAUGHT  painting every later picture
M-bo  CAUGHT  the one-pixel floor
M-bp  SURVIVED  picking the PRIMARY display
M-bq  CAUGHT  the centring
M-br  CAUGHT  the frozen-picture sentence
M-bs  CAUGHT  the keyboard-elsewhere sentence
M-bu  CAUGHT  quoting the input capability at all
M-bv  CAUGHT  the difficulty's fall-through default
M-bw  CAUGHT  the document's own clamp

caught=39 survived=9 not-patched=27 total=75
elapsed=1222s

tree restored byte-identically (git status --porcelain client/src is empty)
