SP-112 mutation sweep — 2026-08-19T14:23:13.384Z
filter: FullyQualifiedName~BubbleCountModuleTests|FullyQualifiedName~BubbleCountCapabilityTests|FullyQualifiedName~StudioSurfaceNoticeTests|FullyQualifiedName~VideoSurfacePresenterTests|FullyQualifiedName~MandatoryVideoModuleTests|FullyQualifiedName~LockCardModuleTests|FullyQualifiedName~SecondEffectSpineTests|FullyQualifiedName~ContinuousEffectSpineTests|FullyQualifiedName~AudioModuleSpineTests

M-a  CAUGHT  the dial's clamp
M-b  CAUGHT  the +/-20% jitter
M-c  SURVIVED  the sixty-second floor
M-d  CAUGHT  the ten-per-hour ceiling (the video module's twenty)
M-e  CAUGHT  Easy's base rate
M-f  CAUGHT  Hard's base rate
M-g  CAUGHT  the three-bubble floor
M-h  CAUGHT  the target's +/-20%
M-i  NOT-PATCHED  the 30 s fallback in Target  (needle no longer matches BubbleCountGame.cs)
M-j  NOT-PATCHED  the 0.7 spacing factor  (needle no longer matches BubbleCountGame.cs)
M-k  CAUGHT  the below-half-target clause
M-l  CAUGHT  the 0.7 probability clause
M-m  NOT-PATCHED  the unconditional lead-in spawn  (needle no longer matches BubbleCountGame.cs)
M-n  CAUGHT  the target cap on spawning
M-o  CAUGHT  the 1500 ms lead-in
M-p  SURVIVED  the bubble's END of life
M-q  SURVIVED  both ends of a bubble's life
M-r  CAUGHT  the paint itself
M-s  NOT-PATCHED  the sub-pixel guard  (needle no longer matches BubbleCountGame.cs)
M-t  SURVIVED  the left clamp into the picture
M-u  CAUGHT  the reused jitter roll
M-v  SURVIVED  Recompute's own fallback
M-w  CAUGHT  Opening's re-derivation
M-x  CAUGHT  the horizontal placement
M-y  SURVIVED  the lifetime's random span
M-z  SURVIVED  the pop fade
M-aa  CAUGHT  the digits-only rule
M-ab  CAUGHT  Enter as the submit key
M-ac  CAUGHT  the submit key's code
M-ad  NOT-PATCHED  an empty Enter costing nothing  (needle no longer matches BubbleCountAnswer.cs)
M-ae  NOT-PATCHED  the attempt counter  (needle no longer matches BubbleCountAnswer.cs)
M-af  CAUGHT  the exhausted ending
M-ag  CAUGHT  the hint's direction
M-ah  NOT-PATCHED  backspace editing  (needle no longer matches BubbleCountAnswer.cs)
M-ai  NOT-PATCHED  Escape ending the card  (needle no longer matches BubbleCountAnswer.cs)
M-aj  NOT-PATCHED  the folded feedback line  (needle no longer matches BubbleCountAnswer.cs)
M-ak  CAUGHT  the correct answer
M-al  NOT-PATCHED  Compose's already-showing guard  (needle no longer matches BubbleCountEffect.cs)
M-am  NOT-PATCHED  Compose's already-prompting guard  (needle no longer matches BubbleCountEffect.cs)
M-an  NOT-PATCHED  Compose's display guard  (needle no longer matches BubbleCountEffect.cs)
M-ao  NOT-PATCHED  Compose's desktop guard  (needle no longer matches BubbleCountEffect.cs)
M-ap  NOT-PATCHED  the refused clip's resolution  (needle no longer matches BubbleCountEffect.cs)
M-aq  CAUGHT  the safety end
M-ar  NOT-PATCHED  cancelling the safety on a clean end  (needle no longer matches BubbleCountEffect.cs)
M-as  NOT-PATCHED  abandoning a clip the surface stopped holding  (needle no longer matches BubbleCountEffect.cs)
M-at  CAUGHT  abandoning a clip that showed no bubble
M-au  NOT-PATCHED  standing down rather than stealing another card  (needle no longer matches BubbleCountEffect.cs)
M-av  NOT-PATCHED  the load-bearing dismiss on a refusal  (needle no longer matches BubbleCountEffect.cs)
M-aw  NOT-PATCHED  the keystroke identity guard  (needle no longer matches BubbleCountEffect.cs)
M-ax  NOT-PATCHED  the guarded End on disarm  (needle no longer matches BubbleCountEffect.cs)
M-ay  NOT-PATCHED  the guarded Dismiss on disarm  (needle no longer matches BubbleCountEffect.cs)
M-az  CAUGHT  the dot's MOTION clause
M-ba  CAUGHT  the dot's DEMAND clause
M-bb  NOT-PATCHED  the dot's display channel  (needle no longer matches BubbleCountEffect.cs)
M-bc  NOT-PATCHED  the dot's desktop channel  (needle no longer matches BubbleCountEffect.cs)
M-bd  NOT-PATCHED  the dot's CLOCK clause  (needle no longer matches BubbleCountEffect.cs)
M-be  CAUGHT  the of-MINE qualifier on the clip
M-bf  CAUGHT  the of-MINE qualifier on the card
M-bg  CAUGHT  the two-channel refusal codes
M-bh  CAUGHT  the empty-pool Degraded
M-bi  SURVIVED  the module's own pacing
M-bj  NOT-PATCHED  the re-pace from the END of a game  (needle no longer matches BubbleCountEffect.cs)
M-bk  NOT-PATCHED  the already-playing refusal  (needle no longer matches VideoSurfacePresenter.cs)
M-bl  CAUGHT  telling the painter about the clip
M-bm  CAUGHT  painting the FIRST picture
M-bn  CAUGHT  painting every later picture
M-bo  CAUGHT  the one-pixel floor
M-bp  SURVIVED  picking the PRIMARY display
M-bq  CAUGHT  the centring
M-br  CAUGHT  the frozen-picture sentence
M-bs  CAUGHT  the keyboard-elsewhere sentence
M-bt  NOT-PATCHED  abandoned not being reported as failed  (needle no longer matches BubbleCountPanelNotices.cs)
M-bu  CAUGHT  quoting the input capability at all
M-bv  CAUGHT  the difficulty's fall-through default
M-bw  CAUGHT  the document's own clamp

caught=39 survived=9 not-patched=27 total=75
elapsed=1222s
