data-root override active: CCP_DATA_ROOT -> C:\Code\Conditioning-Control-Panel---CSharp-WPF\.worktrees\spine-20260812T053518\lane-1\spine-tasks\SP-057-profile-isolation-seam\evidence\override-root (HARNESS-ONLY isolation seam, SP-057)
dtrh: payload root 'C:\Code\Conditioning-Control-Panel---CSharp-WPF\.worktrees\spine-20260812T053518\lane-1\client\src\CcpClient.Desktop\bin\Debug\net10.0\payload\dtrh' -> Present (1542 files)
dtrh-loopback: page+media origins bound on 127.0.0.1 (ephemeral)
layout-probe: card 488.0x77.1 DIP @ scale 1.75 @ screen 348,442
dtrh: quick start — reusing slot 1 (picker skipped by design)
dtrh-slots: live save is now slot 1
dtrh: descending into slot 1
dtrh: host window opening on slot 1
dtrh: M2 TEST MODE — meta engine runs the declared fixture in memory, the real save is never touched (HARNESS-ONLY, SP-057)
dtrh: meta engine bound to slot 1 (TEST clone)
dtrh-audio: 1 render endpoint(s): Speakers (Realtek(R) Audio) (default)
dtrh-audio: playback device up (requested default)
dtrh: native effects up (SFX pool 8/drop, voice, vmem video, freeze)
dtrh: bark pipeline SKIPPED (m2 test mode — no routing, no persistence; WPF _testMode parity)
dtrh: WebView2 UserDataFolder set; autoplay-policy=no-user-gesture-required
dtrh: navigating embedded surface (page index.html)
dtrh: auto-close armed at 80s
dtrh: AdapterCreated info='DetailedWebViewAdapterInfo { Type = WebView2, Engine = Blink, Version = 151.0.4129.72, IsSupported = True, IsInstalled = True, UnavailableReason = , SupportedScenarios = NativeControlHost }'
dtrh: native ProcessFailed signal ATTACHED (W17 immediate route, WebView2 slot-25 subscription)
dtrh-loopback: GET /dtrh/index.html/… -> 200 (page:payload)
dtrh-loopback: GET /dtrh/boot.js/… -> 200 (page:payload)
dtrh-loopback: GET /dtrh/styles.css/… -> 200 (page:payload)
dtrh-loopback: GET /dtrh/bridge.js/… -> 200 (page:overlay)
dtrh-loopback: GET /dtrh/shared/… -> 200 (page:payload)
dtrh-loopback: GET /dtrh/modContent.js/… -> 200 (page:payload)
dtrh-loopback: GET /dtrh/shared/… -> 200 (page:payload)
dtrh-loopback: GET /dtrh/hostMedia.js/… -> 200 (page:payload)
dtrh-loopback: GET /dtrh/game/… -> 200 (page:payload)
dtrh-loopback: GET /dtrh/engine/… -> 200 (page:payload)
dtrh-loopback: GET /dtrh/game/… -> 200 (page:payload)
dtrh-loopback: GET /dtrh/game/… -> 200 (page:payload)
dtrh-loopback: GET /dtrh/game/… -> 200 (page:payload)
dtrh-loopback: GET /dtrh/game/… -> 200 (page:payload)
dtrh-loopback: GET /dtrh/game/… -> 200 (page:payload)
dtrh-loopback: GET /dtrh/game/… -> 200 (page:payload)
dtrh-loopback: GET /dtrh/game/… -> 200 (page:payload)
dtrh-loopback: GET /dtrh/game/… -> 200 (page:payload)
dtrh-loopback: GET /dtrh/engine/… -> 200 (page:payload)
dtrh-loopback: GET /dtrh/engine/… -> 200 (page:payload)
dtrh-loopback: GET /dtrh/game/… -> 200 (page:payload)
dtrh-loopback: GET /dtrh/game/… -> 200 (page:payload)
dtrh-loopback: GET /dtrh/game/… -> 200 (page:payload)
dtrh-loopback: GET /dtrh/game/… -> 200 (page:payload)
dtrh-loopback: GET /dtrh/game/… -> 200 (page:payload)
dtrh-loopback: GET /dtrh/game/… -> 200 (page:payload)
dtrh-loopback: GET /dtrh/game/… -> 200 (page:payload)
dtrh-loopback: GET /dtrh/engine/… -> 200 (page:payload)
dtrh-loopback: GET /dtrh/game/… -> 200 (page:payload)
dtrh-loopback: GET /dtrh/game/… -> 200 (page:payload)
dtrh-loopback: GET /dtrh/game/… -> 200 (page:payload)
dtrh-loopback: GET /dtrh/game/… -> 200 (page:payload)
dtrh-loopback: GET /dtrh/game/… -> 200 (page:payload)
dtrh-loopback: GET /dtrh/game/… -> 200 (page:payload)
dtrh-loopback: GET /dtrh/assets/… -> 200 (page:payload)
dtrh-loopback: GET /dtrh/engine/… -> 200 (page:payload)
dtrh-loopback: GET /dtrh/shared/… -> 200 (page:payload)
dtrh-loopback: GET /dtrh/game/… -> 200 (page:payload)
dtrh-loopback: GET /dtrh/game/… -> 200 (page:payload)
dtrh-loopback: GET /dtrh/game/… -> 200 (page:payload)
dtrh-loopback: GET /dtrh/assets/… -> 200 (page:payload)
dtrh-loopback: GET /dtrh/game/… -> 200 (page:payload)
dtrh-loopback: GET /dtrh/game/… -> 200 (page:payload)
dtrh-loopback: GET /dtrh/shared/… -> 200 (page:payload)
dtrh-loopback: GET /dtrh/shared/… -> 200 (page:payload)
dtrh-loopback: GET /dtrh/engine/… -> 200 (page:payload)
dtrh: unknown page message type 'mute-state' — tolerated (typed, not dropped)
dtrh-loopback: GET /dtrh/shared/… -> 200 (page:payload)
dtrh-loopback: GET /dtrh/shared/… -> 200 (page:payload)
dtrh-loopback: GET /dtrh/shared/… -> 200 (page:payload)
dtrh-loopback: GET /dtrh/engine/… -> 200 (page:payload)
dtrh-loopback: GET /dtrh/engine/… -> 200 (page:payload)
dtrh: ready received — flushing init+manifest
dtrh-loopback: GET /dtrh/engine/… -> 200 (page:payload)
dtrh-loopback: GET /dtrh/engine/… -> 200 (page:payload)
dtrh-loopback: GET /dtrh/engine/… -> 200 (page:payload)
dtrh-loopback: GET /dtrh/vendor/… -> 200 (page:payload)
dtrh-loopback: GET /dtrh/engine/… -> 200 (page:payload)
dtrh-loopback: GET /dtrh/engine/… -> 200 (page:payload)
dtrh-loopback: GET /dtrh/engine/… -> 200 (page:payload)
dtrh-loopback: GET /dtrh/engine/… -> 200 (page:payload)
dtrh-loopback: GET /dtrh/engine/… -> 200 (page:payload)
dtrh-loopback: GET /dtrh/engine/… -> 200 (page:payload)
dtrh-loopback: GET /dtrh/engine/… -> 200 (page:payload)
dtrh-loopback: GET /dtrh/engine/… -> 200 (page:payload)
dtrh-loopback: GET /dtrh/engine/… -> 200 (page:payload)
dtrh-loopback: GET /favicon.ico/ -> 404
dtrh-loopback: GET /dtrh/assets/… -> 200 (page:payload)
dtrh-loopback: GET /dtrh/m2test.js/… -> 200 (page:payload)
dtrh-media: manifest — 0 image(s), 0 video(s), 0 skipped
dtrh: loom-list posted (0 spiral(s))
dtrh page log: boot: ready posted, waiting for init + manifest
dtrh: NavigationCompleted success=True (surface embedded)
dtrh page log: M2TEST starting (payloads -> meta commands -> run payout)
dtrh: focus claimed at ready; document.hasFocus()=true
dtrh-loopback: GET /dtrh/assets/… -> 200 (page:payload)
dtrh-loopback: GET /dtrh/assets/… -> 200 (page:payload)
dtrh-loopback: GET /dtrh/assets/… -> 200 (page:payload)
dtrh-loopback: GET /dtrh/assets/… -> 200 (page:payload)
dtrh-loopback: GET /dtrh/assets/… -> 200 (page:payload)
dtrh-loopback: GET /dtrh/assets/… -> 200 (page:payload)
dtrh-loopback: GET /dtrh/assets/… -> 200 (page:payload)
dtrh-loopback: GET /dtrh/assets/… -> 200 (page:payload)
dtrh-loopback: GET /dtrh/assets/… -> 200 (page:payload)
dtrh-loopback: GET /dtrh/assets/… -> 200 (page:payload)
dtrh-loopback: GET /dtrh/assets/… -> 200 (page:payload)
dtrh-loopback: GET /dtrh/assets/… -> 200 (page:payload)
dtrh-loopback: GET /dtrh/vendor/… -> 200 (page:payload)
dtrh-loopback: GET /dtrh/assets/… -> 200 (page:payload)
dtrh-loopback: GET /dtrh/vendor/… -> 200 (page:payload)
dtrh-loopback: GET /dtrh/vendor/… -> 200 (page:payload)
dtrh-loopback: GET /dtrh/assets/… -> 200 (page:payload)
dtrh-loopback: GET /dtrh/vendor/… -> 200 (page:payload)
dtrh-loopback: GET /dtrh/vendor/… -> 200 (page:payload)
dtrh-loopback: GET /dtrh/vendor/… -> 200 (page:payload)
dtrh-loopback: GET /dtrh/vendor/… -> 200 (page:payload)
dtrh-loopback: GET /dtrh/vendor/… -> 200 (page:payload)
dtrh-loopback: GET /dtrh/assets/… -> 206 (page:payload)
dtrh-loopback: GET /dtrh/assets/… -> 200 (page:payload)
dtrh-loopback: GET /dtrh/assets/… -> 200 (page:payload)
dtrh-loopback: GET /dtrh/assets/… -> 200 (page:payload)
dtrh-loopback: GET /dtrh/assets/… -> 200 (page:payload)
dtrh-loopback: GET /dtrh/assets/… -> 200 (page:payload)
dtrh-loopback: GET /dtrh/assets/… -> 200 (page:payload)
dtrh-loopback: GET /dtrh/assets/… -> 200 (page:payload)
dtrh-meta: SP057-DIAG op 'set-num' applied -> rev 1
dtrh page log: cheshire: self-heal, existing save -> ARC_DONE
dtrh-fx: vn-speaking on — SFX stand down
dtrh-meta: SP057-DIAG op 'map-set' applied -> rev 2
dtrh-meta: SP057-DIAG op 'add-to-set' applied -> rev 3
dtrh page log: reveal pending: dollhouse (hub_open)
dtrh-meta: SP057-DIAG op 'add-to-set' applied -> rev 4
dtrh page log: reveal pending: toybox_toys (hub_open)
dtrh-meta: SP057-DIAG op 'add-to-set' applied -> rev 5
dtrh page log: reveal pending: toybox_accessories (hub_open)
dtrh-meta: SP057-DIAG op 'add-to-set' applied -> rev 6
dtrh page log: reveal pending: pill_teasing (hub_open)
dtrh-meta: SP057-DIAG op 'add-to-set' applied -> rev 7
dtrh page log: reveal pending: draft_skip (hub_open)
dtrh-meta: SP057-DIAG op 'add-to-set' applied -> rev 8
dtrh page log: reveal pending: variant_video (hub_open)
dtrh-meta: SP057-DIAG op 'add-to-set' applied -> rev 9
dtrh page log: reveal pending: variant_htlink (hub_open)
dtrh-meta: SP057-DIAG op 'remove-from-set' applied -> rev 10
dtrh-meta: SP057-DIAG op 'add-to-set' applied -> rev 11
dtrh-meta: SP057-DIAG op 'remove-from-set' applied -> rev 12
dtrh-meta: SP057-DIAG op 'add-to-set' applied -> rev 13
dtrh-meta: SP057-DIAG op 'remove-from-set' applied -> rev 14
dtrh-meta: SP057-DIAG op 'add-to-set' applied -> rev 15
dtrh-meta: SP057-DIAG op 'remove-from-set' applied -> rev 16
dtrh-meta: SP057-DIAG op 'add-to-set' applied -> rev 17
dtrh-meta: SP057-DIAG op 'remove-from-set' applied -> rev 18
dtrh-meta: SP057-DIAG op 'add-to-set' applied -> rev 19
dtrh-meta: SP057-DIAG op 'remove-from-set' applied -> rev 20
dtrh-meta: SP057-DIAG op 'add-to-set' applied -> rev 21
dtrh-meta: SP057-DIAG op 'remove-from-set' applied -> rev 22
dtrh-meta: SP057-DIAG op 'add-to-set' applied -> rev 23
dtrh: bark 'reveal-flash' not routed (no pipeline — m2 test mode or init skipped; typed, not dropped)
dtrh page log: engine live (game mode)
dtrh: ENGINE LIVE
dtrh-loopback: GET /dtrh/assets/… -> 200 (page:payload)
dtrh-loopback: GET /dtrh/assets/… -> 200 (page:payload)
dtrh-loopback: GET /dtrh/assets/… -> 200 (page:payload)
dtrh-loopback: GET /dtrh/assets/… -> 200 (page:payload)
dtrh-loopback: GET /dtrh/assets/… -> 200 (page:payload)
dtrh-loopback: GET /dtrh/assets/… -> 200 (page:payload)
dtrh-loopback: GET /dtrh/assets/… -> 200 (page:payload)
dtrh-loopback: GET /dtrh/assets/… -> 200 (page:payload)
dtrh-loopback: GET /dtrh/assets/… -> 200 (page:payload)
dtrh-loopback: GET /dtrh/assets/… -> 200 (page:payload)
dtrh-fx: sfx 'reveal_chime' skipped — VN owns the mix
dtrh-fx: sfx 'reveal_chime' skipped — VN owns the mix
dtrh: unknown page message type 'haptic-state' — tolerated (typed, not dropped)
dtrh: heartbeat #1
dtrh-loopback: GET /dtrh/assets/… -> 206 (page:payload)
dtrh page log: M2TEST pass payloadfx-live in-world dispatcher present
dtrh: unknown page message type 'haptic-state' — tolerated (typed, not dropped)
dtrh: unknown page message type 'haptic-state' — tolerated (typed, not dropped)
dtrh-loopback: GET /dtrh/assets/… -> 200 (page:payload)
dtrh: unknown page message type 'haptic-state' — tolerated (typed, not dropped)
dtrh-fx: vn-speaking off — mix released
dtrh-loopback: GET /dtrh/assets/… -> 200 (page:payload)
dtrh: unknown page message type 'haptic-state' — tolerated (typed, not dropped)
dtrh: unknown page message type 'haptic-state' — tolerated (typed, not dropped)
dtrh-loopback: GET /dtrh/assets/… -> 200 (page:payload)
dtrh-loopback: GET /dtrh/assets/… -> 200 (page:payload)
dtrh: unknown page message type 'haptic-state' — tolerated (typed, not dropped)
dtrh-fx: whisper playing (sub_good_girl.mp3)
dtrh-fx: fire-payload audio (strength 50, durationMult 1,0 — accepted, non-consumed WPF parity)
dtrh-loopback: GET /dtrh/assets/… -> 200 (page:payload)
dtrh-fx: whisper completed (backend PlaybackEnded)
dtrh: unknown page message type 'haptic-state' — tolerated (typed, not dropped)
dtrh: unknown page message type 'haptic-state' — tolerated (typed, not dropped)
dtrh page log: M2TEST pass payloads-sent 10 kinds in-world (video/htLink manual)
dtrh-meta: SP057-DIAG op 'add-gold' applied -> rev 24
dtrh-fx: vn-speaking on — SFX stand down
dtrh-meta: SP057-DIAG op 'map-set' applied -> rev 25
dtrh-loopback: GET /dtrh/assets/… -> 200 (page:payload)
dtrh-loopback: GET /dtrh/assets/… -> 206 (page:payload)
dtrh-meta: SP057-DIAG op 'spend-gold' applied -> rev 26
dtrh-meta: SP057-DIAG op 'purchase-dial' applied -> rev 27
dtrh-meta: op 'purchase-dial' rejected (shape/affordability)
dtrh-meta: unknown op 'buy-pocket' ignored
dtrh-meta: unknown op 'bench-purchase' ignored
dtrh-meta: op 'bench-buy' rejected (shape/affordability)
dtrh-meta: SP057-DIAG op 'set-flag' applied -> rev 28
dtrh-meta: SP057-DIAG op 'add-to-set' applied -> rev 29
dtrh: unknown page message type 'haptic-state' — tolerated (typed, not dropped)
dtrh-meta: SP057-DIAG op 'lesson-progress' applied -> rev 30
dtrh-meta: SP057-DIAG op 'set-num' applied -> rev 31
dtrh-meta: SP057-DIAG op 'equip-boon' applied -> rev 32
dtrh-meta: op 'spend-gold' rejected (shape/affordability)
dtrh-meta: unknown op 'definitely-not-an-op' ignored
dtrh-meta: SP057-DIAG op 'material-add' applied -> rev 33
dtrh-meta: SP057-DIAG op 'material-add' applied -> rev 34
dtrh-meta: SP057-DIAG op 'material-add' applied -> rev 35
dtrh-meta: crafted the_padlock (x1)
dtrh-meta: SP057-DIAG op 'craft' applied -> rev 36
dtrh-meta: crafted the_cage (x1)
dtrh-meta: SP057-DIAG op 'craft' applied -> rev 37
dtrh-meta: crafted sugar_cube (x1)
dtrh-meta: SP057-DIAG op 'craft' applied -> rev 38
dtrh-meta: SP057-DIAG op 'pin-boon' applied -> rev 39
dtrh-meta: SP057-DIAG op 'set-denial' applied -> rev 40
dtrh-meta: op 'set-denial' rejected (shape/affordability)
dtrh-meta: SP057-DIAG op 'consume-crafted' applied -> rev 41
dtrh-meta: op 'consume-crafted' rejected (shape/affordability)
dtrh: unknown page message type 'haptic-state' — tolerated (typed, not dropped)
dtrh-meta: SP057-DIAG op 'add-to-set' applied -> rev 42
dtrh page log: M2TEST FAIL meta-commands rev +19 (expected 18; dial=true flag=true rank=true)
dtrh page log: M2TEST pass meta-state gold=5/5 dial=true flag=true boon=m2test_boon
dtrh page log: M2TEST pass crafting-p2-state pin=m2test_pin denial=true cubes=0/0
dtrh page log: M2TEST pass paperwall-sketch sketches=1
dtrh-fx: vn-speaking off — mix released
dtrh-meta: run started (diff=Gentle, mode=m2test)
dtrh-meta: run complete — base 750 x 1,0 = 750 XP, 204 sparks (TEST, dry run)
dtrh page log: payout: base=750 final=750 sparks=204 (dry)
dtrh: unknown page message type 'haptic-state' — tolerated (typed, not dropped)
dtrh page log: M2TEST pass payout-xp-cap baseXp=750
dtrh page log: M2TEST pass payout-sparks sparks=204 dryRun=true
dtrh page log: M2TEST DONE: FAILURES PRESENT (7/8)
dtrh page log: M2TEST-SUMMARY FAIL
dtrh: unknown page message type 'haptic-state' — tolerated (typed, not dropped)
dtrh: unknown page message type 'haptic-state' — tolerated (typed, not dropped)
dtrh: unknown page message type 'haptic-state' — tolerated (typed, not dropped)
dtrh: unknown page message type 'haptic-state' — tolerated (typed, not dropped)
dtrh: heartbeat #16
dtrh: unknown page message type 'haptic-state' — tolerated (typed, not dropped)
dtrh: unknown page message type 'haptic-state' — tolerated (typed, not dropped)
dtrh: unknown page message type 'haptic-state' — tolerated (typed, not dropped)
dtrh: unknown page message type 'haptic-state' — tolerated (typed, not dropped)
dtrh: unknown page message type 'haptic-state' — tolerated (typed, not dropped)
dtrh: unknown page message type 'haptic-state' — tolerated (typed, not dropped)
dtrh: unknown page message type 'haptic-state' — tolerated (typed, not dropped)
dtrh: unknown page message type 'haptic-state' — tolerated (typed, not dropped)
dtrh: unknown page message type 'haptic-state' — tolerated (typed, not dropped)
dtrh: unknown page message type 'haptic-state' — tolerated (typed, not dropped)
dtrh: unknown page message type 'haptic-state' — tolerated (typed, not dropped)
dtrh: unknown page message type 'haptic-state' — tolerated (typed, not dropped)
dtrh: unknown page message type 'haptic-state' — tolerated (typed, not dropped)
dtrh: unknown page message type 'haptic-state' — tolerated (typed, not dropped)
dtrh: unknown page message type 'haptic-state' — tolerated (typed, not dropped)
dtrh: heartbeat #31
dtrh: unknown page message type 'haptic-state' — tolerated (typed, not dropped)
dtrh: unknown page message type 'haptic-state' — tolerated (typed, not dropped)
dtrh: unknown page message type 'haptic-state' — tolerated (typed, not dropped)
dtrh: unknown page message type 'haptic-state' — tolerated (typed, not dropped)
dtrh: unknown page message type 'haptic-state' — tolerated (typed, not dropped)
dtrh: unknown page message type 'haptic-state' — tolerated (typed, not dropped)
dtrh: unknown page message type 'haptic-state' — tolerated (typed, not dropped)
dtrh: unknown page message type 'haptic-state' — tolerated (typed, not dropped)
dtrh: auto-close firing
dtrh: graceful exit — end-run posted to the page; bounded exit-done wait armed (1200ms, WPF :880)
dtrh: exit-done received — closing (graceful fast path)
dtrh-fx: teardown complete
dtrh: flow ended — shutting down the lifetime
app: Exit — teardown begin
dtrh: participant stop begin
dtrh: participant stop end
app: teardown end
[0812/152851.118:ERROR:ui\gfx\win\window_impl.cc:172] Failed to unregister class Chrome_WidgetWin_0. Error = 1412
