data-root override active: CCP_DATA_ROOT -> C:\Code\Conditioning-Control-Panel---CSharp-WPF\.worktrees\spine-20260812T072253\lane-1\spine-tasks\SP-058-graded-intake-v67-delta\evidence\override-root (HARNESS-ONLY isolation seam, SP-057)
dtrh: payload root 'C:\Code\Conditioning-Control-Panel---CSharp-WPF\.worktrees\spine-20260812T072253\lane-1\client\src\CcpClient.Desktop\bin\Debug\net10.0\payload\dtrh' -> Present (1542 files)
dtrh-loopback: page+media origins bound on 127.0.0.1 (ephemeral)
layout-probe: card 488.0x77.1 DIP @ scale 1.75 @ screen 304,398
intake: payload root 'C:\Code\Conditioning-Control-Panel---CSharp-WPF\.worktrees\spine-20260812T072253\lane-1\client\src\CcpClient.Desktop\bin\Debug\net10.0\payload\intake' -> Present (2138 files)
dtrh-loopback: page+media origins bound on 127.0.0.1 (ephemeral)
intake: subject id minted (local fiction — never transmitted)
intake: dashboard ducked (minimized; prior state recorded)
intake: WebView2 UserDataFolder set (browser_data_intake parity); autoplay-policy=no-user-gesture-required
intake: navigating embedded surface
intake: drive armed (HARNESS-ONLY): serve-probe:core/accents.js@14;serve-probe:core/accents-missing.js@17;quiz-result:topmarks@22;exit@44
intake: auto-close armed at 100s
intake: AdapterCreated info='DetailedWebViewAdapterInfo { Type = WebView2, Engine = Blink, Version = 151.0.4129.72, IsSupported = True, IsInstalled = True, UnavailableReason = , SupportedScenarios = NativeControlHost }'
intake: native ProcessFailed signal ATTACHED (W17 immediate route)
dtrh-loopback: GET /dtrh/index.html/… -> 200 (page:overlay)
dtrh-loopback: GET /dtrh/styles.css/… -> 200 (page:overlay)
dtrh-loopback: GET /dtrh/boot.js/… -> 200 (page:overlay)
dtrh-loopback: GET /dtrh/web-shim.js/… -> 200 (page:overlay)
dtrh-loopback: GET /dtrh/core/… -> 200 (page:overlay)
dtrh-loopback: GET /dtrh/core/… -> 200 (page:overlay)
dtrh-loopback: GET /dtrh/core/… -> 200 (page:overlay)
dtrh-loopback: GET /dtrh/core/… -> 200 (page:overlay)
dtrh-loopback: GET /dtrh/ui/… -> 200 (page:overlay)
dtrh-loopback: GET /dtrh/core/… -> 200 (page:overlay)
dtrh-loopback: GET /dtrh/core/… -> 200 (page:overlay)
dtrh-loopback: GET /dtrh/core/… -> 200 (page:overlay)
dtrh-loopback: GET /favicon.ico/ -> 404
intake: ready received — flushing init
dtrh-media: manifest — 0 image(s), 0 video(s), 0 skipped
intake: init sent (niche bambi [seam default + bank clamp]; mic consent-gated OFF; ai EMPTY-token local stub [WPF logged-out parity]; media null (empty pool); subject id local-only)
intake page log: boot: ready posted
intake: NavigationCompleted success=True (surface embedded)
dtrh-loopback: GET /dtrh/core/… -> 200 (page:overlay)
intake page log: boot: niche=bambi hosted=true endless=false
dtrh-loopback: GET /dtrh/core/… -> 200 (page:overlay)
dtrh-loopback: GET /dtrh/render/… -> 200 (page:overlay)
dtrh-loopback: GET /dtrh/render/… -> 200 (page:overlay)
dtrh-loopback: GET /dtrh/render/… -> 200 (page:overlay)
dtrh-loopback: GET /dtrh/render/… -> 200 (page:overlay)
dtrh-loopback: GET /dtrh/ui/… -> 200 (page:overlay)
dtrh-loopback: GET /dtrh/core/… -> 200 (page:overlay)
dtrh-loopback: GET /dtrh/render/… -> 200 (page:overlay)
dtrh-loopback: GET /dtrh/game/… -> 200 (page:payload)
dtrh-loopback: GET /dtrh/game/… -> 200 (page:payload)
dtrh-loopback: GET /dtrh/render/… -> 200 (page:overlay)
dtrh-loopback: GET /dtrh/render/… -> 200 (page:overlay)
dtrh-loopback: GET /dtrh/banks/… -> 200 (page:overlay)
intake page log: bank bambi: 650 prompts, 5 archetypes
dtrh-loopback: GET /dtrh/render/… -> 200 (page:overlay)
dtrh-loopback: GET /dtrh/vendor/… -> 200 (page:payload)
dtrh-loopback: GET /dtrh/render/… -> 200 (page:overlay)
dtrh-loopback: GET /dtrh/ui/… -> 200 (page:overlay)
dtrh-loopback: GET /dtrh/render/… -> 200 (page:overlay)
dtrh-loopback: GET /dtrh/ui/… -> 200 (page:overlay)
dtrh-loopback: GET /dtrh/ui/… -> 200 (page:overlay)
dtrh-loopback: GET /dtrh/render/… -> 200 (page:overlay)
dtrh-loopback: GET /dtrh/render/… -> 200 (page:overlay)
dtrh-loopback: GET /dtrh/render/… -> 200 (page:overlay)
dtrh-loopback: GET /dtrh/ui/… -> 200 (page:overlay)
dtrh-loopback: GET /dtrh/render/… -> 200 (page:overlay)
dtrh-loopback: GET /dtrh/ui/… -> 200 (page:overlay)
dtrh-loopback: GET /dtrh/assets/… -> 206 (page:overlay)
dtrh-loopback: GET /dtrh/assets/… -> 200 (page:overlay)
dtrh-loopback: GET /dtrh/assets/… -> 200 (page:overlay)
dtrh-loopback: GET /dtrh/assets/… -> 200 (page:overlay)
dtrh-loopback: GET /dtrh/assets/… -> 206 (page:overlay)
intake: heartbeat #1
dtrh-loopback: GET /dtrh/core/… -> 200 (page:overlay)
intake: serve-probe GET /dtrh/core/accents.js -> 200 (13580 bytes, sha256 855A8CE6FEFB…) — resolved by the RUNNING host through the §4 serving contract (HARNESS-ONLY)
dtrh-loopback: GET /dtrh/core/… -> 404
intake: serve-probe GET /dtrh/core/accents-missing.js -> 404 (9 bytes, sha256 907BA78B4545…) — resolved by the RUNNING host through the §4 serving contract (HARNESS-ONLY)
intake: drive injecting 'quiz-result:topmarks' (raw JSON through the real dispatch path)
intake: completion XP computed, not granted (58; no XP store — typed seam)
intake: graded verdict — top-marks True (90% of max; category bambi; mantra credit x1) — achievement/quest raises are typed seams (no gamification/quest subsystem)
intake-pass: Spent for this ISO week (completion-spend, :172-181)
intake: draft sunk (Hard, runnable:false; collision-suffixed path)
intake: session drafted (Hard, profile A1-A5 scored, runnable:false — never-runnable typed)
intake-punch: new card opened, first hole on the house (:139-148)
intake-punch: intake completed, stamp pending (1 pending)
intake: heartbeat #16
intake: drive injecting 'exit' (raw JSON through the real dispatch path)
intake: exit received — page winding down; bounded exit-done wait armed (1200ms)
intake: exit-done wait elapsed (1200ms) — watchdog-FORCED close (page wedged mid-shutdown)
intake: dashboard restored (Normal)
intake: participant stop
intake: flow ended — shutting down the lifetime
app: Exit — teardown begin
dtrh: participant stop begin
dtrh: participant stop end
app: teardown end
[0812/171230.501:ERROR:ui\gfx\win\window_impl.cc:172] Failed to unregister class Chrome_WidgetWin_0. Error = 1412
